This is pdfTeX, Version 3.141592653-2.6-1.40.29 (TeX Live 2026/Arch Linux) (preloaded format=pdflatex 2026.3.7)  18 MAR 2026 12:27
entering extended mode
 restricted \write18 enabled.
 %&-line parsing enabled.
**refman
(./refman.tex
LaTeX2e <2025-11-01>
L3 programming layer <2026-01-19>
(/usr/share/texmf-dist/tex/generic/iftex/iftex.sty
Package: iftex 2024/12/12 v1.0g TeX engine tests
)
(/usr/share/texmf-dist/tex/latex/base/book.cls
Document Class: book 2025/01/22 v1.4n Standard LaTeX document class
(/usr/share/texmf-dist/tex/latex/base/bk10.clo
File: bk10.clo 2025/01/22 v1.4n Standard LaTeX file (size option)
)
\c@part=\count275
\c@chapter=\count276
\c@section=\count277
\c@subsection=\count278
\c@subsubsection=\count279
\c@paragraph=\count280
\c@subparagraph=\count281
\c@figure=\count282
\c@table=\count283
\abovecaptionskip=\skip49
\belowcaptionskip=\skip50
\bibindent=\dimen148
)
(/usr/share/texmf-dist/tex/generic/infwarerr/infwarerr.sty
package info suppressed
) (./doxygen.sty
Package: doxygen 

(/usr/share/texmf-dist/tex/latex/base/alltt.sty
Package: alltt 2024/07/07 v2.0g defines alltt environment
)
(/usr/share/texmf-dist/tex/latex/tools/array.sty
Package: array 2025/09/25 v2.6n Tabular extension package (FMi)
\col@sep=\dimen149
\ar@mcellbox=\box53
\extrarowheight=\dimen150
\NC@list=\toks17
\extratabsurround=\skip51
\backup@length=\skip52
\ar@cellbox=\box54
)
(/usr/share/texmf-dist/tex/latex/tools/calc.sty
Package: calc 2025/03/01 v4.3b Infix arithmetic (KKT,FJ)
\calc@Acount=\count284
\calc@Bcount=\count285
\calc@Adimen=\dimen151
\calc@Bdimen=\dimen152
\calc@Askip=\skip53
\calc@Bskip=\skip54
LaTeX Info: Redefining \setlength on input line 86.
LaTeX Info: Redefining \addtolength on input line 87.
\calc@Ccount=\count286
\calc@Cskip=\skip55
)
(/usr/share/texmf-dist/tex/latex/float/float.sty
Package: float 2001/11/08 v1.3d Float enhancements (AL)
\c@float@type=\count287
\float@exts=\toks18
\float@box=\box55
\@float@everytoks=\toks19
\@floatcapt=\box56
)
(/usr/share/texmf-dist/tex/latex/base/ifthen.sty
Package: ifthen 2024/03/16 v1.1e Standard LaTeX ifthen package (DPC)
)
(/usr/share/texmf-dist/tex/latex/tools/verbatim.sty
Package: verbatim 2024-01-22 v1.5x LaTeX2e package for verbatim enhancements
\every@verbatim=\toks20
\verbatim@line=\toks21
\verbatim@in@stream=\read2
)
(/usr/share/texmf-dist/tex/latex/varwidth/varwidth.sty
Package: varwidth 2009/03/30 ver 0.92;  Variable-width minipages
\@vwid@box=\box57
\sift@deathcycles=\count288
\@vwid@loff=\dimen153
\@vwid@roff=\dimen154
)
==> First Aid for varwidth.sty applied!
(/usr/share/texmf-dist/tex/latex/xcolor/xcolor.sty
Package: xcolor 2024/09/29 v3.02 LaTeX color extensions (UK)

(/usr/share/texmf-dist/tex/latex/graphics-cfg/color.cfg
File: color.cfg 2016/01/02 v1.6 sample color configuration
)
Package xcolor Info: Driver file: pdftex.def on input line 274.

(/usr/share/texmf-dist/tex/latex/graphics-def/pdftex.def
File: pdftex.def 2025/09/29 v1.2d Graphics/color driver for pdftex
)
(/usr/share/texmf-dist/tex/latex/graphics/mathcolor.ltx)
Package xcolor Info: Model `cmy' substituted by `cmy0' on input line 1349.
Package xcolor Info: Model `hsb' substituted by `rgb' on input line 1353.
Package xcolor Info: Model `RGB' extended on input line 1365.
Package xcolor Info: Model `HTML' substituted by `rgb' on input line 1367.
Package xcolor Info: Model `Hsb' substituted by `hsb' on input line 1368.
Package xcolor Info: Model `tHsb' substituted by `hsb' on input line 1369.
Package xcolor Info: Model `HSB' substituted by `hsb' on input line 1370.
Package xcolor Info: Model `Gray' substituted by `gray' on input line 1371.
Package xcolor Info: Model `wave' substituted by `hsb' on input line 1372.
)
(/usr/share/texmf-dist/tex/latex/colortbl/colortbl.sty
Package: colortbl 2024/10/29 v1.0k Color table columns (DPC)
\everycr=\toks22
\minrowclearance=\skip56
\rownum=\count289
)
(/usr/share/texmf-dist/tex/latex/tools/longtable.sty
Package: longtable 2025-10-13 v4.24 Multi-page Table package (DPC)
\LTleft=\skip57
\LTright=\skip58
\LTpre=\skip59
\LTpost=\skip60
\LTchunksize=\count290
\LTcapwidth=\dimen155
\LT@head=\box58
\LT@firsthead=\box59
\LT@foot=\box60
\LT@lastfoot=\box61
\LT@gbox=\box62
\LT@cols=\count291
\LT@rows=\count292
\c@LT@tables=\count293
\c@LT@chunks=\count294
\LT@p@ftn=\toks23
)
(/usr/share/texmf-dist/tex/latex/xltabular/xltabular.sty
Package: xltabular 2025/02/28 v0.2i `xltabular' package (hv,RN)

(/usr/share/texmf-dist/tex/latex/tools/tabularx.sty
Package: tabularx 2023/12/11 v2.12a `tabularx' package (DPC)
\TX@col@width=\dimen156
\TX@old@table=\dimen157
\TX@old@col=\dimen158
\TX@target=\dimen159
\TX@delta=\dimen160
\TX@cols=\count295
\TX@ftn=\toks24
)
(/usr/share/texmf-dist/tex/latex/etoolbox/etoolbox.sty
Package: etoolbox 2025/10/02 v2.5m e-TeX tools for LaTeX (JAW)
\etb@tempcnta=\count296
)
(/usr/share/texmf-dist/tex/latex/ltablex/ltablex.sty
Package: ltablex 2014/08/13 v1.1 Modified tabularx
))
(/usr/share/texmf-dist/tex/latex/tabularray/tabularray.sty
Package: tabularray 2025-11-27 v2025C Typeset tabulars and arrays with LaTeX3

(/usr/share/texmf-dist/tex/latex/ninecolors/ninecolors.sty
Package: ninecolors 2022-02-13 v2022D Select colors with proper color contrast

(/usr/share/texmf-dist/tex/latex/l3packages/xparse/xparse.sty
(/usr/share/texmf-dist/tex/latex/l3kernel/expl3.sty
Package: expl3 2026-01-19 L3 programming layer (loader) 

(/usr/share/texmf-dist/tex/latex/l3backend/l3backend-pdftex.def
File: l3backend-pdftex.def 2025-10-09 L3 backend support: PDF output (pdfTeX)
\l__color_backend_stack_int=\count297
))
Package: xparse 2025-10-09 L3 Experimental document command parser
))
\g__tblr_nohyper_int=\count298
\l__tblr_a_int=\count299
\l__tblr_c_int=\count300
\l__tblr_r_int=\count301
\l__tblr_d_dim=\dimen161
\l__tblr_h_dim=\dimen162
\l__tblr_o_dim=\dimen163
\l__tblr_p_dim=\dimen164
\l__tblr_q_dim=\dimen165
\l__tblr_r_dim=\dimen166
\l__tblr_s_dim=\dimen167
\l__tblr_t_dim=\dimen168
\l__tblr_v_dim=\dimen169
\l__tblr_w_dim=\dimen170
\l__tblr_a_box=\box63
\l__tblr_b_box=\box64
\l__tblr_c_box=\box65
\l__tblr_d_box=\box66
\c@tblrcount=\count302
\c@colnum=\count303
\c@rowcount=\count304
\c@colcount=\count305
\abovesep=\dimen171
\belowsep=\dimen172
\leftsep=\dimen173
\rightsep=\dimen174
\gTblrLevelInt=\count306
\g__tblr_data_row_key_count_int=\count307
\g__tblr_data_column_key_count_int=\count308
\g__tblr_data_cell_key_count_int=\count309
\g__tblr_array_int=\count310
\l__tblr_key_count_int=\count311
\l__tblr_key_quotient_int=\count312
\l__tblr_key_quotient_two_int=\count313
\l__tblr_key_remainder_int=\count314
\g__tblr_data_str_value_count_int=\count315
\lTblrChildTotalInt=\count316
\lTblrChildHtotalInt=\count317
\lTblrChildVtotalInt=\count318
\l__child_diff_h_int=\count319
\l__child_diff_v_int=\count320
\l__child_sign_h_int=\count321
\l__child_sign_v_int=\count322
\l__child_step_int=\count323
\lTblrDefaultHruleWidthDim=\dimen175
\lTblrDefaultVruleWidthDim=\dimen176
\l__tblr_split_balance_int=\count324
\l__tblr_strut_dp_dim=\dimen177
\l__tblr_strut_ht_dim=\dimen178
\g__tblr_cell_wd_dim=\dimen179
\g__tblr_cell_ht_dim=\dimen180
\g__tblr_cell_head_dim=\dimen181
\g__tblr_cell_foot_dim=\dimen182
\l__tblr_measured_cell_box=\box67
\g__tblr_last_box=\box68
\l__tblr_temp_box=\box69
\l__tblr_column_target_dim=\dimen183
\l__tblr_hfuzz_dim=\dimen184
\l__tblr_caption_box=\box70
\l__tblr_caption_left_box=\box71
\lTblrRowHeadInt=\count325
\lTblrRowFootInt=\count326
\l__tblr_row_head_box=\box72
\l__tblr_row_foot_box=\box73
\l__tblr_row_head_foot_dim=\dimen185
\lTblrTableWidthDim=\dimen186
\l__tblr_table_firsthead_box=\box74
\l__tblr_table_middlehead_box=\box75
\l__tblr_table_lasthead_box=\box76
\l__tblr_table_firstfoot_box=\box77
\l__tblr_table_middlefoot_box=\box78
\l__tblr_table_lastfoot_box=\box79
\l__tblr_remain_height_dim=\dimen187
\l__tblr_next_rows_dim=\dimen188
\l__tblr_page_overfill_dim=\dimen189
\l__tblr_long_from_int=\count327
\l__tblr_long_to_int=\count328
\l__tblr_curr_i_int=\count329
\l__tblr_prev_i_int=\count330
\lTblrTablePageInt=\count331
\l__tblr_table_head_box=\box80
\l__tblr_table_foot_box=\box81
\l__tblr_table_head_foot_dim=\dimen190
\l__tblr_table_head_body_foot_dim=\dimen191
\l__tblr_table_box=\box82
\lTblrRowFirstInt=\count332
\lTblrRowLastInt=\count333
\l__tblr_cover_box_a_dim=\dimen192
\l__tblr_cover_box_b_dim=\dimen193
\l__tblr_table_hlines_box=\box83
\l__tblr_hline_box=\box84
\l__tblr_row_box=\box85
\l__tblr_col_o_wd_dim=\dimen194
\l__tblr_col_b_wd_dim=\dimen195
\l__tblr_hline_leftskip_dim=\dimen196
\l__tblr_hline_rightskip_dim=\dimen197
\l__tblr_row_ht_dim=\dimen198
\l__tblr_row_dp_dim=\dimen199
\l__tblr_row_abovesep_dim=\dimen256
\l__tblr_row_belowsep_dim=\dimen257
\l__tblr_row_vlines_box=\box86
\l__tblr_vline_box=\box87
\l__tblr_cell_box=\box88
\l__tblr_row_upper_dim=\dimen258
\l__tblr_row_lower_dim=\dimen259
\l__tblr_row_vpace_dim=\dimen260
\l__tblr_vline_aboveskip_dim=\dimen261
\l__tblr_vline_belowskip_dim=\dimen262
\lTblrCellRowSpanInt=\count334
\lTblrCellColSpanInt=\count335
\l__tblr_cell_wd_dim=\dimen263
\l__tblr_cell_ht_dim=\dimen264
\lTblrCellAboveBorderWidthDim=\dimen265
\lTblrCellBelowBorderWidthDim=\dimen266
\lTblrCellLeftBorderWidthDim=\dimen267
\lTblrCellRightBorderWidthDim=\dimen268
\l__tblr_diag_box=\box89
\l__tblr_cell_inner_wd_dim=\dimen269
\l__tblr_cell_inner_dp_dim=\dimen270
\l__tblr_cell_hanchor_dim=\dimen271
\l__tblr_last_cell_table_ht_dim=\dimen272
\l__tblr_last_cell_table_dp_dim=\dimen273
\l__tblr_last_vline_wd_dim=\dimen274
\l__tblr_tikz_node_box=\box90
)
\g__doxy_nohyper_int=\count336
\doxytablewidth=\dimen275

(/usr/share/texmf-dist/tex/latex/fancyvrb/fancyvrb.sty
Package: fancyvrb 2025/07/28 4.6 verbatim text (tvz,hv)

(/usr/share/texmf-dist/tex/latex/graphics/keyval.sty
Package: keyval 2022/05/29 v1.15 key=value parser (DPC)
\KV@toks@=\toks25
)
\FV@CodeLineNo=\count337
\FV@InFile=\read3
\FV@TabBox=\box91
\c@FancyVerbLine=\count338
\FV@StepNumber=\count339
\FV@OutFile=\write3
)
(/usr/share/texmf-dist/tex/latex/tools/multicol.sty
Package: multicol 2025/10/21 v2.0b multicolumn formatting (FMi)
\c@tracingmulticols=\count340
\mult@box=\box92
\multicol@leftmargin=\dimen276
\c@unbalance=\count341
\c@collectmore=\count342
\doublecol@number=\count343
\multicoltolerance=\count344
\multicolpretolerance=\count345
\full@width=\dimen277
\page@free=\dimen278
\premulticols=\dimen279
\postmulticols=\dimen280
\multicolsep=\skip61
\multicolbaselineskip=\skip62
\partial@page=\box93
\last@line=\box94
\mc@boxedresult=\box95
\maxbalancingoverflow=\dimen281
\mult@rightbox=\box96
\mult@grightbox=\box97
\mult@firstbox=\box98
\mult@gfirstbox=\box99
\@tempa=\box100
\@tempa=\box101
\@tempa=\box102
\@tempa=\box103
\@tempa=\box104
\@tempa=\box105
\@tempa=\box106
\@tempa=\box107
\@tempa=\box108
\@tempa=\box109
\@tempa=\box110
\@tempa=\box111
\@tempa=\box112
\@tempa=\box113
\@tempa=\box114
\@tempa=\box115
\@tempa=\box116
\@tempa=\box117
\@tempa=\box118
\@tempa=\box119
\@tempa=\box120
\@tempa=\box121
\@tempa=\box122
\@tempa=\box123
\@tempa=\box124
\@tempa=\box125
\@tempa=\box126
\@tempa=\box127
\@tempa=\box128
\@tempa=\box129
\@tempa=\box130
\@tempa=\box131
\@tempa=\box132
\@tempa=\box133
\@tempa=\box134
\@tempa=\box135
\c@minrows=\count346
\c@columnbadness=\count347
\c@finalcolumnbadness=\count348
\last@try=\dimen282
\multicolovershoot=\dimen283
\multicolundershoot=\dimen284
\mult@nat@firstbox=\box136
\colbreak@box=\box137
\mc@col@check@num=\count349
\g__mc_curr_col_int=\count350
)
(/usr/share/texmf-dist/tex/latex/multirow/multirow.sty
Package: multirow 2024/11/12 v2.9 Span multiple rows of a table
\multirow@colwidth=\skip63
\multirow@cntb=\count351
\multirow@dima=\skip64
\bigstrutjot=\dimen285
)
(/usr/share/texmf-dist/tex/latex/hanging/hanging.sty
Package: hanging 2009/09/02 v1.2b hanging paragraphs and punctuation
\h@ngcommawd=\skip65
\h@ngfstopwd=\skip66
\h@ngquotewd=\skip67
\h@ngdquotewd=\skip68
\h@ngquerywd=\skip69
\h@ngexclwd=\skip70
\h@ngcolonwd=\skip71
\h@ngscolonwd=\skip72
)
(/usr/share/texmf-dist/tex/generic/iftex/ifpdf.sty
Package: ifpdf 2019/10/25 v3.4 ifpdf legacy package. Use iftex instead.
)
(/usr/share/texmf-dist/tex/latex/adjustbox/adjustbox.sty
Package: adjustbox 2025/02/26 v1.3c Adjusting TeX boxes (trim, clip, ...)

(/usr/share/texmf-dist/tex/latex/xkeyval/xkeyval.sty
Package: xkeyval 2025/11/04 v2.10 package option processing (HA)

(/usr/share/texmf-dist/tex/generic/xkeyval/xkeyval.tex
(/usr/share/texmf-dist/tex/generic/xkeyval/xkvutils.tex
\XKV@toks=\toks26
\XKV@tempa@toks=\toks27
\XKV@tempb@toks=\toks28
)
\XKV@depth=\count352
File: xkeyval.tex 2014/12/03 v2.7a key=value parser (HA)
))
(/usr/share/texmf-dist/tex/latex/adjustbox/adjcalc.sty
Package: adjcalc 2012/05/16 v1.1 Provides advanced setlength with multiple back
-ends (calc, etex, pgfmath)
)
(/usr/share/texmf-dist/tex/latex/adjustbox/trimclip.sty
Package: trimclip 2025/02/21 v1.2a Trim and clip general TeX material

(/usr/share/texmf-dist/tex/latex/graphics/graphicx.sty
Package: graphicx 2024/12/31 v1.2e Enhanced LaTeX Graphics (DPC,SPQR)

(/usr/share/texmf-dist/tex/latex/graphics/graphics.sty
Package: graphics 2024/08/06 v1.4g Standard LaTeX Graphics (DPC,SPQR)

(/usr/share/texmf-dist/tex/latex/graphics/trig.sty
Package: trig 2023/12/02 v1.11 sin cos tan (DPC)
)
(/usr/share/texmf-dist/tex/latex/graphics-cfg/graphics.cfg
File: graphics.cfg 2016/06/04 v1.11 sample graphics configuration
)
Package graphics Info: Driver file: pdftex.def on input line 106.
)
\Gin@req@height=\dimen286
\Gin@req@width=\dimen287
)
(/usr/share/texmf-dist/tex/latex/collectbox/collectbox.sty
Package: collectbox 2022/10/17 v0.4c Collect macro arguments as boxes
\collectedbox=\box138
)
\tc@llx=\dimen288
\tc@lly=\dimen289
\tc@urx=\dimen290
\tc@ury=\dimen291
Package trimclip Info: Using driver 'tc-pdftex.def'.

(/usr/share/texmf-dist/tex/latex/adjustbox/tc-pdftex.def
File: tc-pdftex.def 2025/02/26 v2.3 Clipping driver for pdftex
))
\adjbox@Width=\dimen292
\adjbox@Height=\dimen293
\adjbox@Depth=\dimen294
\adjbox@Totalheight=\dimen295
\adjbox@pwidth=\dimen296
\adjbox@pheight=\dimen297
\adjbox@pdepth=\dimen298
\adjbox@ptotalheight=\dimen299

(/usr/share/texmf-dist/tex/latex/ifoddpage/ifoddpage.sty
Package: ifoddpage 2022/10/18 v1.2 Conditionals for odd/even page detection
\c@checkoddpage=\count353
))
(/usr/share/texmf-dist/tex/latex/amsfonts/amssymb.sty
Package: amssymb 2013/01/14 v3.01 AMS font symbols

(/usr/share/texmf-dist/tex/latex/amsfonts/amsfonts.sty
Package: amsfonts 2013/01/14 v3.01 Basic AMSFonts support
\@emptytoks=\toks29
\symAMSa=\mathgroup4
\symAMSb=\mathgroup5
LaTeX Font Info:    Redeclaring math symbol \hbar on input line 98.
LaTeX Font Info:    Overwriting math alphabet `\mathfrak' in version `bold'
(Font)                  U/euf/m/n --> U/euf/b/n on input line 106.
))
(/usr/share/texmf-dist/tex/latex/stackengine/stackengine.sty
Package: stackengine 2021/07/22 v4.11\ Stacking text and objects in convenient 
ways

(/usr/share/texmf-dist/tex/generic/listofitems/listofitems.sty
(/usr/share/texmf-dist/tex/generic/listofitems/listofitems.tex
\loi_cnt_foreach_nest=\count354
\loi_nestcnt=\count355
)
Package: listofitems 2024/03/09 v1.65 Grab items in lists using user-specified 
sep char (CT)
)
\c@@stackindex=\count356
\@boxshift=\skip73
\stack@tmplength=\skip74
\temp@stkl=\skip75
\@stackedboxwidth=\skip76
\@addedbox=\box139
\@anchorbox=\box140
\@insetbox=\box141
\se@backgroundbox=\box142
\stackedbox=\box143
\@centerbox=\box144
\c@ROWcellindex@=\count357
)
(/usr/share/texmf-dist/tex/latex/enumitem/enumitem.sty
Package: enumitem 2025/02/06 v3.11 Customized lists
\labelindent=\skip77
\enit@outerparindent=\dimen300
\enit@toks=\toks30
\enit@inbox=\box145
\enit@count@id=\count358
\enitdp@description=\count359
)
(/usr/share/texmf-dist/tex/generic/alphalph/alphalph.sty
Package: alphalph 2019/12/09 v2.6 Convert numbers to letters (HO)

(/usr/share/texmf-dist/tex/generic/intcalc/intcalc.sty
Package: intcalc 2019/12/15 v1.3 Expandable calculations with integers (HO)
))
(/usr/share/texmf-dist/tex/generic/ulem/ulem.sty
\UL@box=\box146
\UL@hyphenbox=\box147
\UL@skip=\skip78
\UL@hook=\toks31
\UL@height=\dimen301
\UL@pe=\count360
\UL@pixel=\dimen302
\ULC@box=\box148
Package: ulem 2019/11/18
\ULdepth=\dimen303
)
\xrefbox=\box149
\xreflength=\skip79
\CodeWidthChar=\skip80
\CodeHeightChar=\skip81
\DoxyCodeWidth=\skip82
\ttcharwidth=\skip83
\c@DoxyEnumeratei=\count361
\c@DoxyEnumerateii=\count362
\c@DoxyEnumerateiii=\count363
\c@DoxyEnumerateiv=\count364
\c@DoxyEnumeratev=\count365
\c@DoxyEnumeratevi=\count366
\c@DoxyEnumeratevii=\count367
\c@DoxyEnumerateviii=\count368
\c@DoxyEnumerateix=\count369
\c@DoxyEnumeratex=\count370
\c@DoxyEnumeratexi=\count371
\c@DoxyEnumeratexii=\count372
\enitdp@DoxyEnumerate=\count373
\enitdp@DoxyItemize=\count374
\doxymboxbox=\box150
\doxymboxlength=\skip84
\c@subsubsubsection=\count375
\c@subsubsubsubsection=\count376
\c@subsubsubsubsubsection=\count377
\c@subsubsubsubsubsubsection=\count378
)
(/usr/share/texmf-dist/tex/latex/base/inputenc.sty
Package: inputenc 2024/02/08 v1.3d Input encoding file
\inpenc@prehook=\toks32
\inpenc@posthook=\toks33
)
(/usr/share/texmf-dist/tex/latex/base/makeidx.sty
Package: makeidx 2021/10/04 v1.0m Standard LaTeX package
)
(/usr/share/texmf-dist/tex/latex/base/textcomp.sty
Package: textcomp 2024/04/24 v2.1b Standard LaTeX package
)
(/usr/share/texmf-dist/tex/latex/wasysym/wasysym.sty
Package: wasysym 2020/01/19 v2.4 Wasy-2 symbol support package
\symwasy=\mathgroup6
LaTeX Font Info:    Overwriting symbol font `wasy' in version `bold'
(Font)                  U/wasy/m/n --> U/wasy/b/n on input line 93.
)
(/usr/share/texmf-dist/tex/generic/iftex/ifxetex.sty
Package: ifxetex 2019/10/25 v0.7 ifxetex legacy package. Use iftex instead.
)
(/usr/share/texmf-dist/tex/latex/base/fontenc.sty
Package: fontenc 2025/07/18 v2.1d Standard LaTeX package
)
(/usr/share/texmf-dist/tex/latex/psnfss/helvet.sty
Package: helvet 2020/03/25 PSNFSS-v9.3 (WaS) 
)
(/usr/share/texmf-dist/tex/latex/psnfss/courier.sty
Package: courier 2020/03/25 PSNFSS-v9.3 (WaS) 
)
(/usr/share/texmf-dist/tex/latex/geometry/geometry.sty
Package: geometry 2020/01/02 v5.9 Page Geometry

(/usr/share/texmf-dist/tex/generic/iftex/ifvtex.sty
Package: ifvtex 2019/10/25 v1.7 ifvtex legacy package. Use iftex instead.
)
\Gm@cnth=\count379
\Gm@cntv=\count380
\c@Gm@tempcnt=\count381
\Gm@bindingoffset=\dimen304
\Gm@wd@mp=\dimen305
\Gm@odd@mp=\dimen306
\Gm@even@mp=\dimen307
\Gm@layoutwidth=\dimen308
\Gm@layoutheight=\dimen309
\Gm@layouthoffset=\dimen310
\Gm@layoutvoffset=\dimen311
\Gm@dimlist=\toks34
)
(/usr/share/texmf-dist/tex/latex/changepage/changepage.sty
Package: changepage 2009/10/20 v1.0c check page and change page layout
\c@cp@cntr=\count382
\cp@tempcnt=\count383
LaTeX Info: Redefining \checkoddpage on input line 59.
)
(/usr/share/texmf-dist/tex/latex/fancyhdr/fancyhdr.sty
Package: fancyhdr 2025/02/07 v5.2 Extensive control of page headers and footers

\f@nch@headwidth=\skip85
\f@nch@offset@elh=\skip86
\f@nch@offset@erh=\skip87
\f@nch@offset@olh=\skip88
\f@nch@offset@orh=\skip89
\f@nch@offset@elf=\skip90
\f@nch@offset@erf=\skip91
\f@nch@offset@olf=\skip92
\f@nch@offset@orf=\skip93
\f@nch@height=\skip94
\f@nch@footalignment=\skip95
\f@nch@widthL=\skip96
\f@nch@widthC=\skip97
\f@nch@widthR=\skip98
\@temptokenb=\toks35
)
(/usr/share/texmf-dist/tex/latex/natbib/natbib.sty
Package: natbib 2010/09/13 8.31b (PWD, AO)
\bibhang=\skip99
\bibsep=\skip100
LaTeX Info: Redefining \cite on input line 694.
\c@NAT@ctr=\count384
)
(/usr/share/texmf-dist/tex/latex/tocloft/tocloft.sty
Package: tocloft 2017/08/31 v2.3i parameterised ToC, etc., typesetting
Package tocloft Info: The document has chapter divisions on input line 51.
\cftparskip=\skip101
\cftbeforetoctitleskip=\skip102
\cftaftertoctitleskip=\skip103
\cftbeforepartskip=\skip104
\cftpartnumwidth=\skip105
\cftpartindent=\skip106
\cftbeforechapskip=\skip107
\cftchapindent=\skip108
\cftchapnumwidth=\skip109
\cftbeforesecskip=\skip110
\cftsecindent=\skip111
\cftsecnumwidth=\skip112
\cftbeforesubsecskip=\skip113
\cftsubsecindent=\skip114
\cftsubsecnumwidth=\skip115
\cftbeforesubsubsecskip=\skip116
\cftsubsubsecindent=\skip117
\cftsubsubsecnumwidth=\skip118
\cftbeforeparaskip=\skip119
\cftparaindent=\skip120
\cftparanumwidth=\skip121
\cftbeforesubparaskip=\skip122
\cftsubparaindent=\skip123
\cftsubparanumwidth=\skip124
\cftbeforeloftitleskip=\skip125
\cftafterloftitleskip=\skip126
\cftbeforefigskip=\skip127
\cftfigindent=\skip128
\cftfignumwidth=\skip129
\c@lofdepth=\count385
\c@lotdepth=\count386
\cftbeforelottitleskip=\skip130
\cftafterlottitleskip=\skip131
\cftbeforetabskip=\skip132
\cfttabindent=\skip133
\cfttabnumwidth=\skip134
)
\@indexfile=\write4
\openout4 = `refman.idx'.


Writing index file refman.idx
(/usr/share/texmf-dist/tex/latex/newunicodechar/newunicodechar.sty
Package: newunicodechar 2018/04/08 v1.2 Defining Unicode characters
)
(/usr/share/texmf-dist/tex/latex/hyperref/hyperref.sty
Package: hyperref 2026-01-29 v7.01p Hypertext links for LaTeX

(/usr/share/texmf-dist/tex/latex/kvsetkeys/kvsetkeys.sty
Package: kvsetkeys 2022-10-05 v1.19 Key value parser (HO)
)
(/usr/share/texmf-dist/tex/generic/kvdefinekeys/kvdefinekeys.sty
Package: kvdefinekeys 2019-12-19 v1.6 Define keys (HO)
)
(/usr/share/texmf-dist/tex/generic/pdfescape/pdfescape.sty
Package: pdfescape 2019/12/09 v1.15 Implements pdfTeX's escape features (HO)

(/usr/share/texmf-dist/tex/generic/ltxcmds/ltxcmds.sty
Package: ltxcmds 2023-12-04 v1.26 LaTeX kernel commands for general use (HO)
)
(/usr/share/texmf-dist/tex/generic/pdftexcmds/pdftexcmds.sty
Package: pdftexcmds 2020-06-27 v0.33 Utility functions of pdfTeX for LuaTeX (HO
)
Package pdftexcmds Info: \pdf@primitive is available.
Package pdftexcmds Info: \pdf@ifprimitive is available.
Package pdftexcmds Info: \pdfdraftmode found.
))
(/usr/share/texmf-dist/tex/latex/hycolor/hycolor.sty
Package: hycolor 2020-01-27 v1.10 Color options for hyperref/bookmark (HO)
)
(/usr/share/texmf-dist/tex/latex/hyperref/nameref.sty
Package: nameref 2026-01-29 v2.58 Cross-referencing by name of section

(/usr/share/texmf-dist/tex/latex/refcount/refcount.sty
Package: refcount 2019/12/15 v3.6 Data extraction from label references (HO)
)
(/usr/share/texmf-dist/tex/generic/gettitlestring/gettitlestring.sty
Package: gettitlestring 2019/12/15 v1.6 Cleanup title references (HO)

(/usr/share/texmf-dist/tex/latex/kvoptions/kvoptions.sty
Package: kvoptions 2022-06-15 v3.15 Key value format for package options (HO)
))
\c@section@level=\count387
)
(/usr/share/texmf-dist/tex/generic/stringenc/stringenc.sty
Package: stringenc 2019/11/29 v1.12 Convert strings between diff. encodings (HO
)
)
\@linkdim=\dimen312
\Hy@linkcounter=\count388
\Hy@pagecounter=\count389

(/usr/share/texmf-dist/tex/latex/hyperref/pd1enc.def
File: pd1enc.def 2026-01-29 v7.01p Hyperref: PDFDocEncoding definition (HO)
Now handling font encoding PD1 ...
... no UTF-8 mapping file for font encoding PD1
)
\Hy@SavedSpaceFactor=\count390

(/usr/share/texmf-dist/tex/latex/hyperref/puenc.def
File: puenc.def 2026-01-29 v7.01p Hyperref: PDF Unicode definition (HO)
Now handling font encoding PU ...
... no UTF-8 mapping file for font encoding PU
)
Package hyperref Info: Hyper figures OFF on input line 4201.
Package hyperref Info: Link nesting OFF on input line 4206.
Package hyperref Info: Hyper index ON on input line 4209.
Package hyperref Info: Plain pages OFF on input line 4216.
Package hyperref Info: Backreferencing ON on input line 4219.
Package hyperref Info: Implicit mode ON; LaTeX internals redefined.
Package hyperref Info: Bookmarks ON on input line 4468.

(/usr/share/texmf-dist/tex/latex/hyperref/backref.sty
Package: backref 2025-06-21 v1.45 Bibliographical back referencing

(/usr/share/texmf-dist/tex/latex/rerunfilecheck/rerunfilecheck.sty
Package: rerunfilecheck 2025-06-21 v1.11 Rerun checks for auxiliary files (HO)

(/usr/share/texmf-dist/tex/generic/uniquecounter/uniquecounter.sty
Package: uniquecounter 2019/12/15 v1.4 Provide unlimited unique counter (HO)

(/usr/share/texmf-dist/tex/generic/bigintcalc/bigintcalc.sty
Package: bigintcalc 2019/12/15 v1.5 Expandable calculations on big integers (HO
)
))
Package uniquecounter Info: New unique counter `rerunfilecheck' on input line 2
84.
))
\c@Hy@tempcnt=\count391

(/usr/share/texmf-dist/tex/latex/url/url.sty
\Urlmuskip=\muskip17
Package: url 2013/09/16  ver 3.4  Verb mode for urls, etc.
)
LaTeX Info: Redefining \url on input line 4807.
\XeTeXLinkMargin=\dimen313

(/usr/share/texmf-dist/tex/generic/bitset/bitset.sty
Package: bitset 2019/12/09 v1.3 Handle bit-vector datatype (HO)
)
\Fld@menulength=\count392
\Field@Width=\dimen314
\Fld@charsize=\dimen315
Package hyperref Info: Hyper figures OFF on input line 6084.
Package hyperref Info: Link nesting OFF on input line 6089.
Package hyperref Info: Hyper index ON on input line 6092.
Package hyperref Info: backreferencing ON on input line 6097.
Package hyperref Info: Link coloring OFF on input line 6104.
Package hyperref Info: Link coloring with OCG OFF on input line 6109.
Package hyperref Info: PDF/A mode OFF on input line 6114.
\Hy@abspage=\count393
\c@Item=\count394
\c@Hfootnote=\count395
)
Package hyperref Info: Driver: hpdftex.

(/usr/share/texmf-dist/tex/latex/hyperref/hpdftex.def
File: hpdftex.def 2026-01-29 v7.01p Hyperref driver for pdfTeX
\Fld@listcount=\count396
\c@bookmark@seq@number=\count397
\Hy@SectionHShift=\skip135
)
Package hyperref Info: Option `colorlinks' set `true' on input line 179.
Package hyperref Info: Option `unicode' set `true' on input line 179.

(/usr/share/texmf-dist/tex/latex/caption/caption.sty
Package: caption 2023/08/05 v3.6o Customizing captions (AR)

(/usr/share/texmf-dist/tex/latex/caption/caption3.sty
Package: caption3 2023/07/31 v2.4d caption3 kernel (AR)
\caption@tempdima=\dimen316
\captionmargin=\dimen317
\caption@leftmargin=\dimen318
\caption@rightmargin=\dimen319
\caption@width=\dimen320
\caption@indent=\dimen321
\caption@parindent=\dimen322
\caption@hangindent=\dimen323
Package caption Info: Standard document class detected.
)
\c@caption@flags=\count398
\c@continuedfloat=\count399
Package caption Info: changepage package is loaded.
\caption@adjustwidth@hsize=\dimen324
\caption@adjustwidth@linewidth=\dimen325
Package caption Info: float package is loaded.
Package caption Info: hyperref package is loaded.
Package caption Info: longtable package is loaded.

(/usr/share/texmf-dist/tex/latex/caption/ltcaption.sty
Package: ltcaption 2021/01/08 v1.4c longtable captions (AR)
))
(/usr/share/texmf-dist/tex/latex/etoc/etoc.sty
Package: etoc 2023/10/29 v1.2d Completely customisable TOCs (JFB)
\Etoc@toctoks=\toks36
\c@etoc@tocid=\count400
\etoc@framed@titlebox=\box151
\etoc@framed@contentsbox=\box152
)
LaTeX Font Info:    Trying to load font information for T1+phv on input line 20
1.

(/usr/share/texmf-dist/tex/latex/psnfss/t1phv.fd
File: t1phv.fd 2020/03/25 scalable font definitions for T1/phv.
)
LaTeX Font Info:    Font shape `T1/phv/m/n' will be
(Font)              scaled to size 8.99994pt on input line 201.

No file refman.aux.
\openout1 = `refman.aux'.

LaTeX Font Info:    Checking defaults for OML/cmm/m/it on input line 201.
LaTeX Font Info:    ... okay on input line 201.
LaTeX Font Info:    Checking defaults for OMS/cmsy/m/n on input line 201.
LaTeX Font Info:    ... okay on input line 201.
LaTeX Font Info:    Checking defaults for OT1/cmr/m/n on input line 201.
LaTeX Font Info:    ... okay on input line 201.
LaTeX Font Info:    Checking defaults for T1/cmr/m/n on input line 201.
LaTeX Font Info:    ... okay on input line 201.
LaTeX Font Info:    Checking defaults for TS1/cmr/m/n on input line 201.
LaTeX Font Info:    ... okay on input line 201.
LaTeX Font Info:    Checking defaults for OMX/cmex/m/n on input line 201.
LaTeX Font Info:    ... okay on input line 201.
LaTeX Font Info:    Checking defaults for U/cmr/m/n on input line 201.
LaTeX Font Info:    ... okay on input line 201.
LaTeX Font Info:    Checking defaults for PD1/pdf/m/n on input line 201.
LaTeX Font Info:    ... okay on input line 201.
LaTeX Font Info:    Checking defaults for PU/pdf/m/n on input line 201.
LaTeX Font Info:    ... okay on input line 201.
(/usr/share/texmf-dist/tex/context/base/mkii/supp-pdf.mkii
[Loading MPS to PDF converter (version 2006.09.02).]
\scratchcounter=\count401
\scratchdimen=\dimen326
\scratchbox=\box153
\nofMPsegments=\count402
\nofMParguments=\count403
\everyMPshowfont=\toks37
\MPscratchCnt=\count404
\MPscratchDim=\dimen327
\MPnumerator=\count405
\makeMPintoPDFobject=\count406
\everyMPtoPDFconversion=\toks38
) (/usr/share/texmf-dist/tex/latex/epstopdf-pkg/epstopdf-base.sty
Package: epstopdf-base 2020-01-24 v2.11 Base part for package epstopdf
Package epstopdf-base Info: Redefining graphics rule for `.eps' on input line 4
85.

(/usr/share/texmf-dist/tex/latex/latexconfig/epstopdf-sys.cfg
File: epstopdf-sys.cfg 2010/07/13 v1.3 Configuration of (r)epstopdf for TeX Liv
e
))
*geometry* driver: auto-detecting
*geometry* detected driver: pdftex
*geometry* verbose mode - [ preamble ] result:
* driver: pdftex
* paper: a4paper
* layout: <same size as paper>
* layoutoffset:(h,v)=(0.0pt,0.0pt)
* modes: twoside 
* h-part:(L,W,R)=(71.13188pt, 455.24411pt, 71.13188pt)
* v-part:(T,H,B)=(71.13188pt, 702.78308pt, 71.13188pt)
* \paperwidth=597.50787pt
* \paperheight=845.04684pt
* \textwidth=455.24411pt
* \textheight=702.78308pt
* \oddsidemargin=-1.1381pt
* \evensidemargin=-1.1381pt
* \topmargin=-31.2056pt
* \headheight=12.0pt
* \headsep=18.06749pt
* \topskip=10.0pt
* \footskip=25.29494pt
* \marginparwidth=125.0pt
* \marginparsep=7.0pt
* \columnsep=10.0pt
* \skip\footins=9.0pt plus 4.0pt minus 2.0pt
* \hoffset=0.0pt
* \voffset=0.0pt
* \mag=1000
* \@twocolumnfalse
* \@twosidetrue
* \@mparswitchtrue
* \@reversemarginfalse
* (1in=72.27pt=25.4mm, 1cm=28.453pt)

Package backref Info: ** backref set up for natbib ** on input line 201.
Package hyperref Info: Link coloring ON on input line 201.
\@outlinefile=\write5
\openout5 = `refman.out'.

Package caption Info: Begin \AtBeginDocument code.
Package caption Info: End \AtBeginDocument code.
No file refman.toc.
Package hyperref Info: Option `pageanchor' set `false' on input line 209.
Package hyperref Info: Option `bookmarksnumbered' set `true' on input line 209.

Package hyperref Info: Option `unicode' set `true' on input line 209.
LaTeX Font Info:    Font shape `T1/phv/m/n' will be
(Font)              scaled to size 12.9599pt on input line 214.
LaTeX Font Info:    Font shape `T1/phv/m/n' will be
(Font)              scaled to size 10.79993pt on input line 216.
[1


{/var/lib/texmf/fonts/map/pdftex/updmap/pdftex.map}{/usr/share/texmf-dist/fonts
/enc/dvips/base/8r.enc}] [2

]
\tf@toc=\write6
\openout6 = `refman.toc'.

Package hyperref Info: Option `pageanchor' set `true' on input line 225.
 (./index.tex
Chapter 1.
LaTeX Font Info:    Font shape `T1/phv/m/n' will be
(Font)              scaled to size 18.66588pt on input line 1.
LaTeX Font Info:    Font shape `T1/phv/b/n' will be
(Font)              scaled to size 18.66588pt on input line 1.
LaTeX Font Info:    Font shape `T1/phv/b/n' will be
(Font)              scaled to size 22.39185pt on input line 1.
LaTeX Font Info:    Font shape `T1/phv/m/n' will be
(Font)              scaled to size 6.29996pt on input line 9.
LaTeX Font Info:    Trying to load font information for U+msa on input line 9.
(/usr/share/texmf-dist/tex/latex/amsfonts/umsa.fd
File: umsa.fd 2013/01/14 v3.01 AMS symbols A
)
LaTeX Font Info:    Trying to load font information for U+msb on input line 9.

(/usr/share/texmf-dist/tex/latex/amsfonts/umsb.fd
File: umsb.fd 2013/01/14 v3.01 AMS symbols B
)
LaTeX Font Info:    Trying to load font information for U+wasy on input line 9.


(/usr/share/texmf-dist/tex/latex/wasysym/uwasy.fd
File: uwasy.fd 2020/01/19 v2.4 Wasy-2 symbol font definitions
)
LaTeX Font Info:    Font shape `T1/phv/b/n' will be
(Font)              scaled to size 12.9599pt on input line 11.
LaTeX Font Info:    Trying to load font information for TS1+phv on input line 1
4.

(/usr/share/texmf-dist/tex/latex/psnfss/ts1phv.fd
File: ts1phv.fd 2020/03/25 scalable font definitions for TS1/phv.
)
LaTeX Font Info:    Font shape `TS1/phv/m/n' will be
(Font)              scaled to size 8.99994pt on input line 14.

Underfull \hbox (badness 10000) in paragraph at lines 14--15

 []


Underfull \hbox (badness 10000) in paragraph at lines 16--17

 []


Underfull \hbox (badness 10000) in paragraph at lines 18--19

 []


Underfull \hbox (badness 10000) in paragraph at lines 20--21

 []


Underfull \hbox (badness 10000) in paragraph at lines 22--23

 []

)
LaTeX Font Info:    Font shape `T1/phv/b/n' will be
(Font)              scaled to size 8.99994pt on input line 228.
LaTeX Font Info:    Font shape `T1/phv/b/n' will be
(Font)              scaled to size 6.29996pt on input line 228.
 [1


] [2]
Chapter 2.
(./hierarchy.tex

LaTeX Warning: Reference `structBBox' on page 3 undefined on input line 3.


LaTeX Warning: Reference `structpkd2_1_1BlockHeader' on page 3 undefined on inp
ut line 4.


LaTeX Warning: Reference `classDate' on page 3 undefined on input line 5.


LaTeX Warning: Reference `classDateRange' on page 3 undefined on input line 6.


LaTeX Warning: Reference `structFileHeaderPKD1' on page 3 undefined on input li
ne 7.


LaTeX Warning: Reference `structparticle__tracker_1_1Grid' on page 3 undefined 
on input line 8.


LaTeX Warning: Reference `structstd_1_1hash_3_1_1Date_01_4' on page 3 undefined
 on input line 9.


LaTeX Warning: Reference `structpkd2_1_1Header' on page 3 undefined on input li
ne 10.


LaTeX Warning: Reference `structDateRange_1_1iterator' on page 3 undefined on i
nput line 11.


LaTeX Warning: Reference `structparticle__tracker_1_1LonLatDistanceAdaptor' on 
page 3 undefined on input line 12.


LaTeX Warning: Reference `structMonthData' on page 3 undefined on input line 13
.


LaTeX Warning: Reference `structparticle__tracker_1_1MonthData' on page 3 undef
ined on input line 14.


LaTeX Warning: Reference `structNeighbor' on page 3 undefined on input line 15.



LaTeX Warning: Reference `structparticle__tracker_1_1NeighborWithNeighbors' on 
page 3 undefined on input line 17.


LaTeX Warning: Reference `structparticle__tracker_1_1Neighbor' on page 3 undefi
ned on input line 19.


LaTeX Warning: Reference `structparticle__tracker_1_1NeighborWithNeighbors' on 
page 3 undefined on input line 21.


LaTeX Warning: Reference `structparticle__tracker_1_1NeighborPrime' on page 3 u
ndefined on input line 23.


LaTeX Warning: Reference `classNeighborsData' on page 3 undefined on input line
 24.


LaTeX Warning: Reference `classparticle__tracker_1_1NeighborsData' on page 3 un
defined on input line 25.


LaTeX Warning: Reference `classparticle__tracker_1_1NeighborWithNeighborsData' 
on page 3 undefined on input line 26.


LaTeX Warning: Reference `classparticle__tracker_1_1NetCDFDataLoader' on page 3
 undefined on input line 27.


LaTeX Warning: Reference `classparticle__tracker_1_1NetCDFProcessor' on page 3 
undefined on input line 28.


LaTeX Warning: Reference `structPackedParticle' on page 3 undefined on input li
ne 29.


LaTeX Warning: Reference `structParticle' on page 3 undefined on input line 30.



LaTeX Warning: Reference `structparticle__tracker_1_1Particle' on page 3 undefi
ned on input line 31.


LaTeX Warning: Reference `structParticleState' on page 3 undefined on input lin
e 32.


LaTeX Warning: Reference `structparticle__tracker_1_1PointCloud' on page 3 unde
fined on input line 33.


LaTeX Warning: Reference `structPointCloud' on page 3 undefined on input line 3
4.


LaTeX Warning: Reference `classpkd2_1_1Reader' on page 3 undefined on input lin
e 35.


LaTeX Warning: Reference `structReconGuards' on page 3 undefined on input line 
36.


LaTeX Warning: Reference `structSeedInit' on page 3 undefined on input line 37.



LaTeX Warning: Reference `classparticle__tracker_1_1TimeSpline' on page 3 undef
ined on input line 38.


LaTeX Warning: Reference `classTimeSpline' on page 3 undefined on input line 39
.


LaTeX Warning: Reference `structparticle__tracker_1_1TimeStepData' on page 3 un
defined on input line 40.


LaTeX Warning: Reference `structpkd2_1_1TocEntry' on page 3 undefined on input 
line 41.


LaTeX Warning: Reference `structTrajectory' on page 3 undefined on input line 4
2.


LaTeX Warning: Reference `structparticle__tracker_1_1VariableDerivatives' on pa
ge 3 undefined on input line 43.


LaTeX Warning: Reference `classpkd2_1_1Writer' on page 3 undefined on input lin
e 44.

) [3

] [4

]
Chapter 3.
(./annotated.tex

LaTeX Warning: Reference `structBBox' on page 5 undefined on input line 3.


LaTeX Warning: Reference `structpkd2_1_1BlockHeader' on page 5 undefined on inp
ut line 4.


LaTeX Warning: Reference `classDate' on page 5 undefined on input line 5.


LaTeX Warning: Reference `classDateRange' on page 5 undefined on input line 6.


LaTeX Warning: Reference `structFileHeaderPKD1' on page 5 undefined on input li
ne 7.


LaTeX Warning: Reference `structparticle__tracker_1_1Grid' on page 5 undefined 
on input line 8.


LaTeX Warning: Reference `structstd_1_1hash_3_1_1Date_01_4' on page 5 undefined
 on input line 9.


LaTeX Warning: Reference `structpkd2_1_1Header' on page 5 undefined on input li
ne 10.


LaTeX Warning: Reference `structDateRange_1_1iterator' on page 5 undefined on i
nput line 11.


LaTeX Warning: Reference `structparticle__tracker_1_1LonLatDistanceAdaptor' on 
page 5 undefined on input line 12.


LaTeX Warning: Reference `structMonthData' on page 5 undefined on input line 13
.


LaTeX Warning: Reference `structparticle__tracker_1_1MonthData' on page 5 undef
ined on input line 14.


LaTeX Warning: Reference `structNeighbor' on page 5 undefined on input line 15.



LaTeX Warning: Reference `structparticle__tracker_1_1Neighbor' on page 5 undefi
ned on input line 16.


LaTeX Warning: Reference `structparticle__tracker_1_1NeighborPrime' on page 5 u
ndefined on input line 17.


LaTeX Warning: Reference `classNeighborsData' on page 5 undefined on input line
 18.


LaTeX Warning: Reference `classparticle__tracker_1_1NeighborsData' on page 5 un
defined on input line 19.


LaTeX Warning: Reference `structparticle__tracker_1_1NeighborWithNeighbors' on 
page 5 undefined on input line 20.


LaTeX Warning: Reference `classparticle__tracker_1_1NeighborWithNeighborsData' 
on page 5 undefined on input line 21.


LaTeX Warning: Reference `classparticle__tracker_1_1NetCDFDataLoader' on page 5
 undefined on input line 22.


LaTeX Warning: Reference `classparticle__tracker_1_1NetCDFProcessor' on page 5 
undefined on input line 23.


LaTeX Warning: Reference `structPackedParticle' on page 5 undefined on input li
ne 24.


LaTeX Warning: Reference `structParticle' on page 5 undefined on input line 25.



LaTeX Warning: Reference `structparticle__tracker_1_1Particle' on page 5 undefi
ned on input line 26.


LaTeX Warning: Reference `structParticleState' on page 5 undefined on input lin
e 27.


LaTeX Warning: Reference `structparticle__tracker_1_1PointCloud' on page 5 unde
fined on input line 28.

[5]

LaTeX Warning: Reference `structPointCloud' on page 6 undefined on input line 2
9.


LaTeX Warning: Reference `classpkd2_1_1Reader' on page 6 undefined on input lin
e 30.


LaTeX Warning: Reference `structReconGuards' on page 6 undefined on input line 
31.


LaTeX Warning: Reference `structSeedInit' on page 6 undefined on input line 32.



LaTeX Warning: Reference `classparticle__tracker_1_1TimeSpline' on page 6 undef
ined on input line 33.


LaTeX Warning: Reference `classTimeSpline' on page 6 undefined on input line 34
.


LaTeX Warning: Reference `structparticle__tracker_1_1TimeStepData' on page 6 un
defined on input line 35.


LaTeX Warning: Reference `structpkd2_1_1TocEntry' on page 6 undefined on input 
line 36.


LaTeX Warning: Reference `structTrajectory' on page 6 undefined on input line 3
7.


LaTeX Warning: Reference `structparticle__tracker_1_1VariableDerivatives' on pa
ge 6 undefined on input line 38.


LaTeX Warning: Reference `classpkd2_1_1Writer' on page 6 undefined on input lin
e 39.

) [6]
Chapter 4.
(./files.tex

LaTeX Warning: Reference `hpc__particles_8cpp_source' on page 7 undefined on in
put line 3.


LaTeX Warning: Reference `hpc__trajectories_8cpp_source' on page 7 undefined on
 input line 4.


LaTeX Warning: Reference `data__prep__utils_8hpp_source' on page 7 undefined on
 input line 5.


LaTeX Warning: Reference `geography__utils_8hpp' on page 7 undefined on input l
ine 6.


LaTeX Warning: Reference `interpolation__utils_8hpp' on page 7 undefined on inp
ut line 7.


LaTeX Warning: Reference `seed__loader__v2_8hpp_source' on page 7 undefined on 
input line 8.


LaTeX Warning: Reference `datetime__utils_8hpp' on page 7 undefined on input li
ne 9.


LaTeX Warning: Reference `ncdf__utils_8hpp' on page 7 undefined on input line 1
0.


LaTeX Warning: Reference `fixed__point__core_8hpp_source' on page 7 undefined o
n input line 11.


LaTeX Warning: Reference `fixed__point__io__codec_8hpp_source' on page 7 undefi
ned on input line 12.


LaTeX Warning: Reference `fixed__point__pkd1__io_8hpp_source' on page 7 undefin
ed on input line 13.


LaTeX Warning: Reference `fixed__point__pkd2_8hpp_source' on page 7 undefined o
n input line 14.


LaTeX Warning: Reference `pk__config_8hpp_source' on page 7 undefined on input 
line 15.

) [7

] [8

]
Chapter 5.
(./structBBox.tex
LaTeX Font Info:    Font shape `T1/phv/b/n' will be
(Font)              scaled to size 10.79993pt on input line 30.
LaTeX Font Info:    Font shape `T1/phv/m/n' will be
(Font)              scaled to size 7.19995pt on input line 43.
LaTeX Font Info:    Trying to load font information for T1+pcr on input line 43
.
 (/usr/share/texmf-dist/tex/latex/psnfss/t1pcr.fd
File: t1pcr.fd 2001/06/04 font definitions for T1/pcr.
)
LaTeX Font Info:    Font shape `T1/pcr/m/it' in size <8> not available
(Font)              Font shape `T1/pcr/m/sl' tried instead on input line 44.
LaTeX Font Info:    Font shape `T1/pcr/m/it' in size <7> not available
(Font)              Font shape `T1/pcr/m/sl' tried instead on input line 44.
 [9])
(./structpkd2_1_1BlockHeader.tex [10] [11]) (./classDate.tex
LaTeX Font Info:    Font shape `T1/phv/m/n' will be
(Font)              scaled to size 8.09995pt on input line 16.
LaTeX Font Info:    Font shape `T1/phv/m/it' in size <9> not available
(Font)              Font shape `T1/phv/m/sl' tried instead on input line 16.
LaTeX Font Info:    Font shape `T1/phv/m/sl' will be
(Font)              scaled to size 8.09995pt on input line 16.
LaTeX Font Info:    Font shape `T1/phv/m/it' in size <7> not available
(Font)              Font shape `T1/phv/m/sl' tried instead on input line 40.
LaTeX Font Info:    Font shape `T1/phv/m/sl' will be
(Font)              scaled to size 6.29996pt on input line 40.
 [12]
LaTeX Font Info:    Font shape `T1/phv/m/it' in size <10> not available
(Font)              Font shape `T1/phv/m/sl' tried instead on input line 105.
LaTeX Font Info:    Font shape `T1/phv/m/sl' will be
(Font)              scaled to size 8.99994pt on input line 105.
 [13] [14]
[15]) (./classDateRange.tex [16] [17]) (./structFileHeaderPKD1.tex
LaTeX Font Info:    Trying to load font information for TS1+pcr on input line 3
4.

(/usr/share/texmf-dist/tex/latex/psnfss/ts1pcr.fd
File: ts1pcr.fd 2001/06/04 font definitions for TS1/pcr.
) [18])
(./structparticle__tracker_1_1Grid.tex [19])
(./structstd_1_1hash_3_1_1Date_01_4.tex [20]) (./structpkd2_1_1Header.tex
[21] [22]) (./structDateRange_1_1iterator.tex <./structDateRange_1_1iterator__c
oll__graph.pdf>
<structDateRange_1_1iterator__coll__graph.pdf, id=1047, 182.6825pt x 190.7125pt
>
File: structDateRange_1_1iterator__coll__graph.pdf Graphic file (type pdf)
<use structDateRange_1_1iterator__coll__graph.pdf>
Package pdftex.def Info: structDateRange_1_1iterator__coll__graph.pdf  used on 
input line 9.
(pdftex.def)             Requested size: 182.0pt x 190.00778pt.
 [23] [24])
(./structparticle__tracker_1_1LonLatDistanceAdaptor.tex [25]
Underfull \hbox (badness 1701) in paragraph at lines 61--62
[]\T1/phv/m/n/10 After KD-tree re-turns can-di-date neigh-bors, \T1/phv/b/n/10 
true \T1/phv/m/n/10 great-circle dis-tance is com-puted via [] /[]
 []

[26]
LaTeX Font Info:    Font shape `T1/phv/b/n' will be
(Font)              scaled to size 7.19995pt on input line 145.
 [27]
Underfull \hbox (badness 10000) in paragraph at lines 192--194
\T1/pcr/m/n/8 const Data[]Type $\OMS/cmsy/m/n/8 ^^C$ []$\OML/cmm/m/it/8 <$ \T1/
pcr/m/n/8 Data[]Type, Dataset[]Adaptor $\OML/cmm/m/it/8 >$\T1/pcr/m/n/8 ::[]get
[]Point
 []

LaTeX Font Info:    Font shape `T1/phv/bc/n' will be
(Font)              scaled to size 8.99994pt on input line 195.

Underfull \hbox (badness 10000) detected at line 195
[][][]
 []


Underfull \hbox (badness 10000) in paragraph at lines 215--217
\T1/pcr/m/n/8 const Dataset[]Adaptor& []$\OML/cmm/m/it/8 <$ \T1/pcr/m/n/8 Data[
]Type, Dataset[]Adaptor $\OML/cmm/m/it/8 >$\T1/pcr/m/n/8 ::[]
 []

) (./structMonthData.tex <./structMonthData__coll__graph.pdf>
<structMonthData__coll__graph.pdf, id=1306, 242.9075pt x 202.7575pt>
File: structMonthData__coll__graph.pdf Graphic file (type pdf)
<use structMonthData__coll__graph.pdf>
Package pdftex.def Info: structMonthData__coll__graph.pdf  used on input line 9
.
(pdftex.def)             Requested size: 242.0pt x 201.99901pt.
 [28] [29]
[30]) (./structparticle__tracker_1_1MonthData.tex <./structparticle__tracker_1_
1MonthData__coll__graph.pdf>
<structparticle__tracker_1_1MonthData__coll__graph.pdf, id=1482, 247.92625pt x 
202.7575pt>
File: structparticle__tracker_1_1MonthData__coll__graph.pdf Graphic file (type 
pdf)
<use structparticle__tracker_1_1MonthData__coll__graph.pdf>
Package pdftex.def Info: structparticle__tracker_1_1MonthData__coll__graph.pdf 
 used on input line 9.
(pdftex.def)             Requested size: 247.0pt x 202.0021pt.
 [31] [32] [33]) (./structNeighbor.tex <./structNeighbor__inherit__graph.pdf>
<structNeighbor__inherit__graph.pdf, id=1661, 221.82875pt x 168.63pt>
File: structNeighbor__inherit__graph.pdf Graphic file (type pdf)
<use structNeighbor__inherit__graph.pdf>
Package pdftex.def Info: structNeighbor__inherit__graph.pdf  used on input line
 18.
(pdftex.def)             Requested size: 221.0pt x 167.99916pt.
 [34]
Underfull \hbox (badness 10000) detected at line 54
[][][]
 []

[35]) (./structparticle__tracker_1_1Neighbor.tex <./structparticle__tracker_1_1
Neighbor__inherit__graph.pdf>
<structparticle__tracker_1_1Neighbor__inherit__graph.pdf, id=1739, 221.82875pt 
x 180.675pt>
File: structparticle__tracker_1_1Neighbor__inherit__graph.pdf Graphic file (typ
e pdf)
<use structparticle__tracker_1_1Neighbor__inherit__graph.pdf>
Package pdftex.def Info: structparticle__tracker_1_1Neighbor__inherit__graph.pd
f  used on input line 18.
(pdftex.def)             Requested size: 221.0pt x 179.9991pt.
 [36]
Underfull \hbox (badness 10000) detected at line 54
[][][]
 []

[37]) (./structparticle__tracker_1_1NeighborPrime.tex [38] [39])
(./classNeighborsData.tex [40]
Underfull \hbox (badness 10000) in paragraph at lines 81--83
\T1/pcr/m/n/8 std::[]map$\OML/cmm/m/it/8 <$ \T1/pcr/m/n/8 std::[]string, Data[]
Type $\OML/cmm/m/it/8 >$ []$<$ \T1/pcr/m/n/8 Data[]Type, Time[]Type $\OML/cmm/m
/it/8 >$\T1/pcr/m/n/8 ::[]
 []


Underfull \hbox (badness 10000) in paragraph at lines 81--83
|  \T1/pcr/m/n/8 const std::[]map$\OML/cmm/m/it/8 <$ \T1/pcr/m/n/8 std::[]strin
g, std::[]vector$\OML/cmm/m/it/8 <$ []$<$ \T1/pcr/m/n/8 Data[]Type, Time[]Type 
$\OML/cmm/m/it/8 >$ $>$ $>$
 []


Underfull \hbox (badness 10000) in paragraph at lines 96--98
\T1/pcr/m/n/8 std::[]map$\OML/cmm/m/it/8 <$ \T1/pcr/m/n/8 std::[]string, Data[]
Type $\OML/cmm/m/it/8 >$ []$<$ \T1/pcr/m/n/8 Data[]Type, Time[]Type $\OML/cmm/m
/it/8 >$\T1/pcr/m/n/8 ::[]
 []


Underfull \hbox (badness 10000) in paragraph at lines 96--98
|  \T1/pcr/m/n/8 const std::[]map$\OML/cmm/m/it/8 <$ \T1/pcr/m/n/8 std::[]strin
g, std::[]vector$\OML/cmm/m/it/8 <$ []$<$ \T1/pcr/m/n/8 Data[]Type, Time[]Type 
$\OML/cmm/m/it/8 >$ $>$ $>$
 []

[41]
Underfull \hbox (badness 10000) in paragraph at lines 142--144
\T1/pcr/m/n/8 std::[]map$\OML/cmm/m/it/8 <$ \T1/pcr/m/n/8 std::[]string, Data[]
Type $\OML/cmm/m/it/8 >$ []$<$ \T1/pcr/m/n/8 Data[]Type, Time[]Type $\OML/cmm/m
/it/8 >$\T1/pcr/m/n/8 ::[]
 []


Underfull \hbox (badness 10000) in paragraph at lines 142--144
|  \T1/pcr/m/n/8 const std::[]map$\OML/cmm/m/it/8 <$ \T1/pcr/m/n/8 std::[]strin
g, std::[]vector$\OML/cmm/m/it/8 <$ []$<$ \T1/pcr/m/n/8 Data[]Type, Time[]Type 
$\OML/cmm/m/it/8 >$ $>$ $>$
 []

[42]
Underfull \hbox (badness 10000) detected at line 160
[][][]
 []

) (./classparticle__tracker_1_1NeighborsData.tex [43]
pdfTeX warning (ext4): destination with the same identifier (name{classparticle
__tracker_1_1NeighborsData_autotoc_md20}) has been already used, duplicate igno
red
<to be read again> 
                   \relax 
l.47 ...__tracker_1_1NeighborsData_autotoc_md20}{}
                                                  \doxysubsubsubsection{\tex...
[44]
Underfull \hbox (badness 10000) in paragraph at lines 81--83
\T1/pcr/m/n/8 std::[]map$\OML/cmm/m/it/8 <$ \T1/pcr/m/n/8 std::[]string, Data[]
Type $\OML/cmm/m/it/8 >$ []$<$ \T1/pcr/m/n/8 Data[]Type, Time[]Type $\OML/cmm/m
/it/8 >$\T1/pcr/m/n/8 ::[]
 []


Underfull \hbox (badness 10000) in paragraph at lines 81--83
|  \T1/pcr/m/n/8 const std::[]map$\OML/cmm/m/it/8 <$ \T1/pcr/m/n/8 std::[]strin
g, std::[]vector$\OML/cmm/m/it/8 <$ []$<$ \T1/pcr/m/n/8 Data[]Type, Time[]Type 
$\OML/cmm/m/it/8 >$ $>$ $>$
 []


Underfull \hbox (badness 10000) in paragraph at lines 100--102
\T1/pcr/m/n/8 std::[]map$\OML/cmm/m/it/8 <$ \T1/pcr/m/n/8 std::[]string, Data[]
Type $\OML/cmm/m/it/8 >$ []$<$ \T1/pcr/m/n/8 Data[]Type, Time[]Type $\OML/cmm/m
/it/8 >$\T1/pcr/m/n/8 ::[]
 []


Underfull \hbox (badness 10000) in paragraph at lines 100--102
|  \T1/pcr/m/n/8 const std::[]map$\OML/cmm/m/it/8 <$ \T1/pcr/m/n/8 std::[]strin
g, std::[]vector$\OML/cmm/m/it/8 <$ []$<$ \T1/pcr/m/n/8 Data[]Type, Time[]Type 
$\OML/cmm/m/it/8 >$ $>$ $>$
 []

[45]
Underfull \hbox (badness 10000) in paragraph at lines 154--156
\T1/pcr/m/n/8 std::[]map$\OML/cmm/m/it/8 <$ \T1/pcr/m/n/8 std::[]string, Data[]
Type $\OML/cmm/m/it/8 >$ []$<$ \T1/pcr/m/n/8 Data[]Type, Time[]Type $\OML/cmm/m
/it/8 >$\T1/pcr/m/n/8 ::[]
 []


Underfull \hbox (badness 10000) in paragraph at lines 154--156
|  \T1/pcr/m/n/8 const std::[]map$\OML/cmm/m/it/8 <$ \T1/pcr/m/n/8 std::[]strin
g, std::[]vector$\OML/cmm/m/it/8 <$ []$<$ \T1/pcr/m/n/8 Data[]Type, Time[]Type 
$\OML/cmm/m/it/8 >$ $>$ $>$
 []


Underfull \hbox (badness 10000) detected at line 172
[][][]
 []

[46]) (./structparticle__tracker_1_1NeighborWithNeighbors.tex <./structparticle
__tracker_1_1NeighborWithNeighbors__inherit__graph.pdf>
<structparticle__tracker_1_1NeighborWithNeighbors__inherit__graph.pdf, id=2185,
 221.82875pt x 180.675pt>
File: structparticle__tracker_1_1NeighborWithNeighbors__inherit__graph.pdf Grap
hic file (type pdf)
<use structparticle__tracker_1_1NeighborWithNeighbors__inherit__graph.pdf>
Package pdftex.def Info: structparticle__tracker_1_1NeighborWithNeighbors__inhe
rit__graph.pdf  used on input line 18.
(pdftex.def)             Requested size: 221.0pt x 179.9991pt.
 <./structparticle__tracker_1_1NeighborWithNeighbors__coll__graph.pdf>
<structparticle__tracker_1_1NeighborWithNeighbors__coll__graph.pdf, id=2193, 22
1.82875pt x 180.675pt>
File: structparticle__tracker_1_1NeighborWithNeighbors__coll__graph.pdf Graphic
 file (type pdf)
<use structparticle__tracker_1_1NeighborWithNeighbors__coll__graph.pdf>
Package pdftex.def Info: structparticle__tracker_1_1NeighborWithNeighbors__coll
__graph.pdf  used on input line 27.
(pdftex.def)             Requested size: 221.0pt x 179.9991pt.
 [47] [48]
Underfull \hbox (badness 10000) in paragraph at lines 90--92
\T1/pcr/m/n/8 std::[]vector$\OML/cmm/m/it/8 <$[]$<$\T1/pcr/m/n/8 Data[]Type$\OM
L/cmm/m/it/8 >$ $>$ []$<$ \T1/pcr/m/n/8 Data[]Type
 []

) (./classparticle__tracker_1_1NeighborWithNeighborsData.tex [49] [50]
Overfull \hbox (38.61221pt too wide) in paragraph at lines 94--96
\T1/pcr/m/n/8 std::[]map$\OML/cmm/m/it/8 <$ \T1/pcr/m/n/8 std::[]string, []$\OM
L/cmm/m/it/8 <$ \T1/pcr/m/n/8 Data[]Type $\OML/cmm/m/it/8 >$ $>$ []$<$
 []


Underfull \hbox (badness 10000) in paragraph at lines 94--96
|  \T1/pcr/m/n/8 const std::[]map$\OML/cmm/m/it/8 <$ \T1/pcr/m/n/8 std::[]strin
g, std::[]vector$\OML/cmm/m/it/8 <$ []$<$ \T1/pcr/m/n/8 Data[]Type, Time[]Type 
$\OML/cmm/m/it/8 >$ $>$ $>$
 []


Overfull \hbox (38.61221pt too wide) in paragraph at lines 113--115
\T1/pcr/m/n/8 std::[]map$\OML/cmm/m/it/8 <$ \T1/pcr/m/n/8 std::[]string, []$\OM
L/cmm/m/it/8 <$ \T1/pcr/m/n/8 Data[]Type $\OML/cmm/m/it/8 >$ $>$ []$<$
 []


Underfull \hbox (badness 10000) in paragraph at lines 113--115
|  \T1/pcr/m/n/8 const std::[]map$\OML/cmm/m/it/8 <$ \T1/pcr/m/n/8 std::[]strin
g, std::[]vector$\OML/cmm/m/it/8 <$ []$<$ \T1/pcr/m/n/8 Data[]Type, Time[]Type 
$\OML/cmm/m/it/8 >$ $>$ $>$
 []

[51]
Overfull \hbox (38.61221pt too wide) in paragraph at lines 160--162
\T1/pcr/m/n/8 std::[]map$\OML/cmm/m/it/8 <$ \T1/pcr/m/n/8 std::[]string, []$\OM
L/cmm/m/it/8 <$ \T1/pcr/m/n/8 Data[]Type $\OML/cmm/m/it/8 >$ $>$ []$<$
 []


Underfull \hbox (badness 10000) in paragraph at lines 160--162
|  \T1/pcr/m/n/8 const std::[]map$\OML/cmm/m/it/8 <$ \T1/pcr/m/n/8 std::[]strin
g, std::[]vector$\OML/cmm/m/it/8 <$ []$<$ \T1/pcr/m/n/8 Data[]Type, Time[]Type 
$\OML/cmm/m/it/8 >$ $>$ $>$
 []

[52]
Underfull \hbox (badness 10000) detected at line 180
[][][]
 []


Underfull \hbox (badness 10000) detected at line 183
[][][]
 []


Underfull \hbox (badness 10000) in paragraph at lines 198--200
\T1/pcr/m/n/8 void []$\OML/cmm/m/it/8 <$ \T1/pcr/m/n/8 Data[]Type, Time[]Type $
\OML/cmm/m/it/8 >$\T1/pcr/m/n/8 ::[]update[]Neighbor[]Weights
 []

) (./classparticle__tracker_1_1NetCDFDataLoader.tex [53]
Underfull \hbox (badness 10000) in paragraph at lines 71--73
\T1/pcr/m/n/8 using []$\OML/cmm/m/it/8 <$ \T1/pcr/m/n/8 Data[]Type, Time[]Type 
$\OML/cmm/m/it/8 >$\T1/pcr/m/n/8 ::[][]Data[]Map = std::[]map$\OML/cmm/m/it/8 <
$\T1/pcr/m/n/8 Time[]Type,
 []

[54]
Underfull \hbox (badness 10000) in paragraph at lines 122--124
\T1/pcr/m/n/8 const std::[]vector$\OML/cmm/m/it/8 <$ \T1/pcr/m/n/8 Time[]Type $
\OML/cmm/m/it/8 >$ \T1/pcr/m/n/8 & []$\OML/cmm/m/it/8 <$ \T1/pcr/m/n/8 Data[]Ty
pe, Time[]Type $\OML/cmm/m/it/8 >$\T1/pcr/m/n/8 ::[]
 []


Underfull \hbox (badness 10000) in paragraph at lines 155--157
\T1/pcr/m/n/8 const std::[]vector$\OML/cmm/m/it/8 <$ \T1/pcr/m/n/8 std::[]size[
]_[]t $\OML/cmm/m/it/8 >$ \T1/pcr/m/n/8 & []$\OML/cmm/m/it/8 <$ \T1/pcr/m/n/8 D
ata[]Type, Time[]Type
 []

[55]
Underfull \hbox (badness 10000) in paragraph at lines 166--168
\T1/pcr/m/n/8 const std::[]string & []$\OML/cmm/m/it/8 <$ \T1/pcr/m/n/8 Data[]T
ype, Time[]Type $\OML/cmm/m/it/8 >$\T1/pcr/m/n/8 ::[]get[]Variable[]Type
 []

) (./classparticle__tracker_1_1NetCDFProcessor.tex
Underfull \hbox (badness 3260) in paragraph at lines 34--36
[]\T1/phv/m/n/10 const []$\OML/cmm/m/it/10 <$ \T1/phv/m/n/10 Data[]Type, Time[]
Type $\OML/cmm/m/it/10 >$\T1/phv/m/n/10 ::[][]Data[]Map & [] (const std::[]stri
ng
 []

[56]
Underfull \hbox (badness 10000) in paragraph at lines 58--60
\T1/pcr/m/n/8 using []$\OML/cmm/m/it/8 <$ \T1/pcr/m/n/8 Data[]Type, Time[]Type 
$\OML/cmm/m/it/8 >$\T1/pcr/m/n/8 ::[][]Data[]Map = std::[]map$\OML/cmm/m/it/8 <
$\T1/pcr/m/n/8 Time[]Type,
 []

[57]
Underfull \hbox (badness 10000) in paragraph at lines 118--120
\T1/pcr/m/n/8 const std::[]vector$\OML/cmm/m/it/8 <$ \T1/pcr/m/n/8 Time[]Type $
\OML/cmm/m/it/8 >$ \T1/pcr/m/n/8 & []$\OML/cmm/m/it/8 <$ \T1/pcr/m/n/8 Data[]Ty
pe, Time[]Type $\OML/cmm/m/it/8 >$\T1/pcr/m/n/8 ::[]
 []


Underfull \hbox (badness 10000) in paragraph at lines 129--131
\T1/pcr/m/n/8 const []$\OML/cmm/m/it/8 <$ \T1/pcr/m/n/8 Data[]Type, Time[]Type 
$\OML/cmm/m/it/8 >$\T1/pcr/m/n/8 ::[][]Data[]Map & []$\OML/cmm/m/it/8 <$
 []


Underfull \hbox (badness 10000) in paragraph at lines 151--153
\T1/pcr/m/n/8 const std::[]vector$\OML/cmm/m/it/8 <$ \T1/pcr/m/n/8 Data[]Type $
\OML/cmm/m/it/8 >$ \T1/pcr/m/n/8 & []$\OML/cmm/m/it/8 <$ \T1/pcr/m/n/8 Data[]Ty
pe, Time[]Type $\OML/cmm/m/it/8 >$\T1/pcr/m/n/8 ::[]
 []


Underfull \hbox (badness 10000) in paragraph at lines 162--164
\T1/pcr/m/n/8 const std::[]vector$\OML/cmm/m/it/8 <$ \T1/pcr/m/n/8 std::[]size[
]_[]t $\OML/cmm/m/it/8 >$ \T1/pcr/m/n/8 & []$\OML/cmm/m/it/8 <$ \T1/pcr/m/n/8 D
ata[]Type, Time[]Type
 []

[58]) (./structPackedParticle.tex [59]) (./structParticle.tex [60] [61])
(./structparticle__tracker_1_1Particle.tex [62] [63])
(./structParticleState.tex <./structParticleState__coll__graph.pdf>
<structParticleState__coll__graph.pdf, id=3008, 152.57pt x 174.6525pt>
File: structParticleState__coll__graph.pdf Graphic file (type pdf)
<use structParticleState__coll__graph.pdf>
Package pdftex.def Info: structParticleState__coll__graph.pdf  used on input li
ne 9.
(pdftex.def)             Requested size: 152.0pt x 174.00714pt.
 [64]
[65]) (./structparticle__tracker_1_1PointCloud.tex [66]
Underfull \hbox (badness 10000) detected at line 47
[][][]
 []

[67]
Underfull \hbox (badness 10000) detected at line 90
[][][]
 []


Underfull \hbox (badness 10000) detected at line 104
[][][]
 []


Underfull \hbox (badness 10000) detected at line 133
[][][]
 []

[68]) (./structPointCloud.tex [69]
Underfull \hbox (badness 10000) detected at line 47
[][][]
 []


Underfull \hbox (badness 10000) detected at line 86
[][][]
 []


Underfull \hbox (badness 10000) detected at line 100
[][][]
 []

[70]
Underfull \hbox (badness 10000) detected at line 125
[][][]
 []

) (./classpkd2_1_1Reader.tex [71] [72]) (./structReconGuards.tex)
(./structSeedInit.tex [73] [74]) (./classparticle__tracker_1_1TimeSpline.tex
[75]
Underfull \hbox (badness 2376) in paragraph at lines 48--49
[]\T1/pcr/m/n/10 boost::[]math::[]interpolators::[]cardinal[]_[]cubic[]_[]b[]_[
]spline \T1/phv/m/n/10 (pre-ferred when avail-
 []

[76]) (./classTimeSpline.tex [77]
pdfTeX warning (ext4): destination with the same identifier (name{classTimeSpli
ne_autotoc_md16}) has been already used, duplicate ignored
<to be read again> 
                   \relax 
l.36 \hypertarget{classTimeSpline_autotoc_md16}{}
                                                 \doxysubsubsubsection{\texo...

pdfTeX warning (ext4): destination with the same identifier (name{classTimeSpli
ne_autotoc_md17}) has been already used, duplicate ignored
<to be read again> 
                   \relax 
l.42 ...ypertarget{classTimeSpline_autotoc_md17}{}
                                                  \doxysubsubsubsection{\tex...

Underfull \hbox (badness 2376) in paragraph at lines 48--49
[]\T1/pcr/m/n/10 boost::[]math::[]interpolators::[]cardinal[]_[]cubic[]_[]b[]_[
]spline \T1/phv/m/n/10 (pre-ferred when avail-
 []

[78]) (./structparticle__tracker_1_1TimeStepData.tex [79]
Underfull \hbox (badness 10000) in paragraph at lines 39--41
\T1/pcr/m/n/8 std::[]map$\OML/cmm/m/it/8 <$\T1/pcr/m/n/8 std::[]string, std::[]
vector$\OML/cmm/m/it/8 <$\T1/pcr/m/n/8 DT$\OML/cmm/m/it/8 >$ $>$ []$<$ \T1/pcr/
m/n/8 DT, TT $\OML/cmm/m/it/8 >$\T1/pcr/m/n/8 ::[]variable[]
 []

) (./structpkd2_1_1TocEntry.tex [80]) (./structTrajectory.tex [81] [82])
(./structparticle__tracker_1_1VariableDerivatives.tex [83] [84])
(./classpkd2_1_1Writer.tex [85]) [86]
Chapter 6.
(./hpc__particles_8cpp_source.tex [87

] [88] [89] [90] [91] [92] [93] [94]
[95]

Package textcomp Warning: Symbol \textrightarrow not provided by
(textcomp)                font family pcr in TS1 encoding.
(textcomp)                Default family used instead on input line 766.


Package textcomp Warning: Symbol \textrightarrow not provided by
(textcomp)                font family pcr in TS1 encoding.
(textcomp)                Default family used instead on input line 766.


! LaTeX Error: Unicode character ↔ (U+2194)
               not set up for use with LaTeX.

See the LaTeX manual or LaTeX Companion for explanation.
Type  H <return>  for immediate help.
 ...                                              
                                                  
l.768 ...comment}{//\ swap\ indices\ (0\ ↔\ 1)}}
                                                  
? 
) (./hpc__trajectories_8cpp_source.tex [96{/usr/share/texmf-dist/fonts/enc/dvip
s/cm-super/cm-super-ts1.enc}] [97] [98] [99] [100] [101] [102] [103] [104])
(./data__prep__utils_8hpp_source.tex [105] [106] [107] [108] [109] [110]
[111] [112] [113] [114]) (./datetime__utils_8hpp.tex <./datetime__utils_8hpp__i
ncl.pdf>
<datetime__utils_8hpp__incl.pdf, id=6830, 274.02374pt x 168.63pt>
File: datetime__utils_8hpp__incl.pdf Graphic file (type pdf)
<use datetime__utils_8hpp__incl.pdf>
Package pdftex.def Info: datetime__utils_8hpp__incl.pdf  used on input line 15.

(pdftex.def)             Requested size: 273.0pt x 168.01202pt.
 [115] <./datetime__utils_8hpp__dep__incl.pdf>
<datetime__utils_8hpp__dep__incl.pdf, id=6892, 390.45876pt x 236.885pt>
File: datetime__utils_8hpp__dep__incl.pdf Graphic file (type pdf)
<use datetime__utils_8hpp__dep__incl.pdf>
Package pdftex.def Info: datetime__utils_8hpp__dep__incl.pdf  used on input lin
e 22.
(pdftex.def)             Requested size: 350.0pt x 212.34871pt.
 [116])
(./datetime__utils_8hpp_source.tex [117] [118] [119]) (./ncdf__utils_8hpp.tex <
./ncdf__utils_8hpp__incl.pdf>
<ncdf__utils_8hpp__incl.pdf, id=7229, 1169.36874pt x 168.63pt>
File: ncdf__utils_8hpp__incl.pdf Graphic file (type pdf)
<use ncdf__utils_8hpp__incl.pdf>
Package pdftex.def Info: ncdf__utils_8hpp__incl.pdf  used on input line 29.
(pdftex.def)             Requested size: 350.0pt x 50.47102pt.
 <./ncdf__utils_8hpp__dep__incl.pdf>
<ncdf__utils_8hpp__dep__incl.pdf, id=7238, 385.44pt x 236.885pt>
File: ncdf__utils_8hpp__dep__incl.pdf Graphic file (type pdf)
<use ncdf__utils_8hpp__dep__incl.pdf>
Package pdftex.def Info: ncdf__utils_8hpp__dep__incl.pdf  used on input line 36
.
(pdftex.def)             Requested size: 350.0pt x 215.10301pt.
 [120]
[121] [122]) (./ncdf__utils_8hpp_source.tex [123] [124] [125] [126] [127]
[128] [129] [130] [131]) (./fixed__point__core_8hpp_source.tex [132])
(./fixed__point__io__codec_8hpp_source.tex [133] [134] [135] [136] [137]
[138]) (./fixed__point__pkd1__io_8hpp_source.tex [139])
(./fixed__point__pkd2_8hpp_source.tex [140] [141] [142] [143] [144] [145])
(./pk__config_8hpp_source.tex) (./geography__utils_8hpp.tex <./geography__utils
_8hpp__incl.pdf>
<geography__utils_8hpp__incl.pdf, id=9381, 388.45125pt x 168.63pt>
File: geography__utils_8hpp__incl.pdf Graphic file (type pdf)
<use geography__utils_8hpp__incl.pdf>
Package pdftex.def Info: geography__utils_8hpp__incl.pdf  used on input line 17
.
(pdftex.def)             Requested size: 350.0pt x 151.94055pt.
 <./geography__utils_8hpp__dep__incl.pdf>
<geography__utils_8hpp__dep__incl.pdf, id=9389, 385.44pt x 305.14pt>
File: geography__utils_8hpp__dep__incl.pdf Graphic file (type pdf)
<use geography__utils_8hpp__dep__incl.pdf>
Package pdftex.def Info: geography__utils_8hpp__dep__incl.pdf  used on input li
ne 24.
(pdftex.def)             Requested size: 350.0pt x 277.08183pt.
 [146] [147]
LaTeX Font Info:    Font shape `TS1/phv/b/n' will be
(Font)              scaled to size 8.99994pt on input line 61.
 [148]
Underfull \hbox (badness 10000) detected at line 131
[][][]
 []

[149]
Underfull \hbox (badness 10000) detected at line 165
[][][]
 []


Underfull \hbox (badness 10000) detected at line 205
[][][]
 []

[150] [151]
Underfull \hbox (badness 10000) detected at line 270
[][][]
 []

) (./geography__utils_8hpp_source.tex [152] [153])
(./interpolation__utils_8hpp.tex <./interpolation__utils_8hpp__incl.pdf>
<interpolation__utils_8hpp__incl.pdf, id=9698, 763.85374pt x 236.885pt>
File: interpolation__utils_8hpp__incl.pdf Graphic file (type pdf)
<use interpolation__utils_8hpp__incl.pdf>
Package pdftex.def Info: interpolation__utils_8hpp__incl.pdf  used on input lin
e 22.
(pdftex.def)             Requested size: 350.0pt x 108.5419pt.
 <./interpolation__utils_8hpp__dep__incl.pdf>
<interpolation__utils_8hpp__dep__incl.pdf, id=9706, 385.44pt x 236.885pt>
File: interpolation__utils_8hpp__dep__incl.pdf Graphic file (type pdf)
<use interpolation__utils_8hpp__dep__incl.pdf>
Package pdftex.def Info: interpolation__utils_8hpp__dep__incl.pdf  used on inpu
t line 29.
(pdftex.def)             Requested size: 350.0pt x 215.10301pt.
 [154] [155] [156] [157]
Underfull \hbox (badness 10000) detected at line 215
[][][]
 []

[158]) (./interpolation__utils_8hpp_source.tex [159] [160] [161] [162] [163]
[164] [165] [166]) (./seed__loader__v2_8hpp_source.tex [167] [168] [169])
[170]
No file refman.ind.
(./refman.aux)
 ***********
LaTeX2e <2025-11-01>
L3 programming layer <2026-01-19>
 ***********


LaTeX Warning: There were undefined references.


LaTeX Warning: Label(s) may have changed. Rerun to get cross-references right.


Package rerunfilecheck Warning: File `refman.out' has changed.
(rerunfilecheck)                Rerun to get outlines right
(rerunfilecheck)                or use package `bookmark'.

Package rerunfilecheck Info: Checksums for `refman.out':
(rerunfilecheck)             Before: <no file>
(rerunfilecheck)             After:  56E79F560B1ED935A6A0ADC795A82300;96987.
 ) 
Here is how much of TeX's memory you used:
 28155 strings out of 468393
 628022 string characters out of 5450817
 808299 words of memory out of 5000000
 49595 multiletter control sequences out of 15000+600000
 690244 words of font info for 135 fonts, out of 8000000 for 9000
 725 hyphenation exceptions out of 8191
 103i,16n,117p,1499b,1214s stack positions out of 10000i,1000n,20000p,200000b,200000s
</usr/share/texmf-dist/fonts/type1/public/amsfonts/cm/cmmi10.pfb></usr/share/
texmf-dist/fonts/type1/public/amsfonts/cm/cmmi12.pfb></usr/share/texmf-dist/fon
ts/type1/public/amsfonts/cm/cmmi7.pfb></usr/share/texmf-dist/fonts/type1/public
/amsfonts/cm/cmmi8.pfb></usr/share/texmf-dist/fonts/type1/public/amsfonts/cm/cm
mi9.pfb></usr/share/texmf-dist/fonts/type1/public/amsfonts/cm/cmsy10.pfb></usr/
share/texmf-dist/fonts/type1/public/amsfonts/cm/cmsy7.pfb></usr/share/texmf-dis
t/fonts/type1/public/amsfonts/cm/cmsy8.pfb></usr/share/texmf-dist/fonts/type1/p
ublic/amsfonts/cm/cmsy9.pfb></usr/share/texmf-dist/fonts/type1/public/cm-super/
sftt0800.pfb></usr/share/texmf-dist/fonts/type1/urw/courier/ucrb8a.pfb></usr/sh
are/texmf-dist/fonts/type1/urw/courier/ucrr8a.pfb></usr/share/texmf-dist/fonts/
type1/urw/courier/ucrro8a.pfb></usr/share/texmf-dist/fonts/type1/urw/helvetic/u
hvb8a.pfb></usr/share/texmf-dist/fonts/type1/urw/helvetic/uhvb8ac.pfb></usr/sha
re/texmf-dist/fonts/type1/urw/helvetic/uhvr8a.pfb></usr/share/texmf-dist/fonts/
type1/urw/helvetic/uhvro8a.pfb>
Output written on refman.pdf (172 pages, 860868 bytes).
PDF statistics:
 12645 PDF objects out of 12825 (max. 8388607)
 10544 compressed objects within 106 object streams
 6932 named destinations out of 7423 (max. 500000)
 81 words of extra memory for PDF output out of 10000 (max. 10000000)

