\BOOKMARK [0][-]{chapter.1}{\376\377\0001\000\040\000p\000a\000r\000t\000i\000c\000l\000e\000-\000t\000r\000a\000n\000s\000p\000o\000r\000t\000-\000f\000r\000a\000m\000e\000w\000o\000r\000k\000\040}{}% 1
\BOOKMARK [1][-]{section.1.1}{\376\377\0001\000.\0001\000\040\000F\000e\000a\000t\000u\000r\000e\000s}{chapter.1}% 2
\BOOKMARK [1][-]{section.1.2}{\376\377\0001\000.\0002\000\040\000T\000e\000c\000h\000\040\000S\000t\000a\000c\000k}{chapter.1}% 3
\BOOKMARK [1][-]{section.1.3}{\376\377\0001\000.\0003\000\040\000S\000t\000a\000t\000u\000s}{chapter.1}% 4
\BOOKMARK [0][-]{chapter.2}{\376\377\0002\000\040\000H\000i\000e\000r\000a\000r\000c\000h\000i\000c\000a\000l\000\040\000I\000n\000d\000e\000x}{}% 5
\BOOKMARK [1][-]{section.2.1}{\376\377\0002\000.\0001\000\040\000C\000l\000a\000s\000s\000\040\000H\000i\000e\000r\000a\000r\000c\000h\000y}{chapter.2}% 6
\BOOKMARK [0][-]{chapter.3}{\376\377\0003\000\040\000C\000l\000a\000s\000s\000\040\000I\000n\000d\000e\000x}{}% 7
\BOOKMARK [1][-]{section.3.1}{\376\377\0003\000.\0001\000\040\000C\000l\000a\000s\000s\000\040\000L\000i\000s\000t}{chapter.3}% 8
\BOOKMARK [0][-]{chapter.4}{\376\377\0004\000\040\000F\000i\000l\000e\000\040\000I\000n\000d\000e\000x}{}% 9
\BOOKMARK [1][-]{section.4.1}{\376\377\0004\000.\0001\000\040\000F\000i\000l\000e\000\040\000L\000i\000s\000t}{chapter.4}% 10
\BOOKMARK [0][-]{chapter.5}{\376\377\0005\000\040\000C\000l\000a\000s\000s\000\040\000D\000o\000c\000u\000m\000e\000n\000t\000a\000t\000i\000o\000n}{}% 11
\BOOKMARK [1][-]{section.5.1}{\376\377\0005\000.\0001\000\040\000B\000B\000o\000x\000\040\000S\000t\000r\000u\000c\000t\000\040\000R\000e\000f\000e\000r\000e\000n\000c\000e}{chapter.5}% 12
\BOOKMARK [2][-]{subsection.5.1.1}{\376\377\0005\000.\0001\000.\0001\000\040\000D\000e\000t\000a\000i\000l\000e\000d\000\040\000D\000e\000s\000c\000r\000i\000p\000t\000i\000o\000n}{section.5.1}% 13
\BOOKMARK [2][-]{subsection.5.1.2}{\376\377\0005\000.\0001\000.\0002\000\040\000C\000o\000n\000s\000t\000r\000u\000c\000t\000o\000r\000\040\000\046\000\040\000D\000e\000s\000t\000r\000u\000c\000t\000o\000r\000\040\000D\000o\000c\000u\000m\000e\000n\000t\000a\000t\000i\000o\000n}{section.5.1}% 14
\BOOKMARK [3][-]{subsubsection.5.1.2.1}{\376\377\0005\000.\0001\000.\0002\000.\0001\000\040\000B\000B\000o\000x\000\050\000\051}{subsection.5.1.2}% 15
\BOOKMARK [2][-]{subsection.5.1.3}{\376\377\0005\000.\0001\000.\0003\000\040\000M\000e\000m\000b\000e\000r\000\040\000F\000u\000n\000c\000t\000i\000o\000n\000\040\000D\000o\000c\000u\000m\000e\000n\000t\000a\000t\000i\000o\000n}{section.5.1}% 16
\BOOKMARK [3][-]{subsubsection.5.1.3.1}{\376\377\0005\000.\0001\000.\0003\000.\0001\000\040\000c\000o\000n\000t\000a\000i\000n\000s\000\050\000\051}{subsection.5.1.3}% 17
\BOOKMARK [3][-]{subsubsection.5.1.3.2}{\376\377\0005\000.\0001\000.\0003\000.\0002\000\040\000n\000o\000r\000m\000\137\000p\000i\000\050\000\051}{subsection.5.1.3}% 18
\BOOKMARK [2][-]{subsection.5.1.4}{\376\377\0005\000.\0001\000.\0004\000\040\000M\000e\000m\000b\000e\000r\000\040\000D\000a\000t\000a\000\040\000D\000o\000c\000u\000m\000e\000n\000t\000a\000t\000i\000o\000n}{section.5.1}% 19
\BOOKMARK [3][-]{subsubsection.5.1.4.1}{\376\377\0005\000.\0001\000.\0004\000.\0001\000\040\000l\000a\000t\000\137\000m\000a\000x}{subsection.5.1.4}% 20
\BOOKMARK [3][-]{subsubsection.5.1.4.2}{\376\377\0005\000.\0001\000.\0004\000.\0002\000\040\000l\000a\000t\000\137\000m\000i\000n}{subsection.5.1.4}% 21
\BOOKMARK [3][-]{subsubsection.5.1.4.3}{\376\377\0005\000.\0001\000.\0004\000.\0003\000\040\000l\000o\000n\000\137\000m\000a\000x}{subsection.5.1.4}% 22
\BOOKMARK [3][-]{subsubsection.5.1.4.4}{\376\377\0005\000.\0001\000.\0004\000.\0004\000\040\000l\000o\000n\000\137\000m\000i\000n}{subsection.5.1.4}% 23
\BOOKMARK [3][-]{subsubsection.5.1.4.5}{\376\377\0005\000.\0001\000.\0004\000.\0005\000\040\000w\000r\000a\000p\000s}{subsection.5.1.4}% 24
\BOOKMARK [1][-]{section.5.2}{\376\377\0005\000.\0002\000\040\000p\000k\000d\0002\000:\000:\000B\000l\000o\000c\000k\000H\000e\000a\000d\000e\000r\000\040\000S\000t\000r\000u\000c\000t\000\040\000R\000e\000f\000e\000r\000e\000n\000c\000e}{chapter.5}% 25
\BOOKMARK [2][-]{subsection.5.2.1}{\376\377\0005\000.\0002\000.\0001\000\040\000D\000e\000t\000a\000i\000l\000e\000d\000\040\000D\000e\000s\000c\000r\000i\000p\000t\000i\000o\000n}{section.5.2}% 26
\BOOKMARK [2][-]{subsection.5.2.2}{\376\377\0005\000.\0002\000.\0002\000\040\000M\000e\000m\000b\000e\000r\000\040\000D\000a\000t\000a\000\040\000D\000o\000c\000u\000m\000e\000n\000t\000a\000t\000i\000o\000n}{section.5.2}% 27
\BOOKMARK [3][-]{subsubsection.5.2.2.1}{\376\377\0005\000.\0002\000.\0002\000.\0001\000\040\000\137\000p\000a\000d}{subsection.5.2.2}% 28
\BOOKMARK [3][-]{subsubsection.5.2.2.2}{\376\377\0005\000.\0002\000.\0002\000.\0002\000\040\000l\000a\000t\0000\000\137\000q}{subsection.5.2.2}% 29
\BOOKMARK [3][-]{subsubsection.5.2.2.3}{\376\377\0005\000.\0002\000.\0002\000.\0003\000\040\000l\000o\000n\0000\000\137\000q}{subsection.5.2.2}% 30
\BOOKMARK [3][-]{subsubsection.5.2.2.4}{\376\377\0005\000.\0002\000.\0002\000.\0004\000\040\000n\000\137\000p\000o\000i\000n\000t\000s}{subsection.5.2.2}% 31
\BOOKMARK [3][-]{subsubsection.5.2.2.5}{\376\377\0005\000.\0002\000.\0002\000.\0005\000\040\000s\000e\000e\000d\000\137\000i\000d}{subsection.5.2.2}% 32
\BOOKMARK [3][-]{subsubsection.5.2.2.6}{\376\377\0005\000.\0002\000.\0002\000.\0006\000\040\000s\000t\000a\000r\000t\000\137\000i\000n\000d\000e\000x}{subsection.5.2.2}% 33
\BOOKMARK [3][-]{subsubsection.5.2.2.7}{\376\377\0005\000.\0002\000.\0002\000.\0007\000\040\000s\000t\000r\000i\000d\000e}{subsection.5.2.2}% 34
\BOOKMARK [1][-]{section.5.3}{\376\377\0005\000.\0003\000\040\000D\000a\000t\000e\000\040\000C\000l\000a\000s\000s\000\040\000R\000e\000f\000e\000r\000e\000n\000c\000e}{chapter.5}% 35
\BOOKMARK [2][-]{subsection.5.3.1}{\376\377\0005\000.\0003\000.\0001\000\040\000D\000e\000t\000a\000i\000l\000e\000d\000\040\000D\000e\000s\000c\000r\000i\000p\000t\000i\000o\000n}{section.5.3}% 36
\BOOKMARK [2][-]{subsection.5.3.2}{\376\377\0005\000.\0003\000.\0002\000\040\000C\000o\000n\000s\000t\000r\000u\000c\000t\000o\000r\000\040\000\046\000\040\000D\000e\000s\000t\000r\000u\000c\000t\000o\000r\000\040\000D\000o\000c\000u\000m\000e\000n\000t\000a\000t\000i\000o\000n}{section.5.3}% 37
\BOOKMARK [3][-]{subsubsection.5.3.2.1}{\376\377\0005\000.\0003\000.\0002\000.\0001\000\040\000D\000a\000t\000e\000\050\000\051}{subsection.5.3.2}% 38
\BOOKMARK [2][-]{subsection.5.3.3}{\376\377\0005\000.\0003\000.\0003\000\040\000M\000e\000m\000b\000e\000r\000\040\000F\000u\000n\000c\000t\000i\000o\000n\000\040\000D\000o\000c\000u\000m\000e\000n\000t\000a\000t\000i\000o\000n}{section.5.3}% 39
\BOOKMARK [3][-]{subsubsection.5.3.3.1}{\376\377\0005\000.\0003\000.\0003\000.\0001\000\040\000a\000d\000d\000D\000a\000y\000s\000\050\000\051}{subsection.5.3.3}% 40
\BOOKMARK [3][-]{subsubsection.5.3.3.2}{\376\377\0005\000.\0003\000.\0003\000.\0002\000\040\000a\000d\000d\000M\000o\000n\000t\000h\000s\000\050\000\051}{subsection.5.3.3}% 41
\BOOKMARK [3][-]{subsubsection.5.3.3.3}{\376\377\0005\000.\0003\000.\0003\000.\0003\000\040\000b\000e\000g\000i\000n\000O\000f\000M\000o\000n\000t\000h\000\050\000\051}{subsection.5.3.3}% 42
\BOOKMARK [3][-]{subsubsection.5.3.3.4}{\376\377\0005\000.\0003\000.\0003\000.\0004\000\040\000d\000a\000y\000s\000S\000i\000n\000c\000e\000\050\000\051}{subsection.5.3.3}% 43
\BOOKMARK [3][-]{subsubsection.5.3.3.5}{\376\377\0005\000.\0003\000.\0003\000.\0005\000\040\000d\000e\000c\000r\000e\000m\000e\000n\000t\000\050\000\051}{subsection.5.3.3}% 44
\BOOKMARK [3][-]{subsubsection.5.3.3.6}{\376\377\0005\000.\0003\000.\0003\000.\0006\000\040\000g\000e\000t\000D\000a\000y\000\050\000\051}{subsection.5.3.3}% 45
\BOOKMARK [3][-]{subsubsection.5.3.3.7}{\376\377\0005\000.\0003\000.\0003\000.\0007\000\040\000g\000e\000t\000M\000o\000n\000t\000h\000\050\000\051}{subsection.5.3.3}% 46
\BOOKMARK [3][-]{subsubsection.5.3.3.8}{\376\377\0005\000.\0003\000.\0003\000.\0008\000\040\000g\000e\000t\000Y\000e\000a\000r\000\050\000\051}{subsection.5.3.3}% 47
\BOOKMARK [3][-]{subsubsection.5.3.3.9}{\376\377\0005\000.\0003\000.\0003\000.\0009\000\040\000h\000o\000u\000r\000s\000S\000i\000n\000c\000e\000\050\000\051}{subsection.5.3.3}% 48
\BOOKMARK [3][-]{subsubsection.5.3.3.10}{\376\377\0005\000.\0003\000.\0003\000.\0001\0000\000\040\000i\000n\000c\000r\000e\000m\000e\000n\000t\000\050\000\051}{subsection.5.3.3}% 49
\BOOKMARK [3][-]{subsubsection.5.3.3.11}{\376\377\0005\000.\0003\000.\0003\000.\0001\0001\000\040\000o\000p\000e\000r\000a\000t\000o\000r\000!\000=\000\050\000\051}{subsection.5.3.3}% 50
\BOOKMARK [3][-]{subsubsection.5.3.3.12}{\376\377\0005\000.\0003\000.\0003\000.\0001\0002\000\040\000o\000p\000e\000r\000a\000t\000o\000r\000<\000\050\000\051}{subsection.5.3.3}% 51
\BOOKMARK [3][-]{subsubsection.5.3.3.13}{\376\377\0005\000.\0003\000.\0003\000.\0001\0003\000\040\000o\000p\000e\000r\000a\000t\000o\000r\000<\000=\000\050\000\051}{subsection.5.3.3}% 52
\BOOKMARK [3][-]{subsubsection.5.3.3.14}{\376\377\0005\000.\0003\000.\0003\000.\0001\0004\000\040\000o\000p\000e\000r\000a\000t\000o\000r\000=\000=\000\050\000\051}{subsection.5.3.3}% 53
\BOOKMARK [3][-]{subsubsection.5.3.3.15}{\376\377\0005\000.\0003\000.\0003\000.\0001\0005\000\040\000o\000p\000e\000r\000a\000t\000o\000r\000>\000\050\000\051}{subsection.5.3.3}% 54
\BOOKMARK [3][-]{subsubsection.5.3.3.16}{\376\377\0005\000.\0003\000.\0003\000.\0001\0006\000\040\000o\000p\000e\000r\000a\000t\000o\000r\000>\000=\000\050\000\051}{subsection.5.3.3}% 55
\BOOKMARK [3][-]{subsubsection.5.3.3.17}{\376\377\0005\000.\0003\000.\0003\000.\0001\0007\000\040\000s\000e\000c\000o\000n\000d\000s\000S\000i\000n\000c\000e\000\050\000\051}{subsection.5.3.3}% 56
\BOOKMARK [2][-]{subsection.5.3.4}{\376\377\0005\000.\0003\000.\0004\000\040\000F\000r\000i\000e\000n\000d\000s\000\040\000A\000n\000d\000\040\000R\000e\000l\000a\000t\000e\000d\000\040\000S\000y\000m\000b\000o\000l\000\040\000D\000o\000c\000u\000m\000e\000n\000t\000a\000t\000i\000o\000n}{section.5.3}% 57
\BOOKMARK [3][-]{subsubsection.5.3.4.1}{\376\377\0005\000.\0003\000.\0004\000.\0001\000\040\000o\000p\000e\000r\000a\000t\000o\000r\000<\000<}{subsection.5.3.4}% 58
\BOOKMARK [1][-]{section.5.4}{\376\377\0005\000.\0004\000\040\000D\000a\000t\000e\000R\000a\000n\000g\000e\000\040\000C\000l\000a\000s\000s\000\040\000R\000e\000f\000e\000r\000e\000n\000c\000e}{chapter.5}% 59
\BOOKMARK [2][-]{subsection.5.4.1}{\376\377\0005\000.\0004\000.\0001\000\040\000D\000e\000t\000a\000i\000l\000e\000d\000\040\000D\000e\000s\000c\000r\000i\000p\000t\000i\000o\000n}{section.5.4}% 60
\BOOKMARK [2][-]{subsection.5.4.2}{\376\377\0005\000.\0004\000.\0002\000\040\000C\000o\000n\000s\000t\000r\000u\000c\000t\000o\000r\000\040\000\046\000\040\000D\000e\000s\000t\000r\000u\000c\000t\000o\000r\000\040\000D\000o\000c\000u\000m\000e\000n\000t\000a\000t\000i\000o\000n}{section.5.4}% 61
\BOOKMARK [3][-]{subsubsection.5.4.2.1}{\376\377\0005\000.\0004\000.\0002\000.\0001\000\040\000D\000a\000t\000e\000R\000a\000n\000g\000e\000\050\000\051}{subsection.5.4.2}% 62
\BOOKMARK [2][-]{subsection.5.4.3}{\376\377\0005\000.\0004\000.\0003\000\040\000M\000e\000m\000b\000e\000r\000\040\000F\000u\000n\000c\000t\000i\000o\000n\000\040\000D\000o\000c\000u\000m\000e\000n\000t\000a\000t\000i\000o\000n}{section.5.4}% 63
\BOOKMARK [3][-]{subsubsection.5.4.3.1}{\376\377\0005\000.\0004\000.\0003\000.\0001\000\040\000b\000e\000g\000i\000n\000\050\000\051}{subsection.5.4.3}% 64
\BOOKMARK [3][-]{subsubsection.5.4.3.2}{\376\377\0005\000.\0004\000.\0003\000.\0002\000\040\000e\000n\000d\000\050\000\051}{subsection.5.4.3}% 65
\BOOKMARK [3][-]{subsubsection.5.4.3.3}{\376\377\0005\000.\0004\000.\0003\000.\0003\000\040\000l\000e\000n\000g\000t\000h\000\050\000\051}{subsection.5.4.3}% 66
\BOOKMARK [1][-]{section.5.5}{\376\377\0005\000.\0005\000\040\000F\000i\000l\000e\000H\000e\000a\000d\000e\000r\000P\000K\000D\0001\000\040\000S\000t\000r\000u\000c\000t\000\040\000R\000e\000f\000e\000r\000e\000n\000c\000e}{chapter.5}% 67
\BOOKMARK [2][-]{subsection.5.5.1}{\376\377\0005\000.\0005\000.\0001\000\040\000D\000e\000t\000a\000i\000l\000e\000d\000\040\000D\000e\000s\000c\000r\000i\000p\000t\000i\000o\000n}{section.5.5}% 68
\BOOKMARK [2][-]{subsection.5.5.2}{\376\377\0005\000.\0005\000.\0002\000\040\000M\000e\000m\000b\000e\000r\000\040\000D\000a\000t\000a\000\040\000D\000o\000c\000u\000m\000e\000n\000t\000a\000t\000i\000o\000n}{section.5.5}% 69
\BOOKMARK [3][-]{subsubsection.5.5.2.1}{\376\377\0005\000.\0005\000.\0002\000.\0001\000\040\000m\000a\000g\000i\000c}{subsection.5.5.2}% 70
\BOOKMARK [3][-]{subsubsection.5.5.2.2}{\376\377\0005\000.\0005\000.\0002\000.\0002\000\040\000p\000o\000s\000\137\000s\000c\000a\000l\000e}{subsection.5.5.2}% 71
\BOOKMARK [3][-]{subsubsection.5.5.2.3}{\376\377\0005\000.\0005\000.\0002\000.\0003\000\040\000r\000e\000s\000e\000r\000v\000e\000d\0000}{subsection.5.5.2}% 72
\BOOKMARK [3][-]{subsubsection.5.5.2.4}{\376\377\0005\000.\0005\000.\0002\000.\0004\000\040\000r\000e\000s\000e\000r\000v\000e\000d\0001}{subsection.5.5.2}% 73
\BOOKMARK [3][-]{subsubsection.5.5.2.5}{\376\377\0005\000.\0005\000.\0002\000.\0005\000\040\000t\000i\000m\000e\000\137\000t\000i\000c\000k}{subsection.5.5.2}% 74
\BOOKMARK [3][-]{subsubsection.5.5.2.6}{\376\377\0005\000.\0005\000.\0002\000.\0006\000\040\000v\000e\000r\000s\000i\000o\000n}{subsection.5.5.2}% 75
\BOOKMARK [1][-]{section.5.6}{\376\377\0005\000.\0006\000\040\000p\000a\000r\000t\000i\000c\000l\000e\000\137\000t\000r\000a\000c\000k\000e\000r\000:\000:\000G\000r\000i\000d\000<\000\040\000D\000T\000\040\000>\000\040\000S\000t\000r\000u\000c\000t\000\040\000T\000e\000m\000p\000l\000a\000t\000e\000\040\000R\000e\000f\000e\000r\000e\000n\000c\000e}{chapter.5}% 76
\BOOKMARK [2][-]{subsection.5.6.1}{\376\377\0005\000.\0006\000.\0001\000\040\000D\000e\000t\000a\000i\000l\000e\000d\000\040\000D\000e\000s\000c\000r\000i\000p\000t\000i\000o\000n}{section.5.6}% 77
\BOOKMARK [2][-]{subsection.5.6.2}{\376\377\0005\000.\0006\000.\0002\000\040\000C\000o\000n\000s\000t\000r\000u\000c\000t\000o\000r\000\040\000\046\000\040\000D\000e\000s\000t\000r\000u\000c\000t\000o\000r\000\040\000D\000o\000c\000u\000m\000e\000n\000t\000a\000t\000i\000o\000n}{section.5.6}% 78
\BOOKMARK [3][-]{subsubsection.5.6.2.1}{\376\377\0005\000.\0006\000.\0002\000.\0001\000\040\000G\000r\000i\000d\000\050\000\051}{subsection.5.6.2}% 79
\BOOKMARK [2][-]{subsection.5.6.3}{\376\377\0005\000.\0006\000.\0003\000\040\000M\000e\000m\000b\000e\000r\000\040\000D\000a\000t\000a\000\040\000D\000o\000c\000u\000m\000e\000n\000t\000a\000t\000i\000o\000n}{section.5.6}% 80
\BOOKMARK [3][-]{subsubsection.5.6.3.1}{\376\377\0005\000.\0006\000.\0003\000.\0001\000\040\000i\000n\000\137\000t\000h\000e\000\137\000s\000e\000a}{subsection.5.6.3}% 81
\BOOKMARK [3][-]{subsubsection.5.6.3.2}{\376\377\0005\000.\0006\000.\0003\000.\0002\000\040\000l\000a\000t\000\137\000r\000a\000d}{subsection.5.6.3}% 82
\BOOKMARK [3][-]{subsubsection.5.6.3.3}{\376\377\0005\000.\0006\000.\0003\000.\0003\000\040\000l\000o\000n\000\137\000r\000a\000d}{subsection.5.6.3}% 83
\BOOKMARK [3][-]{subsubsection.5.6.3.4}{\376\377\0005\000.\0006\000.\0003\000.\0004\000\040\000n\000u\000m\000\137\000p\000o\000i\000n\000t\000s}{subsection.5.6.3}% 84
\BOOKMARK [1][-]{section.5.7}{\376\377\0005\000.\0007\000\040\000s\000t\000d\000:\000:\000h\000a\000s\000h\000<\000:\000:\000D\000a\000t\000e\000\040\000>\000\040\000S\000t\000r\000u\000c\000t\000\040\000R\000e\000f\000e\000r\000e\000n\000c\000e}{chapter.5}% 85
\BOOKMARK [2][-]{subsection.5.7.1}{\376\377\0005\000.\0007\000.\0001\000\040\000D\000e\000t\000a\000i\000l\000e\000d\000\040\000D\000e\000s\000c\000r\000i\000p\000t\000i\000o\000n}{section.5.7}% 86
\BOOKMARK [2][-]{subsection.5.7.2}{\376\377\0005\000.\0007\000.\0002\000\040\000M\000e\000m\000b\000e\000r\000\040\000F\000u\000n\000c\000t\000i\000o\000n\000\040\000D\000o\000c\000u\000m\000e\000n\000t\000a\000t\000i\000o\000n}{section.5.7}% 87
\BOOKMARK [3][-]{subsubsection.5.7.2.1}{\376\377\0005\000.\0007\000.\0002\000.\0001\000\040\000o\000p\000e\000r\000a\000t\000o\000r\000\050\000\051\000\050\000\051}{subsection.5.7.2}% 88
\BOOKMARK [1][-]{section.5.8}{\376\377\0005\000.\0008\000\040\000p\000k\000d\0002\000:\000:\000H\000e\000a\000d\000e\000r\000\040\000S\000t\000r\000u\000c\000t\000\040\000R\000e\000f\000e\000r\000e\000n\000c\000e}{chapter.5}% 89
\BOOKMARK [2][-]{subsection.5.8.1}{\376\377\0005\000.\0008\000.\0001\000\040\000D\000e\000t\000a\000i\000l\000e\000d\000\040\000D\000e\000s\000c\000r\000i\000p\000t\000i\000o\000n}{section.5.8}% 90
\BOOKMARK [2][-]{subsection.5.8.2}{\376\377\0005\000.\0008\000.\0002\000\040\000M\000e\000m\000b\000e\000r\000\040\000D\000a\000t\000a\000\040\000D\000o\000c\000u\000m\000e\000n\000t\000a\000t\000i\000o\000n}{section.5.8}% 91
\BOOKMARK [3][-]{subsubsection.5.8.2.1}{\376\377\0005\000.\0008\000.\0002\000.\0001\000\040\000\137\000r\0001}{subsection.5.8.2}% 92
\BOOKMARK [3][-]{subsubsection.5.8.2.2}{\376\377\0005\000.\0008\000.\0002\000.\0002\000\040\000\137\000r\0002}{subsection.5.8.2}% 93
\BOOKMARK [3][-]{subsubsection.5.8.2.3}{\376\377\0005\000.\0008\000.\0002\000.\0003\000\040\000\137\000r\0003}{subsection.5.8.2}% 94
\BOOKMARK [3][-]{subsubsection.5.8.2.4}{\376\377\0005\000.\0008\000.\0002\000.\0004\000\040\000d\000t\000\137\000s}{subsection.5.8.2}% 95
\BOOKMARK [3][-]{subsubsection.5.8.2.5}{\376\377\0005\000.\0008\000.\0002\000.\0005\000\040\000l\000i\000t\000t\000l\000e}{subsection.5.8.2}% 96
\BOOKMARK [3][-]{subsubsection.5.8.2.6}{\376\377\0005\000.\0008\000.\0002\000.\0006\000\040\000m\000a\000g\000i\000c}{subsection.5.8.2}% 97
\BOOKMARK [3][-]{subsubsection.5.8.2.7}{\376\377\0005\000.\0008\000.\0002\000.\0007\000\040\000n\000\137\000t\000r\000a\000j}{subsection.5.8.2}% 98
\BOOKMARK [3][-]{subsubsection.5.8.2.8}{\376\377\0005\000.\0008\000.\0002\000.\0008\000\040\000p\000o\000s\000\137\000s\000c\000a\000l\000e\000\137\000t\000i\000c\000k\000s\000\137\000p\000e\000r\000\137\000r\000a\000d}{subsection.5.8.2}% 99
\BOOKMARK [3][-]{subsubsection.5.8.2.9}{\376\377\0005\000.\0008\000.\0002\000.\0009\000\040\000t\0000\000\137\000e\000p\000o\000c\000h\000\137\000s}{subsection.5.8.2}% 100
\BOOKMARK [3][-]{subsubsection.5.8.2.10}{\376\377\0005\000.\0008\000.\0002\000.\0001\0000\000\040\000t\000o\000c\000\137\000o\000f\000f\000s\000e\000t}{subsection.5.8.2}% 101
\BOOKMARK [3][-]{subsubsection.5.8.2.11}{\376\377\0005\000.\0008\000.\0002\000.\0001\0001\000\040\000v\000e\000r\000s\000i\000o\000n}{subsection.5.8.2}% 102
\BOOKMARK [1][-]{section.5.9}{\376\377\0005\000.\0009\000\040\000D\000a\000t\000e\000R\000a\000n\000g\000e\000:\000:\000i\000t\000e\000r\000a\000t\000o\000r\000\040\000S\000t\000r\000u\000c\000t\000\040\000R\000e\000f\000e\000r\000e\000n\000c\000e}{chapter.5}% 103
\BOOKMARK [2][-]{subsection.5.9.1}{\376\377\0005\000.\0009\000.\0001\000\040\000D\000e\000t\000a\000i\000l\000e\000d\000\040\000D\000e\000s\000c\000r\000i\000p\000t\000i\000o\000n}{section.5.9}% 104
\BOOKMARK [2][-]{subsection.5.9.2}{\376\377\0005\000.\0009\000.\0002\000\040\000C\000o\000n\000s\000t\000r\000u\000c\000t\000o\000r\000\040\000\046\000\040\000D\000e\000s\000t\000r\000u\000c\000t\000o\000r\000\040\000D\000o\000c\000u\000m\000e\000n\000t\000a\000t\000i\000o\000n}{section.5.9}% 105
\BOOKMARK [3][-]{subsubsection.5.9.2.1}{\376\377\0005\000.\0009\000.\0002\000.\0001\000\040\000i\000t\000e\000r\000a\000t\000o\000r\000\050\000\051}{subsection.5.9.2}% 106
\BOOKMARK [2][-]{subsection.5.9.3}{\376\377\0005\000.\0009\000.\0003\000\040\000M\000e\000m\000b\000e\000r\000\040\000F\000u\000n\000c\000t\000i\000o\000n\000\040\000D\000o\000c\000u\000m\000e\000n\000t\000a\000t\000i\000o\000n}{section.5.9}% 107
\BOOKMARK [3][-]{subsubsection.5.9.3.1}{\376\377\0005\000.\0009\000.\0003\000.\0001\000\040\000o\000p\000e\000r\000a\000t\000o\000r\000!\000=\000\050\000\051}{subsection.5.9.3}% 108
\BOOKMARK [3][-]{subsubsection.5.9.3.2}{\376\377\0005\000.\0009\000.\0003\000.\0002\000\040\000o\000p\000e\000r\000a\000t\000o\000r\000*\000\050\000\051}{subsection.5.9.3}% 109
\BOOKMARK [3][-]{subsubsection.5.9.3.3}{\376\377\0005\000.\0009\000.\0003\000.\0003\000\040\000o\000p\000e\000r\000a\000t\000o\000r\000+\000+\000\050\000\051}{subsection.5.9.3}% 110
\BOOKMARK [2][-]{subsection.5.9.4}{\376\377\0005\000.\0009\000.\0004\000\040\000M\000e\000m\000b\000e\000r\000\040\000D\000a\000t\000a\000\040\000D\000o\000c\000u\000m\000e\000n\000t\000a\000t\000i\000o\000n}{section.5.9}% 111
\BOOKMARK [3][-]{subsubsection.5.9.4.1}{\376\377\0005\000.\0009\000.\0004\000.\0001\000\040\000c\000u\000r\000r\000e\000n\000t}{subsection.5.9.4}% 112
\BOOKMARK [3][-]{subsubsection.5.9.4.2}{\376\377\0005\000.\0009\000.\0004\000.\0002\000\040\000l\000a\000s\000t}{subsection.5.9.4}% 113
\BOOKMARK [1][-]{section.5.10}{\376\377\0005\000.\0001\0000\000\040\000p\000a\000r\000t\000i\000c\000l\000e\000\137\000t\000r\000a\000c\000k\000e\000r\000:\000:\000L\000o\000n\000L\000a\000t\000D\000i\000s\000t\000a\000n\000c\000e\000A\000d\000a\000p\000t\000o\000r\000<\000\040\000D\000a\000t\000a\000T\000y\000p\000e\000,\000\040\000D\000a\000t\000a\000s\000e\000t\000A\000d\000a\000p\000t\000o\000r\000\040\000>\000\040\000S\000t\000r\000u\000c\000t\000\040\000T\000e\000m\000p\000l\000a\000t\000e\000\040\000R\000e\000f\000e\000r\000e\000n\000c\000e}{chapter.5}% 114
\BOOKMARK [2][-]{subsection.5.10.1}{\376\377\0005\000.\0001\0000\000.\0001\000\040\000D\000e\000t\000a\000i\000l\000e\000d\000\040\000D\000e\000s\000c\000r\000i\000p\000t\000i\000o\000n}{section.5.10}% 115
\BOOKMARK [2][-]{subsection.5.10.2}{\376\377\0005\000.\0001\0000\000.\0002\000\040\000M\000e\000m\000b\000e\000r\000\040\000T\000y\000p\000e\000d\000e\000f\000\040\000D\000o\000c\000u\000m\000e\000n\000t\000a\000t\000i\000o\000n}{section.5.10}% 116
\BOOKMARK [3][-]{subsubsection.5.10.2.1}{\376\377\0005\000.\0001\0000\000.\0002\000.\0001\000\040\000D\000i\000s\000t\000a\000n\000c\000e\000T\000y\000p\000e}{subsection.5.10.2}% 117
\BOOKMARK [3][-]{subsubsection.5.10.2.2}{\376\377\0005\000.\0001\0000\000.\0002\000.\0002\000\040\000E\000l\000e\000m\000e\000n\000t\000T\000y\000p\000e}{subsection.5.10.2}% 118
\BOOKMARK [2][-]{subsection.5.10.3}{\376\377\0005\000.\0001\0000\000.\0003\000\040\000C\000o\000n\000s\000t\000r\000u\000c\000t\000o\000r\000\040\000\046\000\040\000D\000e\000s\000t\000r\000u\000c\000t\000o\000r\000\040\000D\000o\000c\000u\000m\000e\000n\000t\000a\000t\000i\000o\000n}{section.5.10}% 119
\BOOKMARK [3][-]{subsubsection.5.10.3.1}{\376\377\0005\000.\0001\0000\000.\0003\000.\0001\000\040\000L\000o\000n\000L\000a\000t\000D\000i\000s\000t\000a\000n\000c\000e\000A\000d\000a\000p\000t\000o\000r\000\050\000\051}{subsection.5.10.3}% 120
\BOOKMARK [2][-]{subsection.5.10.4}{\376\377\0005\000.\0001\0000\000.\0004\000\040\000M\000e\000m\000b\000e\000r\000\040\000F\000u\000n\000c\000t\000i\000o\000n\000\040\000D\000o\000c\000u\000m\000e\000n\000t\000a\000t\000i\000o\000n}{section.5.10}% 121
\BOOKMARK [3][-]{subsubsection.5.10.4.1}{\376\377\0005\000.\0001\0000\000.\0004\000.\0001\000\040\000a\000c\000c\000u\000m\000\137\000d\000i\000s\000t\000\050\000\051}{subsection.5.10.4}% 122
\BOOKMARK [3][-]{subsubsection.5.10.4.2}{\376\377\0005\000.\0001\0000\000.\0004\000.\0002\000\040\000e\000v\000a\000l\000M\000e\000t\000r\000i\000c\000\050\000\051\000\040\000[\0001\000/\0002\000]}{subsection.5.10.4}% 123
\BOOKMARK [3][-]{subsubsection.5.10.4.3}{\376\377\0005\000.\0001\0000\000.\0004\000.\0003\000\040\000e\000v\000a\000l\000M\000e\000t\000r\000i\000c\000\050\000\051\000\040\000[\0002\000/\0002\000]}{subsection.5.10.4}% 124
\BOOKMARK [3][-]{subsubsection.5.10.4.4}{\376\377\0005\000.\0001\0000\000.\0004\000.\0004\000\040\000g\000e\000t\000P\000o\000i\000n\000t\000\050\000\051}{subsection.5.10.4}% 125
\BOOKMARK [2][-]{subsection.5.10.5}{\376\377\0005\000.\0001\0000\000.\0005\000\040\000M\000e\000m\000b\000e\000r\000\040\000D\000a\000t\000a\000\040\000D\000o\000c\000u\000m\000e\000n\000t\000a\000t\000i\000o\000n}{section.5.10}% 126
\BOOKMARK [3][-]{subsubsection.5.10.5.1}{\376\377\0005\000.\0001\0000\000.\0005\000.\0001\000\040\000d\000a\000t\000a}{subsection.5.10.5}% 127
\BOOKMARK [1][-]{section.5.11}{\376\377\0005\000.\0001\0001\000\040\000M\000o\000n\000t\000h\000D\000a\000t\000a\000\040\000S\000t\000r\000u\000c\000t\000\040\000R\000e\000f\000e\000r\000e\000n\000c\000e}{chapter.5}% 128
\BOOKMARK [2][-]{subsection.5.11.1}{\376\377\0005\000.\0001\0001\000.\0001\000\040\000D\000e\000t\000a\000i\000l\000e\000d\000\040\000D\000e\000s\000c\000r\000i\000p\000t\000i\000o\000n}{section.5.11}% 129
\BOOKMARK [2][-]{subsection.5.11.2}{\376\377\0005\000.\0001\0001\000.\0002\000\040\000M\000e\000m\000b\000e\000r\000\040\000D\000a\000t\000a\000\040\000D\000o\000c\000u\000m\000e\000n\000t\000a\000t\000i\000o\000n}{section.5.11}% 130
\BOOKMARK [3][-]{subsubsection.5.11.2.1}{\376\377\0005\000.\0001\0001\000.\0002\000.\0001\000\040\000g\000r\000i\000d\000\137\0001}{subsection.5.11.2}% 131
\BOOKMARK [3][-]{subsubsection.5.11.2.2}{\376\377\0005\000.\0001\0001\000.\0002\000.\0002\000\040\000g\000r\000i\000d\000\137\0002}{subsection.5.11.2}% 132
\BOOKMARK [3][-]{subsubsection.5.11.2.3}{\376\377\0005\000.\0001\0001\000.\0002\000.\0003\000\040\000k\000d\000\137\000l\000a\000n\000d}{subsection.5.11.2}% 133
\BOOKMARK [3][-]{subsubsection.5.11.2.4}{\376\377\0005\000.\0001\0001\000.\0002\000.\0004\000\040\000k\000d\000\137\000s\000e\000a}{subsection.5.11.2}% 134
\BOOKMARK [3][-]{subsubsection.5.11.2.5}{\376\377\0005\000.\0001\0001\000.\0002\000.\0005\000\040\000l\000a\000n\000d\000\137\000c\000l\000o\000u\000d}{subsection.5.11.2}% 135
\BOOKMARK [3][-]{subsubsection.5.11.2.6}{\376\377\0005\000.\0001\0001\000.\0002\000.\0006\000\040\000m\000o\000n\000t\000h}{subsection.5.11.2}% 136
\BOOKMARK [3][-]{subsubsection.5.11.2.7}{\376\377\0005\000.\0001\0001\000.\0002\000.\0007\000\040\000s\000e\000a\000\137\000c\000l\000o\000u\000d}{subsection.5.11.2}% 137
\BOOKMARK [3][-]{subsubsection.5.11.2.8}{\376\377\0005\000.\0001\0001\000.\0002\000.\0008\000\040\000s\000e\000a\000\137\000i\000d\000x\000\137\0001}{subsection.5.11.2}% 138
\BOOKMARK [3][-]{subsubsection.5.11.2.9}{\376\377\0005\000.\0001\0001\000.\0002\000.\0009\000\040\000s\000e\000a\000\137\000i\000d\000x\000\137\0002}{subsection.5.11.2}% 139
\BOOKMARK [3][-]{subsubsection.5.11.2.10}{\376\377\0005\000.\0001\0001\000.\0002\000.\0001\0000\000\040\000s\000e\000a\000\137\000x}{subsection.5.11.2}% 140
\BOOKMARK [3][-]{subsubsection.5.11.2.11}{\376\377\0005\000.\0001\0001\000.\0002\000.\0001\0001\000\040\000s\000e\000a\000\137\000y}{subsection.5.11.2}% 141
\BOOKMARK [3][-]{subsubsection.5.11.2.12}{\376\377\0005\000.\0001\0001\000.\0002\000.\0001\0002\000\040\000s\000p\000l}{subsection.5.11.2}% 142
\BOOKMARK [3][-]{subsubsection.5.11.2.13}{\376\377\0005\000.\0001\0001\000.\0002\000.\0001\0003\000\040\000s\000p\000l\000\137\0001}{subsection.5.11.2}% 143
\BOOKMARK [3][-]{subsubsection.5.11.2.14}{\376\377\0005\000.\0001\0001\000.\0002\000.\0001\0004\000\040\000s\000p\000l\000\137\0002}{subsection.5.11.2}% 144
\BOOKMARK [1][-]{section.5.12}{\376\377\0005\000.\0001\0002\000\040\000p\000a\000r\000t\000i\000c\000l\000e\000\137\000t\000r\000a\000c\000k\000e\000r\000:\000:\000M\000o\000n\000t\000h\000D\000a\000t\000a\000\040\000S\000t\000r\000u\000c\000t\000\040\000R\000e\000f\000e\000r\000e\000n\000c\000e}{chapter.5}% 145
\BOOKMARK [2][-]{subsection.5.12.1}{\376\377\0005\000.\0001\0002\000.\0001\000\040\000D\000e\000t\000a\000i\000l\000e\000d\000\040\000D\000e\000s\000c\000r\000i\000p\000t\000i\000o\000n}{section.5.12}% 146
\BOOKMARK [2][-]{subsection.5.12.2}{\376\377\0005\000.\0001\0002\000.\0002\000\040\000M\000e\000m\000b\000e\000r\000\040\000D\000a\000t\000a\000\040\000D\000o\000c\000u\000m\000e\000n\000t\000a\000t\000i\000o\000n}{section.5.12}% 147
\BOOKMARK [3][-]{subsubsection.5.12.2.1}{\376\377\0005\000.\0001\0002\000.\0002\000.\0001\000\040\000g\000r\000i\000d\000\137\0001}{subsection.5.12.2}% 148
\BOOKMARK [3][-]{subsubsection.5.12.2.2}{\376\377\0005\000.\0001\0002\000.\0002\000.\0002\000\040\000g\000r\000i\000d\000\137\0002}{subsection.5.12.2}% 149
\BOOKMARK [3][-]{subsubsection.5.12.2.3}{\376\377\0005\000.\0001\0002\000.\0002\000.\0003\000\040\000k\000d\000\137\000l\000a\000n\000d}{subsection.5.12.2}% 150
\BOOKMARK [3][-]{subsubsection.5.12.2.4}{\376\377\0005\000.\0001\0002\000.\0002\000.\0004\000\040\000k\000d\000\137\000s\000e\000a}{subsection.5.12.2}% 151
\BOOKMARK [3][-]{subsubsection.5.12.2.5}{\376\377\0005\000.\0001\0002\000.\0002\000.\0005\000\040\000l\000a\000n\000d\000\137\000c\000l\000o\000u\000d}{subsection.5.12.2}% 152
\BOOKMARK [3][-]{subsubsection.5.12.2.6}{\376\377\0005\000.\0001\0002\000.\0002\000.\0006\000\040\000m\000o\000n\000t\000h}{subsection.5.12.2}% 153
\BOOKMARK [3][-]{subsubsection.5.12.2.7}{\376\377\0005\000.\0001\0002\000.\0002\000.\0007\000\040\000s\000e\000a\000\137\000c\000l\000o\000u\000d}{subsection.5.12.2}% 154
\BOOKMARK [3][-]{subsubsection.5.12.2.8}{\376\377\0005\000.\0001\0002\000.\0002\000.\0008\000\040\000s\000e\000a\000\137\000i\000d\000x\000\137\0001}{subsection.5.12.2}% 155
\BOOKMARK [3][-]{subsubsection.5.12.2.9}{\376\377\0005\000.\0001\0002\000.\0002\000.\0009\000\040\000s\000e\000a\000\137\000i\000d\000x\000\137\0002}{subsection.5.12.2}% 156
\BOOKMARK [3][-]{subsubsection.5.12.2.10}{\376\377\0005\000.\0001\0002\000.\0002\000.\0001\0000\000\040\000s\000e\000a\000\137\000x}{subsection.5.12.2}% 157
\BOOKMARK [3][-]{subsubsection.5.12.2.11}{\376\377\0005\000.\0001\0002\000.\0002\000.\0001\0001\000\040\000s\000e\000a\000\137\000y}{subsection.5.12.2}% 158
\BOOKMARK [3][-]{subsubsection.5.12.2.12}{\376\377\0005\000.\0001\0002\000.\0002\000.\0001\0002\000\040\000s\000p\000l}{subsection.5.12.2}% 159
\BOOKMARK [3][-]{subsubsection.5.12.2.13}{\376\377\0005\000.\0001\0002\000.\0002\000.\0001\0003\000\040\000s\000p\000l\000\137\0001}{subsection.5.12.2}% 160
\BOOKMARK [3][-]{subsubsection.5.12.2.14}{\376\377\0005\000.\0001\0002\000.\0002\000.\0001\0004\000\040\000s\000p\000l\000\137\0002}{subsection.5.12.2}% 161
\BOOKMARK [1][-]{section.5.13}{\376\377\0005\000.\0001\0003\000\040\000N\000e\000i\000g\000h\000b\000o\000r\000<\000\040\000D\000a\000t\000a\000T\000y\000p\000e\000\040\000>\000\040\000S\000t\000r\000u\000c\000t\000\040\000T\000e\000m\000p\000l\000a\000t\000e\000\040\000R\000e\000f\000e\000r\000e\000n\000c\000e}{chapter.5}% 162
\BOOKMARK [2][-]{subsection.5.13.1}{\376\377\0005\000.\0001\0003\000.\0001\000\040\000D\000e\000t\000a\000i\000l\000e\000d\000\040\000D\000e\000s\000c\000r\000i\000p\000t\000i\000o\000n}{section.5.13}% 163
\BOOKMARK [2][-]{subsection.5.13.2}{\376\377\0005\000.\0001\0003\000.\0002\000\040\000C\000o\000n\000s\000t\000r\000u\000c\000t\000o\000r\000\040\000\046\000\040\000D\000e\000s\000t\000r\000u\000c\000t\000o\000r\000\040\000D\000o\000c\000u\000m\000e\000n\000t\000a\000t\000i\000o\000n}{section.5.13}% 164
\BOOKMARK [3][-]{subsubsection.5.13.2.1}{\376\377\0005\000.\0001\0003\000.\0002\000.\0001\000\040\000N\000e\000i\000g\000h\000b\000o\000r\000\050\000\051}{subsection.5.13.2}% 165
\BOOKMARK [2][-]{subsection.5.13.3}{\376\377\0005\000.\0001\0003\000.\0003\000\040\000M\000e\000m\000b\000e\000r\000\040\000D\000a\000t\000a\000\040\000D\000o\000c\000u\000m\000e\000n\000t\000a\000t\000i\000o\000n}{section.5.13}% 166
\BOOKMARK [3][-]{subsubsection.5.13.3.1}{\376\377\0005\000.\0001\0003\000.\0003\000.\0001\000\040\000d\000i\000s\000t}{subsection.5.13.3}% 167
\BOOKMARK [3][-]{subsubsection.5.13.3.2}{\376\377\0005\000.\0001\0003\000.\0003\000.\0002\000\040\000i\000n\000d}{subsection.5.13.3}% 168
\BOOKMARK [3][-]{subsubsection.5.13.3.3}{\376\377\0005\000.\0001\0003\000.\0003\000.\0003\000\040\000w\000e\000i\000g\000h\000t}{subsection.5.13.3}% 169
\BOOKMARK [1][-]{section.5.14}{\376\377\0005\000.\0001\0004\000\040\000p\000a\000r\000t\000i\000c\000l\000e\000\137\000t\000r\000a\000c\000k\000e\000r\000:\000:\000N\000e\000i\000g\000h\000b\000o\000r\000<\000\040\000D\000a\000t\000a\000T\000y\000p\000e\000\040\000>\000\040\000S\000t\000r\000u\000c\000t\000\040\000T\000e\000m\000p\000l\000a\000t\000e\000\040\000R\000e\000f\000e\000r\000e\000n\000c\000e}{chapter.5}% 170
\BOOKMARK [2][-]{subsection.5.14.1}{\376\377\0005\000.\0001\0004\000.\0001\000\040\000D\000e\000t\000a\000i\000l\000e\000d\000\040\000D\000e\000s\000c\000r\000i\000p\000t\000i\000o\000n}{section.5.14}% 171
\BOOKMARK [2][-]{subsection.5.14.2}{\376\377\0005\000.\0001\0004\000.\0002\000\040\000C\000o\000n\000s\000t\000r\000u\000c\000t\000o\000r\000\040\000\046\000\040\000D\000e\000s\000t\000r\000u\000c\000t\000o\000r\000\040\000D\000o\000c\000u\000m\000e\000n\000t\000a\000t\000i\000o\000n}{section.5.14}% 172
\BOOKMARK [3][-]{subsubsection.5.14.2.1}{\376\377\0005\000.\0001\0004\000.\0002\000.\0001\000\040\000N\000e\000i\000g\000h\000b\000o\000r\000\050\000\051}{subsection.5.14.2}% 173
\BOOKMARK [2][-]{subsection.5.14.3}{\376\377\0005\000.\0001\0004\000.\0003\000\040\000M\000e\000m\000b\000e\000r\000\040\000D\000a\000t\000a\000\040\000D\000o\000c\000u\000m\000e\000n\000t\000a\000t\000i\000o\000n}{section.5.14}% 174
\BOOKMARK [3][-]{subsubsection.5.14.3.1}{\376\377\0005\000.\0001\0004\000.\0003\000.\0001\000\040\000d\000i\000s\000t}{subsection.5.14.3}% 175
\BOOKMARK [3][-]{subsubsection.5.14.3.2}{\376\377\0005\000.\0001\0004\000.\0003\000.\0002\000\040\000i\000n\000d}{subsection.5.14.3}% 176
\BOOKMARK [3][-]{subsubsection.5.14.3.3}{\376\377\0005\000.\0001\0004\000.\0003\000.\0003\000\040\000w\000e\000i\000g\000h\000t}{subsection.5.14.3}% 177
\BOOKMARK [1][-]{section.5.15}{\376\377\0005\000.\0001\0005\000\040\000p\000a\000r\000t\000i\000c\000l\000e\000\137\000t\000r\000a\000c\000k\000e\000r\000:\000:\000N\000e\000i\000g\000h\000b\000o\000r\000P\000r\000i\000m\000e\000<\000\040\000D\000a\000t\000a\000T\000y\000p\000e\000\040\000>\000\040\000S\000t\000r\000u\000c\000t\000\040\000T\000e\000m\000p\000l\000a\000t\000e\000\040\000R\000e\000f\000e\000r\000e\000n\000c\000e}{chapter.5}% 178
\BOOKMARK [2][-]{subsection.5.15.1}{\376\377\0005\000.\0001\0005\000.\0001\000\040\000D\000e\000t\000a\000i\000l\000e\000d\000\040\000D\000e\000s\000c\000r\000i\000p\000t\000i\000o\000n}{section.5.15}% 179
\BOOKMARK [2][-]{subsection.5.15.2}{\376\377\0005\000.\0001\0005\000.\0002\000\040\000C\000o\000n\000s\000t\000r\000u\000c\000t\000o\000r\000\040\000\046\000\040\000D\000e\000s\000t\000r\000u\000c\000t\000o\000r\000\040\000D\000o\000c\000u\000m\000e\000n\000t\000a\000t\000i\000o\000n}{section.5.15}% 180
\BOOKMARK [3][-]{subsubsection.5.15.2.1}{\376\377\0005\000.\0001\0005\000.\0002\000.\0001\000\040\000N\000e\000i\000g\000h\000b\000o\000r\000P\000r\000i\000m\000e\000\050\000\051}{subsection.5.15.2}% 181
\BOOKMARK [2][-]{subsection.5.15.3}{\376\377\0005\000.\0001\0005\000.\0003\000\040\000M\000e\000m\000b\000e\000r\000\040\000D\000a\000t\000a\000\040\000D\000o\000c\000u\000m\000e\000n\000t\000a\000t\000i\000o\000n}{section.5.15}% 182
\BOOKMARK [3][-]{subsubsection.5.15.3.1}{\376\377\0005\000.\0001\0005\000.\0003\000.\0001\000\040\000d\000i\000s\000t\000\137\000p\000r\000i\000m\000e}{subsection.5.15.3}% 183
\BOOKMARK [3][-]{subsubsection.5.15.3.2}{\376\377\0005\000.\0001\0005\000.\0003\000.\0002\000\040\000i\000n\000d\000\137\000p\000r\000i\000m\000e}{subsection.5.15.3}% 184
\BOOKMARK [3][-]{subsubsection.5.15.3.3}{\376\377\0005\000.\0001\0005\000.\0003\000.\0003\000\040\000w\000e\000i\000g\000h\000t\000\137\000p\000r\000i\000m\000e}{subsection.5.15.3}% 185
\BOOKMARK [1][-]{section.5.16}{\376\377\0005\000.\0001\0006\000\040\000N\000e\000i\000g\000h\000b\000o\000r\000s\000D\000a\000t\000a\000<\000\040\000D\000a\000t\000a\000T\000y\000p\000e\000,\000\040\000T\000i\000m\000e\000T\000y\000p\000e\000\040\000>\000\040\000C\000l\000a\000s\000s\000\040\000T\000e\000m\000p\000l\000a\000t\000e\000\040\000R\000e\000f\000e\000r\000e\000n\000c\000e}{chapter.5}% 186
\BOOKMARK [2][-]{subsection.5.16.1}{\376\377\0005\000.\0001\0006\000.\0001\000\040\000D\000e\000t\000a\000i\000l\000e\000d\000\040\000D\000e\000s\000c\000r\000i\000p\000t\000i\000o\000n}{section.5.16}% 187
\BOOKMARK [2][-]{subsection.5.16.2}{\376\377\0005\000.\0001\0006\000.\0002\000\040\000C\000o\000n\000s\000t\000r\000u\000c\000t\000o\000r\000\040\000\046\000\040\000D\000e\000s\000t\000r\000u\000c\000t\000o\000r\000\040\000D\000o\000c\000u\000m\000e\000n\000t\000a\000t\000i\000o\000n}{section.5.16}% 188
\BOOKMARK [3][-]{subsubsection.5.16.2.1}{\376\377\0005\000.\0001\0006\000.\0002\000.\0001\000\040\000N\000e\000i\000g\000h\000b\000o\000r\000s\000D\000a\000t\000a\000\050\000\051}{subsection.5.16.2}% 189
\BOOKMARK [2][-]{subsection.5.16.3}{\376\377\0005\000.\0001\0006\000.\0003\000\040\000M\000e\000m\000b\000e\000r\000\040\000F\000u\000n\000c\000t\000i\000o\000n\000\040\000D\000o\000c\000u\000m\000e\000n\000t\000a\000t\000i\000o\000n}{section.5.16}% 190
\BOOKMARK [3][-]{subsubsection.5.16.3.1}{\376\377\0005\000.\0001\0006\000.\0003\000.\0001\000\040\000c\000a\000l\000c\000u\000l\000a\000t\000e\000V\000a\000r\000i\000a\000b\000l\000e\000s\000\050\000\051}{subsection.5.16.3}% 191
\BOOKMARK [3][-]{subsubsection.5.16.3.2}{\376\377\0005\000.\0001\0006\000.\0003\000.\0002\000\040\000c\000a\000l\000c\000u\000l\000a\000t\000e\000V\000a\000r\000i\000a\000b\000l\000e\000s\000U\000p\000d\000a\000t\000e\000\050\000\051}{subsection.5.16.3}% 192
\BOOKMARK [3][-]{subsubsection.5.16.3.3}{\376\377\0005\000.\0001\0006\000.\0003\000.\0003\000\040\000c\000o\000m\000p\000u\000t\000e\000N\000e\000i\000g\000h\000b\000o\000r\000s\000\050\000\051}{subsection.5.16.3}% 193
\BOOKMARK [3][-]{subsubsection.5.16.3.4}{\376\377\0005\000.\0001\0006\000.\0003\000.\0004\000\040\000i\000n\000t\000e\000r\000p\000o\000l\000a\000t\000e\000V\000a\000r\000i\000a\000b\000l\000e\000s\000\050\000\051}{subsection.5.16.3}% 194
\BOOKMARK [3][-]{subsubsection.5.16.3.5}{\376\377\0005\000.\0001\0006\000.\0003\000.\0005\000\040\000u\000p\000d\000a\000t\000e\000N\000e\000i\000g\000h\000b\000o\000r\000W\000e\000i\000g\000h\000t\000s\000\050\000\051}{subsection.5.16.3}% 195
\BOOKMARK [1][-]{section.5.17}{\376\377\0005\000.\0001\0007\000\040\000p\000a\000r\000t\000i\000c\000l\000e\000\137\000t\000r\000a\000c\000k\000e\000r\000:\000:\000N\000e\000i\000g\000h\000b\000o\000r\000s\000D\000a\000t\000a\000<\000\040\000D\000a\000t\000a\000T\000y\000p\000e\000,\000\040\000T\000i\000m\000e\000T\000y\000p\000e\000\040\000>\000\040\000C\000l\000a\000s\000s\000\040\000T\000e\000m\000p\000l\000a\000t\000e\000\040\000R\000e\000f\000e\000r\000e\000n\000c\000e}{chapter.5}% 196
\BOOKMARK [2][-]{subsection.5.17.1}{\376\377\0005\000.\0001\0007\000.\0001\000\040\000D\000e\000t\000a\000i\000l\000e\000d\000\040\000D\000e\000s\000c\000r\000i\000p\000t\000i\000o\000n}{section.5.17}% 197
\BOOKMARK [2][-]{subsection.5.17.2}{\376\377\0005\000.\0001\0007\000.\0002\000\040\000C\000o\000n\000s\000t\000r\000u\000c\000t\000o\000r\000\040\000\046\000\040\000D\000e\000s\000t\000r\000u\000c\000t\000o\000r\000\040\000D\000o\000c\000u\000m\000e\000n\000t\000a\000t\000i\000o\000n}{section.5.17}% 198
\BOOKMARK [3][-]{subsubsection.5.17.2.1}{\376\377\0005\000.\0001\0007\000.\0002\000.\0001\000\040\000N\000e\000i\000g\000h\000b\000o\000r\000s\000D\000a\000t\000a\000\050\000\051}{subsection.5.17.2}% 199
\BOOKMARK [2][-]{subsection.5.17.3}{\376\377\0005\000.\0001\0007\000.\0003\000\040\000M\000e\000m\000b\000e\000r\000\040\000F\000u\000n\000c\000t\000i\000o\000n\000\040\000D\000o\000c\000u\000m\000e\000n\000t\000a\000t\000i\000o\000n}{section.5.17}% 200
\BOOKMARK [3][-]{subsubsection.5.17.3.1}{\376\377\0005\000.\0001\0007\000.\0003\000.\0001\000\040\000c\000a\000l\000c\000u\000l\000a\000t\000e\000V\000a\000r\000i\000a\000b\000l\000e\000s\000\050\000\051}{subsection.5.17.3}% 201
\BOOKMARK [3][-]{subsubsection.5.17.3.2}{\376\377\0005\000.\0001\0007\000.\0003\000.\0002\000\040\000c\000a\000l\000c\000u\000l\000a\000t\000e\000V\000a\000r\000i\000a\000b\000l\000e\000s\000U\000p\000d\000a\000t\000e\000\050\000\051}{subsection.5.17.3}% 202
\BOOKMARK [3][-]{subsubsection.5.17.3.3}{\376\377\0005\000.\0001\0007\000.\0003\000.\0003\000\040\000c\000o\000m\000p\000u\000t\000e\000N\000e\000i\000g\000h\000b\000o\000r\000s\000\050\000\051}{subsection.5.17.3}% 203
\BOOKMARK [3][-]{subsubsection.5.17.3.4}{\376\377\0005\000.\0001\0007\000.\0003\000.\0004\000\040\000i\000n\000t\000e\000r\000p\000o\000l\000a\000t\000e\000V\000a\000r\000i\000a\000b\000l\000e\000s\000\050\000\051}{subsection.5.17.3}% 204
\BOOKMARK [3][-]{subsubsection.5.17.3.5}{\376\377\0005\000.\0001\0007\000.\0003\000.\0005\000\040\000u\000p\000d\000a\000t\000e\000N\000e\000i\000g\000h\000b\000o\000r\000W\000e\000i\000g\000h\000t\000s\000\050\000\051}{subsection.5.17.3}% 205
\BOOKMARK [1][-]{section.5.18}{\376\377\0005\000.\0001\0008\000\040\000p\000a\000r\000t\000i\000c\000l\000e\000\137\000t\000r\000a\000c\000k\000e\000r\000:\000:\000N\000e\000i\000g\000h\000b\000o\000r\000W\000i\000t\000h\000N\000e\000i\000g\000h\000b\000o\000r\000s\000<\000\040\000D\000a\000t\000a\000T\000y\000p\000e\000\040\000>\000\040\000S\000t\000r\000u\000c\000t\000\040\000T\000e\000m\000p\000l\000a\000t\000e\000\040\000R\000e\000f\000e\000r\000e\000n\000c\000e}{chapter.5}% 206
\BOOKMARK [2][-]{subsection.5.18.1}{\376\377\0005\000.\0001\0008\000.\0001\000\040\000D\000e\000t\000a\000i\000l\000e\000d\000\040\000D\000e\000s\000c\000r\000i\000p\000t\000i\000o\000n}{section.5.18}% 207
\BOOKMARK [2][-]{subsection.5.18.2}{\376\377\0005\000.\0001\0008\000.\0002\000\040\000C\000o\000n\000s\000t\000r\000u\000c\000t\000o\000r\000\040\000\046\000\040\000D\000e\000s\000t\000r\000u\000c\000t\000o\000r\000\040\000D\000o\000c\000u\000m\000e\000n\000t\000a\000t\000i\000o\000n}{section.5.18}% 208
\BOOKMARK [3][-]{subsubsection.5.18.2.1}{\376\377\0005\000.\0001\0008\000.\0002\000.\0001\000\040\000N\000e\000i\000g\000h\000b\000o\000r\000W\000i\000t\000h\000N\000e\000i\000g\000h\000b\000o\000r\000s\000\050\000\051}{subsection.5.18.2}% 209
\BOOKMARK [2][-]{subsection.5.18.3}{\376\377\0005\000.\0001\0008\000.\0003\000\040\000M\000e\000m\000b\000e\000r\000\040\000D\000a\000t\000a\000\040\000D\000o\000c\000u\000m\000e\000n\000t\000a\000t\000i\000o\000n}{section.5.18}% 210
\BOOKMARK [3][-]{subsubsection.5.18.3.1}{\376\377\0005\000.\0001\0008\000.\0003\000.\0001\000\040\000n\000e\000i\000g\000h\000b\000o\000r\000s\000\137\000p\000r\000i\000m\000e}{subsection.5.18.3}% 211
\BOOKMARK [1][-]{section.5.19}{\376\377\0005\000.\0001\0009\000\040\000p\000a\000r\000t\000i\000c\000l\000e\000\137\000t\000r\000a\000c\000k\000e\000r\000:\000:\000N\000e\000i\000g\000h\000b\000o\000r\000W\000i\000t\000h\000N\000e\000i\000g\000h\000b\000o\000r\000s\000D\000a\000t\000a\000<\000\040\000D\000a\000t\000a\000T\000y\000p\000e\000,\000\040\000T\000i\000m\000e\000T\000y\000p\000e\000\040\000>\000\040\000C\000l\000a\000s\000s\000\040\000T\000e\000m\000p\000l\000a\000t\000e\000\040\000R\000e\000f\000e\000r\000e\000n\000c\000e}{chapter.5}% 212
\BOOKMARK [2][-]{subsection.5.19.1}{\376\377\0005\000.\0001\0009\000.\0001\000\040\000D\000e\000t\000a\000i\000l\000e\000d\000\040\000D\000e\000s\000c\000r\000i\000p\000t\000i\000o\000n}{section.5.19}% 213
\BOOKMARK [3][-]{subsubsection.5.19.1.1}{\376\377\0005\000.\0001\0009\000.\0001\000.\0001\000\040\000T\000w\000o\000-\000l\000e\000v\000e\000l\000\040\000n\000e\000i\000g\000h\000b\000o\000r\000h\000o\000o\000d}{subsection.5.19.1}% 214
\BOOKMARK [3][-]{subsubsection.5.19.1.2}{\376\377\0005\000.\0001\0009\000.\0001\000.\0002\000\040\000D\000e\000r\000i\000v\000a\000t\000i\000v\000e\000\040\000e\000s\000t\000i\000m\000a\000t\000o\000r\000\040\000\050\000h\000e\000u\000r\000i\000s\000t\000i\000c\000\051}{subsection.5.19.1}% 215
\BOOKMARK [3][-]{subsubsection.5.19.1.3}{\376\377\0005\000.\0001\0009\000.\0001\000.\0003\000\040\000D\000a\000t\000e\000l\000i\000n\000e\000\040\000p\000o\000l\000i\000c\000y}{subsection.5.19.1}% 216
\BOOKMARK [3][-]{subsubsection.5.19.1.4}{\376\377\0005\000.\0001\0009\000.\0001\000.\0004\000\040\000L\000o\000u\000d\000\040\000f\000a\000i\000l\000u\000r\000e\000\040\000b\000e\000h\000a\000v\000i\000o\000r}{subsection.5.19.1}% 217
\BOOKMARK [2][-]{subsection.5.19.2}{\376\377\0005\000.\0001\0009\000.\0002\000\040\000C\000o\000n\000s\000t\000r\000u\000c\000t\000o\000r\000\040\000\046\000\040\000D\000e\000s\000t\000r\000u\000c\000t\000o\000r\000\040\000D\000o\000c\000u\000m\000e\000n\000t\000a\000t\000i\000o\000n}{section.5.19}% 218
\BOOKMARK [3][-]{subsubsection.5.19.2.1}{\376\377\0005\000.\0001\0009\000.\0002\000.\0001\000\040\000N\000e\000i\000g\000h\000b\000o\000r\000W\000i\000t\000h\000N\000e\000i\000g\000h\000b\000o\000r\000s\000D\000a\000t\000a\000\050\000\051}{subsection.5.19.2}% 219
\BOOKMARK [2][-]{subsection.5.19.3}{\376\377\0005\000.\0001\0009\000.\0003\000\040\000M\000e\000m\000b\000e\000r\000\040\000F\000u\000n\000c\000t\000i\000o\000n\000\040\000D\000o\000c\000u\000m\000e\000n\000t\000a\000t\000i\000o\000n}{section.5.19}% 220
\BOOKMARK [3][-]{subsubsection.5.19.3.1}{\376\377\0005\000.\0001\0009\000.\0003\000.\0001\000\040\000c\000a\000l\000c\000u\000l\000a\000t\000e\000D\000e\000r\000i\000v\000a\000t\000i\000v\000e\000s\000\050\000\051}{subsection.5.19.3}% 221
\BOOKMARK [3][-]{subsubsection.5.19.3.2}{\376\377\0005\000.\0001\0009\000.\0003\000.\0002\000\040\000c\000a\000l\000c\000u\000l\000a\000t\000e\000D\000e\000r\000i\000v\000a\000t\000i\000v\000e\000s\000U\000p\000d\000a\000t\000e\000\050\000\051}{subsection.5.19.3}% 222
\BOOKMARK [3][-]{subsubsection.5.19.3.3}{\376\377\0005\000.\0001\0009\000.\0003\000.\0003\000\040\000c\000o\000m\000p\000u\000t\000e\000N\000e\000i\000g\000h\000b\000o\000r\000s\000\050\000\051}{subsection.5.19.3}% 223
\BOOKMARK [3][-]{subsubsection.5.19.3.4}{\376\377\0005\000.\0001\0009\000.\0003\000.\0004\000\040\000i\000n\000t\000e\000r\000p\000o\000l\000a\000t\000e\000D\000e\000r\000i\000v\000a\000t\000i\000v\000e\000s\000\050\000\051}{subsection.5.19.3}% 224
\BOOKMARK [3][-]{subsubsection.5.19.3.5}{\376\377\0005\000.\0001\0009\000.\0003\000.\0005\000\040\000u\000p\000d\000a\000t\000e\000N\000e\000i\000g\000h\000b\000o\000r\000W\000e\000i\000g\000h\000t\000s\000\050\000\051}{subsection.5.19.3}% 225
\BOOKMARK [1][-]{section.5.20}{\376\377\0005\000.\0002\0000\000\040\000p\000a\000r\000t\000i\000c\000l\000e\000\137\000t\000r\000a\000c\000k\000e\000r\000:\000:\000N\000e\000t\000C\000D\000F\000D\000a\000t\000a\000L\000o\000a\000d\000e\000r\000<\000\040\000D\000a\000t\000a\000T\000y\000p\000e\000,\000\040\000T\000i\000m\000e\000T\000y\000p\000e\000\040\000>\000\040\000C\000l\000a\000s\000s\000\040\000T\000e\000m\000p\000l\000a\000t\000e\000\040\000R\000e\000f\000e\000r\000e\000n\000c\000e}{chapter.5}% 226
\BOOKMARK [2][-]{subsection.5.20.1}{\376\377\0005\000.\0002\0000\000.\0001\000\040\000D\000e\000t\000a\000i\000l\000e\000d\000\040\000D\000e\000s\000c\000r\000i\000p\000t\000i\000o\000n}{section.5.20}% 227
\BOOKMARK [2][-]{subsection.5.20.2}{\376\377\0005\000.\0002\0000\000.\0002\000\040\000M\000e\000m\000b\000e\000r\000\040\000T\000y\000p\000e\000d\000e\000f\000\040\000D\000o\000c\000u\000m\000e\000n\000t\000a\000t\000i\000o\000n}{section.5.20}% 228
\BOOKMARK [3][-]{subsubsection.5.20.2.1}{\376\377\0005\000.\0002\0000\000.\0002\000.\0001\000\040\000D\000a\000t\000a\000M\000a\000p}{subsection.5.20.2}% 229
\BOOKMARK [2][-]{subsection.5.20.3}{\376\377\0005\000.\0002\0000\000.\0003\000\040\000C\000o\000n\000s\000t\000r\000u\000c\000t\000o\000r\000\040\000\046\000\040\000D\000e\000s\000t\000r\000u\000c\000t\000o\000r\000\040\000D\000o\000c\000u\000m\000e\000n\000t\000a\000t\000i\000o\000n}{section.5.20}% 230
\BOOKMARK [3][-]{subsubsection.5.20.3.1}{\376\377\0005\000.\0002\0000\000.\0003\000.\0001\000\040\000N\000e\000t\000C\000D\000F\000D\000a\000t\000a\000L\000o\000a\000d\000e\000r\000\050\000\051}{subsection.5.20.3}% 231
\BOOKMARK [2][-]{subsection.5.20.4}{\376\377\0005\000.\0002\0000\000.\0004\000\040\000M\000e\000m\000b\000e\000r\000\040\000F\000u\000n\000c\000t\000i\000o\000n\000\040\000D\000o\000c\000u\000m\000e\000n\000t\000a\000t\000i\000o\000n}{section.5.20}% 232
\BOOKMARK [3][-]{subsubsection.5.20.4.1}{\376\377\0005\000.\0002\0000\000.\0004\000.\0001\000\040\000g\000e\000t\000N\000e\000t\000C\000D\000F\000V\000a\000r\000i\000a\000b\000l\000e\000\050\000\051}{subsection.5.20.4}% 233
\BOOKMARK [3][-]{subsubsection.5.20.4.2}{\376\377\0005\000.\0002\0000\000.\0004\000.\0002\000\040\000g\000e\000t\000T\000i\000m\000e\000V\000a\000l\000u\000e\000s\000\050\000\051}{subsection.5.20.4}% 234
\BOOKMARK [3][-]{subsubsection.5.20.4.3}{\376\377\0005\000.\0002\0000\000.\0004\000.\0003\000\040\000g\000e\000t\000V\000a\000r\000i\000a\000b\000l\000e\000D\000a\000t\000a\000\050\000\051}{subsection.5.20.4}% 235
\BOOKMARK [3][-]{subsubsection.5.20.4.4}{\376\377\0005\000.\0002\0000\000.\0004\000.\0004\000\040\000g\000e\000t\000V\000a\000r\000i\000a\000b\000l\000e\000D\000a\000t\000a\000A\000t\000I\000n\000d\000e\000x\000\050\000\051}{subsection.5.20.4}% 236
\BOOKMARK [3][-]{subsubsection.5.20.4.5}{\376\377\0005\000.\0002\0000\000.\0004\000.\0005\000\040\000g\000e\000t\000V\000a\000r\000i\000a\000b\000l\000e\000S\000h\000a\000p\000e\000\050\000\051}{subsection.5.20.4}% 237
\BOOKMARK [3][-]{subsubsection.5.20.4.6}{\376\377\0005\000.\0002\0000\000.\0004\000.\0006\000\040\000g\000e\000t\000V\000a\000r\000i\000a\000b\000l\000e\000T\000y\000p\000e\000\050\000\051}{subsection.5.20.4}% 238
\BOOKMARK [3][-]{subsubsection.5.20.4.7}{\376\377\0005\000.\0002\0000\000.\0004\000.\0007\000\040\000l\000o\000a\000d\000D\000a\000t\000a\000\050\000\051}{subsection.5.20.4}% 239
\BOOKMARK [1][-]{section.5.21}{\376\377\0005\000.\0002\0001\000\040\000p\000a\000r\000t\000i\000c\000l\000e\000\137\000t\000r\000a\000c\000k\000e\000r\000:\000:\000N\000e\000t\000C\000D\000F\000P\000r\000o\000c\000e\000s\000s\000o\000r\000<\000\040\000D\000a\000t\000a\000T\000y\000p\000e\000,\000\040\000T\000i\000m\000e\000T\000y\000p\000e\000\040\000>\000\040\000C\000l\000a\000s\000s\000\040\000T\000e\000m\000p\000l\000a\000t\000e\000\040\000R\000e\000f\000e\000r\000e\000n\000c\000e}{chapter.5}% 240
\BOOKMARK [2][-]{subsection.5.21.1}{\376\377\0005\000.\0002\0001\000.\0001\000\040\000D\000e\000t\000a\000i\000l\000e\000d\000\040\000D\000e\000s\000c\000r\000i\000p\000t\000i\000o\000n}{section.5.21}% 241
\BOOKMARK [2][-]{subsection.5.21.2}{\376\377\0005\000.\0002\0001\000.\0002\000\040\000M\000e\000m\000b\000e\000r\000\040\000T\000y\000p\000e\000d\000e\000f\000\040\000D\000o\000c\000u\000m\000e\000n\000t\000a\000t\000i\000o\000n}{section.5.21}% 242
\BOOKMARK [3][-]{subsubsection.5.21.2.1}{\376\377\0005\000.\0002\0001\000.\0002\000.\0001\000\040\000D\000a\000t\000a\000M\000a\000p}{subsection.5.21.2}% 243
\BOOKMARK [3][-]{subsubsection.5.21.2.2}{\376\377\0005\000.\0002\0001\000.\0002\000.\0002\000\040\000V\000a\000r\000i\000a\000b\000l\000e\000P\000r\000o\000c\000e\000s\000s\000i\000n\000g\000F\000u\000n\000c}{subsection.5.21.2}% 244
\BOOKMARK [2][-]{subsection.5.21.3}{\376\377\0005\000.\0002\0001\000.\0003\000\040\000C\000o\000n\000s\000t\000r\000u\000c\000t\000o\000r\000\040\000\046\000\040\000D\000e\000s\000t\000r\000u\000c\000t\000o\000r\000\040\000D\000o\000c\000u\000m\000e\000n\000t\000a\000t\000i\000o\000n}{section.5.21}% 245
\BOOKMARK [3][-]{subsubsection.5.21.3.1}{\376\377\0005\000.\0002\0001\000.\0003\000.\0001\000\040\000N\000e\000t\000C\000D\000F\000P\000r\000o\000c\000e\000s\000s\000o\000r\000\050\000\051}{subsection.5.21.3}% 246
\BOOKMARK [2][-]{subsection.5.21.4}{\376\377\0005\000.\0002\0001\000.\0004\000\040\000M\000e\000m\000b\000e\000r\000\040\000F\000u\000n\000c\000t\000i\000o\000n\000\040\000D\000o\000c\000u\000m\000e\000n\000t\000a\000t\000i\000o\000n}{section.5.21}% 247
\BOOKMARK [3][-]{subsubsection.5.21.4.1}{\376\377\0005\000.\0002\0001\000.\0004\000.\0001\000\040\000g\000e\000t\000N\000e\000t\000C\000D\000F\000V\000a\000r\000i\000a\000b\000l\000e\000\050\000\051}{subsection.5.21.4}% 248
\BOOKMARK [3][-]{subsubsection.5.21.4.2}{\376\377\0005\000.\0002\0001\000.\0004\000.\0002\000\040\000g\000e\000t\000T\000i\000m\000e\000V\000a\000l\000u\000e\000s\000\050\000\051}{subsection.5.21.4}% 249
\BOOKMARK [3][-]{subsubsection.5.21.4.3}{\376\377\0005\000.\0002\0001\000.\0004\000.\0003\000\040\000g\000e\000t\000V\000a\000r\000i\000a\000b\000l\000e\000D\000a\000t\000a\000\050\000\051}{subsection.5.21.4}% 250
\BOOKMARK [3][-]{subsubsection.5.21.4.4}{\376\377\0005\000.\0002\0001\000.\0004\000.\0004\000\040\000g\000e\000t\000V\000a\000r\000i\000a\000b\000l\000e\000D\000a\000t\000a\000A\000t\000T\000i\000m\000e\000\050\000\051}{subsection.5.21.4}% 251
\BOOKMARK [3][-]{subsubsection.5.21.4.5}{\376\377\0005\000.\0002\0001\000.\0004\000.\0005\000\040\000g\000e\000t\000V\000a\000r\000i\000a\000b\000l\000e\000D\000a\000t\000a\000A\000t\000T\000i\000m\000e\000R\000e\000f\000\050\000\051}{subsection.5.21.4}% 252
\BOOKMARK [3][-]{subsubsection.5.21.4.6}{\376\377\0005\000.\0002\0001\000.\0004\000.\0006\000\040\000g\000e\000t\000V\000a\000r\000i\000a\000b\000l\000e\000S\000h\000a\000p\000e\000\050\000\051}{subsection.5.21.4}% 253
\BOOKMARK [3][-]{subsubsection.5.21.4.7}{\376\377\0005\000.\0002\0001\000.\0004\000.\0007\000\040\000g\000e\000t\000V\000a\000r\000i\000a\000b\000l\000e\000T\000y\000p\000e\000\050\000\051}{subsection.5.21.4}% 254
\BOOKMARK [3][-]{subsubsection.5.21.4.8}{\376\377\0005\000.\0002\0001\000.\0004\000.\0008\000\040\000p\000r\000o\000c\000e\000s\000s\000V\000a\000r\000i\000a\000b\000l\000e\000s\000\050\000\051}{subsection.5.21.4}% 255
\BOOKMARK [1][-]{section.5.22}{\376\377\0005\000.\0002\0002\000\040\000P\000a\000c\000k\000e\000d\000P\000a\000r\000t\000i\000c\000l\000e\000\040\000S\000t\000r\000u\000c\000t\000\040\000R\000e\000f\000e\000r\000e\000n\000c\000e}{chapter.5}% 256
\BOOKMARK [2][-]{subsection.5.22.1}{\376\377\0005\000.\0002\0002\000.\0001\000\040\000D\000e\000t\000a\000i\000l\000e\000d\000\040\000D\000e\000s\000c\000r\000i\000p\000t\000i\000o\000n}{section.5.22}% 257
\BOOKMARK [2][-]{subsection.5.22.2}{\376\377\0005\000.\0002\0002\000.\0002\000\040\000M\000e\000m\000b\000e\000r\000\040\000D\000a\000t\000a\000\040\000D\000o\000c\000u\000m\000e\000n\000t\000a\000t\000i\000o\000n}{section.5.22}% 258
\BOOKMARK [3][-]{subsubsection.5.22.2.1}{\376\377\0005\000.\0002\0002\000.\0002\000.\0001\000\040\000f\000l\000a\000g\000s}{subsection.5.22.2}% 259
\BOOKMARK [3][-]{subsubsection.5.22.2.2}{\376\377\0005\000.\0002\0002\000.\0002\000.\0002\000\040\000l\000a\000t\0000\000\137\000q}{subsection.5.22.2}% 260
\BOOKMARK [3][-]{subsubsection.5.22.2.3}{\376\377\0005\000.\0002\0002\000.\0002\000.\0003\000\040\000l\000a\000t\0001\000\137\000q}{subsection.5.22.2}% 261
\BOOKMARK [3][-]{subsubsection.5.22.2.4}{\376\377\0005\000.\0002\0002\000.\0002\000.\0004\000\040\000l\000o\000n\0000\000\137\000q}{subsection.5.22.2}% 262
\BOOKMARK [3][-]{subsubsection.5.22.2.5}{\376\377\0005\000.\0002\0002\000.\0002\000.\0005\000\040\000l\000o\000n\0001\000\137\000q}{subsection.5.22.2}% 263
\BOOKMARK [3][-]{subsubsection.5.22.2.6}{\376\377\0005\000.\0002\0002\000.\0002\000.\0006\000\040\000t\0000\000\137\000s}{subsection.5.22.2}% 264
\BOOKMARK [3][-]{subsubsection.5.22.2.7}{\376\377\0005\000.\0002\0002\000.\0002\000.\0007\000\040\000t\0001\000\137\000s}{subsection.5.22.2}% 265
\BOOKMARK [1][-]{section.5.23}{\376\377\0005\000.\0002\0003\000\040\000P\000a\000r\000t\000i\000c\000l\000e\000<\000\040\000D\000T\000,\000\040\000T\000T\000\040\000>\000\040\000S\000t\000r\000u\000c\000t\000\040\000T\000e\000m\000p\000l\000a\000t\000e\000\040\000R\000e\000f\000e\000r\000e\000n\000c\000e}{chapter.5}% 266
\BOOKMARK [2][-]{subsection.5.23.1}{\376\377\0005\000.\0002\0003\000.\0001\000\040\000D\000e\000t\000a\000i\000l\000e\000d\000\040\000D\000e\000s\000c\000r\000i\000p\000t\000i\000o\000n}{section.5.23}% 267
\BOOKMARK [2][-]{subsection.5.23.2}{\376\377\0005\000.\0002\0003\000.\0002\000\040\000M\000e\000m\000b\000e\000r\000\040\000D\000a\000t\000a\000\040\000D\000o\000c\000u\000m\000e\000n\000t\000a\000t\000i\000o\000n}{section.5.23}% 268
\BOOKMARK [3][-]{subsubsection.5.23.2.1}{\376\377\0005\000.\0002\0003\000.\0002\000.\0001\000\040\000i\000n\000i\000t\000\137\000l\000a\000t}{subsection.5.23.2}% 269
\BOOKMARK [3][-]{subsubsection.5.23.2.2}{\376\377\0005\000.\0002\0003\000.\0002\000.\0002\000\040\000i\000n\000i\000t\000\137\000l\000o\000n}{subsection.5.23.2}% 270
\BOOKMARK [3][-]{subsubsection.5.23.2.3}{\376\377\0005\000.\0002\0003\000.\0002\000.\0003\000\040\000i\000n\000i\000t\000\137\000t\000i\000m\000e}{subsection.5.23.2}% 271
\BOOKMARK [3][-]{subsubsection.5.23.2.4}{\376\377\0005\000.\0002\0003\000.\0002\000.\0004\000\040\000l\000a\000t}{subsection.5.23.2}% 272
\BOOKMARK [3][-]{subsubsection.5.23.2.5}{\376\377\0005\000.\0002\0003\000.\0002\000.\0005\000\040\000l\000o\000n}{subsection.5.23.2}% 273
\BOOKMARK [3][-]{subsubsection.5.23.2.6}{\376\377\0005\000.\0002\0003\000.\0002\000.\0006\000\040\000r\000e\000a\000s\000o\000n}{subsection.5.23.2}% 274
\BOOKMARK [3][-]{subsubsection.5.23.2.7}{\376\377\0005\000.\0002\0003\000.\0002\000.\0007\000\040\000t\000i\000m\000e}{subsection.5.23.2}% 275
\BOOKMARK [1][-]{section.5.24}{\376\377\0005\000.\0002\0004\000\040\000p\000a\000r\000t\000i\000c\000l\000e\000\137\000t\000r\000a\000c\000k\000e\000r\000:\000:\000P\000a\000r\000t\000i\000c\000l\000e\000<\000\040\000D\000T\000,\000\040\000T\000T\000\040\000>\000\040\000S\000t\000r\000u\000c\000t\000\040\000T\000e\000m\000p\000l\000a\000t\000e\000\040\000R\000e\000f\000e\000r\000e\000n\000c\000e}{chapter.5}% 276
\BOOKMARK [2][-]{subsection.5.24.1}{\376\377\0005\000.\0002\0004\000.\0001\000\040\000D\000e\000t\000a\000i\000l\000e\000d\000\040\000D\000e\000s\000c\000r\000i\000p\000t\000i\000o\000n}{section.5.24}% 277
\BOOKMARK [2][-]{subsection.5.24.2}{\376\377\0005\000.\0002\0004\000.\0002\000\040\000M\000e\000m\000b\000e\000r\000\040\000D\000a\000t\000a\000\040\000D\000o\000c\000u\000m\000e\000n\000t\000a\000t\000i\000o\000n}{section.5.24}% 278
\BOOKMARK [3][-]{subsubsection.5.24.2.1}{\376\377\0005\000.\0002\0004\000.\0002\000.\0001\000\040\000i\000n\000i\000t\000\137\000l\000a\000t}{subsection.5.24.2}% 279
\BOOKMARK [3][-]{subsubsection.5.24.2.2}{\376\377\0005\000.\0002\0004\000.\0002\000.\0002\000\040\000i\000n\000i\000t\000\137\000l\000o\000n}{subsection.5.24.2}% 280
\BOOKMARK [3][-]{subsubsection.5.24.2.3}{\376\377\0005\000.\0002\0004\000.\0002\000.\0003\000\040\000i\000n\000i\000t\000\137\000t\000i\000m\000e}{subsection.5.24.2}% 281
\BOOKMARK [3][-]{subsubsection.5.24.2.4}{\376\377\0005\000.\0002\0004\000.\0002\000.\0004\000\040\000l\000a\000t}{subsection.5.24.2}% 282
\BOOKMARK [3][-]{subsubsection.5.24.2.5}{\376\377\0005\000.\0002\0004\000.\0002\000.\0005\000\040\000l\000o\000n}{subsection.5.24.2}% 283
\BOOKMARK [3][-]{subsubsection.5.24.2.6}{\376\377\0005\000.\0002\0004\000.\0002\000.\0006\000\040\000r\000e\000a\000s\000o\000n}{subsection.5.24.2}% 284
\BOOKMARK [3][-]{subsubsection.5.24.2.7}{\376\377\0005\000.\0002\0004\000.\0002\000.\0007\000\040\000t\000i\000m\000e}{subsection.5.24.2}% 285
\BOOKMARK [1][-]{section.5.25}{\376\377\0005\000.\0002\0005\000\040\000P\000a\000r\000t\000i\000c\000l\000e\000S\000t\000a\000t\000e\000\040\000S\000t\000r\000u\000c\000t\000\040\000R\000e\000f\000e\000r\000e\000n\000c\000e}{chapter.5}% 286
\BOOKMARK [2][-]{subsection.5.25.1}{\376\377\0005\000.\0002\0005\000.\0001\000\040\000D\000e\000t\000a\000i\000l\000e\000d\000\040\000D\000e\000s\000c\000r\000i\000p\000t\000i\000o\000n}{section.5.25}% 287
\BOOKMARK [2][-]{subsection.5.25.2}{\376\377\0005\000.\0002\0005\000.\0002\000\040\000M\000e\000m\000b\000e\000r\000\040\000D\000a\000t\000a\000\040\000D\000o\000c\000u\000m\000e\000n\000t\000a\000t\000i\000o\000n}{section.5.25}% 288
\BOOKMARK [3][-]{subsubsection.5.25.2.1}{\376\377\0005\000.\0002\0005\000.\0002\000.\0001\000\040\000h\000a\000s\000\137\000s\000t\000o\000p}{subsection.5.25.2}% 289
\BOOKMARK [3][-]{subsubsection.5.25.2.2}{\376\377\0005\000.\0002\0005\000.\0002\000.\0002\000\040\000i\000n\000i\000t\000\137\000i\000d\000x}{subsection.5.25.2}% 290
\BOOKMARK [3][-]{subsubsection.5.25.2.3}{\376\377\0005\000.\0002\0005\000.\0002\000.\0003\000\040\000l\000a\000t}{subsection.5.25.2}% 291
\BOOKMARK [3][-]{subsubsection.5.25.2.4}{\376\377\0005\000.\0002\0005\000.\0002\000.\0004\000\040\000l\000o\000n}{subsection.5.25.2}% 292
\BOOKMARK [3][-]{subsubsection.5.25.2.5}{\376\377\0005\000.\0002\0005\000.\0002\000.\0005\000\040\000r\000e\000a\000s\000o\000n}{subsection.5.25.2}% 293
\BOOKMARK [3][-]{subsubsection.5.25.2.6}{\376\377\0005\000.\0002\0005\000.\0002\000.\0006\000\040\000s\000e\000e\000d\000\137\000i\000d}{subsection.5.25.2}% 294
\BOOKMARK [3][-]{subsubsection.5.25.2.7}{\376\377\0005\000.\0002\0005\000.\0002\000.\0007\000\040\000s\000t\000o\000p\000\137\000i\000d\000x}{subsection.5.25.2}% 295
\BOOKMARK [3][-]{subsubsection.5.25.2.8}{\376\377\0005\000.\0002\0005\000.\0002\000.\0008\000\040\000s\000t\000o\000p\000\137\000l\000a\000t}{subsection.5.25.2}% 296
\BOOKMARK [3][-]{subsubsection.5.25.2.9}{\376\377\0005\000.\0002\0005\000.\0002\000.\0009\000\040\000s\000t\000o\000p\000\137\000l\000o\000n}{subsection.5.25.2}% 297
\BOOKMARK [3][-]{subsubsection.5.25.2.10}{\376\377\0005\000.\0002\0005\000.\0002\000.\0001\0000\000\040\000t\000i\000m\000e\000\137\000i\000d\000x}{subsection.5.25.2}% 298
\BOOKMARK [3][-]{subsubsection.5.25.2.11}{\376\377\0005\000.\0002\0005\000.\0002\000.\0001\0001\000\040\000t\000r\000a\000j}{subsection.5.25.2}% 299
\BOOKMARK [1][-]{section.5.26}{\376\377\0005\000.\0002\0006\000\040\000p\000a\000r\000t\000i\000c\000l\000e\000\137\000t\000r\000a\000c\000k\000e\000r\000:\000:\000P\000o\000i\000n\000t\000C\000l\000o\000u\000d\000<\000\040\000D\000a\000t\000a\000T\000y\000p\000e\000\040\000>\000\040\000S\000t\000r\000u\000c\000t\000\040\000T\000e\000m\000p\000l\000a\000t\000e\000\040\000R\000e\000f\000e\000r\000e\000n\000c\000e}{chapter.5}% 300
\BOOKMARK [2][-]{subsection.5.26.1}{\376\377\0005\000.\0002\0006\000.\0001\000\040\000D\000e\000t\000a\000i\000l\000e\000d\000\040\000D\000e\000s\000c\000r\000i\000p\000t\000i\000o\000n}{section.5.26}% 301
\BOOKMARK [2][-]{subsection.5.26.2}{\376\377\0005\000.\0002\0006\000.\0002\000\040\000M\000e\000m\000b\000e\000r\000\040\000F\000u\000n\000c\000t\000i\000o\000n\000\040\000D\000o\000c\000u\000m\000e\000n\000t\000a\000t\000i\000o\000n}{section.5.26}% 302
\BOOKMARK [3][-]{subsubsection.5.26.2.1}{\376\377\0005\000.\0002\0006\000.\0002\000.\0001\000\040\000d\000a\000t\000a\000\050\000\051}{subsection.5.26.2}% 303
\BOOKMARK [3][-]{subsubsection.5.26.2.2}{\376\377\0005\000.\0002\0006\000.\0002\000.\0002\000\040\000k\000d\000t\000r\000e\000e\000\137\000g\000e\000t\000\137\000b\000b\000o\000x\000\050\000\051}{subsection.5.26.2}% 304
\BOOKMARK [3][-]{subsubsection.5.26.2.3}{\376\377\0005\000.\0002\0006\000.\0002\000.\0003\000\040\000k\000d\000t\000r\000e\000e\000\137\000g\000e\000t\000\137\000p\000o\000i\000n\000t\000\137\000c\000o\000u\000n\000t\000\050\000\051}{subsection.5.26.2}% 305
\BOOKMARK [3][-]{subsubsection.5.26.2.4}{\376\377\0005\000.\0002\0006\000.\0002\000.\0004\000\040\000k\000d\000t\000r\000e\000e\000\137\000g\000e\000t\000\137\000p\000t\000\050\000\051}{subsection.5.26.2}% 306
\BOOKMARK [2][-]{subsection.5.26.3}{\376\377\0005\000.\0002\0006\000.\0003\000\040\000M\000e\000m\000b\000e\000r\000\040\000D\000a\000t\000a\000\040\000D\000o\000c\000u\000m\000e\000n\000t\000a\000t\000i\000o\000n}{section.5.26}% 307
\BOOKMARK [3][-]{subsubsection.5.26.3.1}{\376\377\0005\000.\0002\0006\000.\0003\000.\0001\000\040\000p\000t\000s}{subsection.5.26.3}% 308
\BOOKMARK [1][-]{section.5.27}{\376\377\0005\000.\0002\0007\000\040\000P\000o\000i\000n\000t\000C\000l\000o\000u\000d\000<\000\040\000D\000a\000t\000a\000T\000y\000p\000e\000\040\000>\000\040\000S\000t\000r\000u\000c\000t\000\040\000T\000e\000m\000p\000l\000a\000t\000e\000\040\000R\000e\000f\000e\000r\000e\000n\000c\000e}{chapter.5}% 309
\BOOKMARK [2][-]{subsection.5.27.1}{\376\377\0005\000.\0002\0007\000.\0001\000\040\000D\000e\000t\000a\000i\000l\000e\000d\000\040\000D\000e\000s\000c\000r\000i\000p\000t\000i\000o\000n}{section.5.27}% 310
\BOOKMARK [2][-]{subsection.5.27.2}{\376\377\0005\000.\0002\0007\000.\0002\000\040\000M\000e\000m\000b\000e\000r\000\040\000F\000u\000n\000c\000t\000i\000o\000n\000\040\000D\000o\000c\000u\000m\000e\000n\000t\000a\000t\000i\000o\000n}{section.5.27}% 311
\BOOKMARK [3][-]{subsubsection.5.27.2.1}{\376\377\0005\000.\0002\0007\000.\0002\000.\0001\000\040\000d\000a\000t\000a\000\050\000\051}{subsection.5.27.2}% 312
\BOOKMARK [3][-]{subsubsection.5.27.2.2}{\376\377\0005\000.\0002\0007\000.\0002\000.\0002\000\040\000k\000d\000t\000r\000e\000e\000\137\000g\000e\000t\000\137\000b\000b\000o\000x\000\050\000\051}{subsection.5.27.2}% 313
\BOOKMARK [3][-]{subsubsection.5.27.2.3}{\376\377\0005\000.\0002\0007\000.\0002\000.\0003\000\040\000k\000d\000t\000r\000e\000e\000\137\000g\000e\000t\000\137\000p\000o\000i\000n\000t\000\137\000c\000o\000u\000n\000t\000\050\000\051}{subsection.5.27.2}% 314
\BOOKMARK [3][-]{subsubsection.5.27.2.4}{\376\377\0005\000.\0002\0007\000.\0002\000.\0004\000\040\000k\000d\000t\000r\000e\000e\000\137\000g\000e\000t\000\137\000p\000t\000\050\000\051}{subsection.5.27.2}% 315
\BOOKMARK [2][-]{subsection.5.27.3}{\376\377\0005\000.\0002\0007\000.\0003\000\040\000M\000e\000m\000b\000e\000r\000\040\000D\000a\000t\000a\000\040\000D\000o\000c\000u\000m\000e\000n\000t\000a\000t\000i\000o\000n}{section.5.27}% 316
\BOOKMARK [3][-]{subsubsection.5.27.3.1}{\376\377\0005\000.\0002\0007\000.\0003\000.\0001\000\040\000p\000t\000s}{subsection.5.27.3}% 317
\BOOKMARK [1][-]{section.5.28}{\376\377\0005\000.\0002\0008\000\040\000p\000k\000d\0002\000:\000:\000R\000e\000a\000d\000e\000r\000\040\000C\000l\000a\000s\000s\000\040\000R\000e\000f\000e\000r\000e\000n\000c\000e}{chapter.5}% 318
\BOOKMARK [2][-]{subsection.5.28.1}{\376\377\0005\000.\0002\0008\000.\0001\000\040\000D\000e\000t\000a\000i\000l\000e\000d\000\040\000D\000e\000s\000c\000r\000i\000p\000t\000i\000o\000n}{section.5.28}% 319
\BOOKMARK [2][-]{subsection.5.28.2}{\376\377\0005\000.\0002\0008\000.\0002\000\040\000C\000o\000n\000s\000t\000r\000u\000c\000t\000o\000r\000\040\000\046\000\040\000D\000e\000s\000t\000r\000u\000c\000t\000o\000r\000\040\000D\000o\000c\000u\000m\000e\000n\000t\000a\000t\000i\000o\000n}{section.5.28}% 320
\BOOKMARK [3][-]{subsubsection.5.28.2.1}{\376\377\0005\000.\0002\0008\000.\0002\000.\0001\000\040\000R\000e\000a\000d\000e\000r\000\050\000\051}{subsection.5.28.2}% 321
\BOOKMARK [3][-]{subsubsection.5.28.2.2}{\376\377\0005\000.\0002\0008\000.\0002\000.\0002\000\040\000~\000R\000e\000a\000d\000e\000r\000\050\000\051}{subsection.5.28.2}% 322
\BOOKMARK [2][-]{subsection.5.28.3}{\376\377\0005\000.\0002\0008\000.\0003\000\040\000M\000e\000m\000b\000e\000r\000\040\000F\000u\000n\000c\000t\000i\000o\000n\000\040\000D\000o\000c\000u\000m\000e\000n\000t\000a\000t\000i\000o\000n}{section.5.28}% 323
\BOOKMARK [3][-]{subsubsection.5.28.3.1}{\376\377\0005\000.\0002\0008\000.\0003\000.\0001\000\040\000h\000a\000s\000\050\000\051}{subsection.5.28.3}% 324
\BOOKMARK [3][-]{subsubsection.5.28.3.2}{\376\377\0005\000.\0002\0008\000.\0003\000.\0002\000\040\000h\000e\000a\000d\000e\000r\000\050\000\051}{subsection.5.28.3}% 325
\BOOKMARK [3][-]{subsubsection.5.28.3.3}{\376\377\0005\000.\0002\0008\000.\0003\000.\0003\000\040\000r\000e\000a\000d\000\137\000t\000r\000a\000j\000\050\000\051}{subsection.5.28.3}% 326
\BOOKMARK [3][-]{subsubsection.5.28.3.4}{\376\377\0005\000.\0002\0008\000.\0003\000.\0004\000\040\000t\000o\000c\000\050\000\051}{subsection.5.28.3}% 327
\BOOKMARK [1][-]{section.5.29}{\376\377\0005\000.\0002\0009\000\040\000R\000e\000c\000o\000n\000G\000u\000a\000r\000d\000s\000\040\000S\000t\000r\000u\000c\000t\000\040\000R\000e\000f\000e\000r\000e\000n\000c\000e}{chapter.5}% 328
\BOOKMARK [2][-]{subsection.5.29.1}{\376\377\0005\000.\0002\0009\000.\0001\000\040\000D\000e\000t\000a\000i\000l\000e\000d\000\040\000D\000e\000s\000c\000r\000i\000p\000t\000i\000o\000n}{section.5.29}% 329
\BOOKMARK [2][-]{subsection.5.29.2}{\376\377\0005\000.\0002\0009\000.\0002\000\040\000M\000e\000m\000b\000e\000r\000\040\000D\000a\000t\000a\000\040\000D\000o\000c\000u\000m\000e\000n\000t\000a\000t\000i\000o\000n}{section.5.29}% 330
\BOOKMARK [3][-]{subsubsection.5.29.2.1}{\376\377\0005\000.\0002\0009\000.\0002\000.\0001\000\040\000m\000a\000x\000\137\000c\000u\000r\000r\000e\000n\000t\000\137\000m\000p\000s}{subsection.5.29.2}% 331
\BOOKMARK [3][-]{subsubsection.5.29.2.2}{\376\377\0005\000.\0002\0009\000.\0002\000.\0002\000\040\000m\000a\000x\000\137\000e\000m\000p\000t\000y\000\137\000n\000e\000i\000g\000h\000b\000o\000r\000s}{subsection.5.29.2}% 332
\BOOKMARK [3][-]{subsubsection.5.29.2.3}{\376\377\0005\000.\0002\0009\000.\0002\000.\0003\000\040\000s\000t\000e\000p\000\137\000s\000l\000a\000c\000k}{subsection.5.29.2}% 333
\BOOKMARK [1][-]{section.5.30}{\376\377\0005\000.\0003\0000\000\040\000S\000e\000e\000d\000I\000n\000i\000t\000\040\000S\000t\000r\000u\000c\000t\000\040\000R\000e\000f\000e\000r\000e\000n\000c\000e}{chapter.5}% 334
\BOOKMARK [2][-]{subsection.5.30.1}{\376\377\0005\000.\0003\0000\000.\0001\000\040\000D\000e\000t\000a\000i\000l\000e\000d\000\040\000D\000e\000s\000c\000r\000i\000p\000t\000i\000o\000n}{section.5.30}% 335
\BOOKMARK [2][-]{subsection.5.30.2}{\376\377\0005\000.\0003\0000\000.\0002\000\040\000M\000e\000m\000b\000e\000r\000\040\000D\000a\000t\000a\000\040\000D\000o\000c\000u\000m\000e\000n\000t\000a\000t\000i\000o\000n}{section.5.30}% 336
\BOOKMARK [3][-]{subsubsection.5.30.2.1}{\376\377\0005\000.\0003\0000\000.\0002\000.\0001\000\040\000h\000a\000s\000\137\000s\000t\000o\000p}{subsection.5.30.2}% 337
\BOOKMARK [3][-]{subsubsection.5.30.2.2}{\376\377\0005\000.\0003\0000\000.\0002\000.\0002\000\040\000l\000a\000t\000\137\000r\000a\000d}{subsection.5.30.2}% 338
\BOOKMARK [3][-]{subsubsection.5.30.2.3}{\376\377\0005\000.\0003\0000\000.\0002\000.\0003\000\040\000l\000a\000t\000\137\000s\000t\000a\000r\000t\000\137\000r\000a\000d}{subsection.5.30.2}% 339
\BOOKMARK [3][-]{subsubsection.5.30.2.4}{\376\377\0005\000.\0003\0000\000.\0002\000.\0004\000\040\000l\000a\000t\000\137\000s\000t\000o\000p\000\137\000r\000a\000d}{subsection.5.30.2}% 340
\BOOKMARK [3][-]{subsubsection.5.30.2.5}{\376\377\0005\000.\0003\0000\000.\0002\000.\0005\000\040\000l\000o\000n\000\137\000r\000a\000d}{subsection.5.30.2}% 341
\BOOKMARK [3][-]{subsubsection.5.30.2.6}{\376\377\0005\000.\0003\0000\000.\0002\000.\0006\000\040\000l\000o\000n\000\137\000s\000t\000a\000r\000t\000\137\000r\000a\000d}{subsection.5.30.2}% 342
\BOOKMARK [3][-]{subsubsection.5.30.2.7}{\376\377\0005\000.\0003\0000\000.\0002\000.\0007\000\040\000l\000o\000n\000\137\000s\000t\000o\000p\000\137\000r\000a\000d}{subsection.5.30.2}% 343
\BOOKMARK [3][-]{subsubsection.5.30.2.8}{\376\377\0005\000.\0003\0000\000.\0002\000.\0008\000\040\000s\000e\000e\000d\000\137\000i\000d}{subsection.5.30.2}% 344
\BOOKMARK [3][-]{subsubsection.5.30.2.9}{\376\377\0005\000.\0003\0000\000.\0002\000.\0009\000\040\000t\000\137\000s\000t\000a\000r\000t\000\137\000s}{subsection.5.30.2}% 345
\BOOKMARK [3][-]{subsubsection.5.30.2.10}{\376\377\0005\000.\0003\0000\000.\0002\000.\0001\0000\000\040\000t\000\137\000s\000t\000o\000p\000\137\000s}{subsection.5.30.2}% 346
\BOOKMARK [1][-]{section.5.31}{\376\377\0005\000.\0003\0001\000\040\000p\000a\000r\000t\000i\000c\000l\000e\000\137\000t\000r\000a\000c\000k\000e\000r\000:\000:\000T\000i\000m\000e\000S\000p\000l\000i\000n\000e\000<\000\040\000D\000a\000t\000a\000T\000y\000p\000e\000,\000\040\000T\000i\000m\000e\000T\000y\000p\000e\000\040\000>\000\040\000C\000l\000a\000s\000s\000\040\000T\000e\000m\000p\000l\000a\000t\000e\000\040\000R\000e\000f\000e\000r\000e\000n\000c\000e}{chapter.5}% 347
\BOOKMARK [2][-]{subsection.5.31.1}{\376\377\0005\000.\0003\0001\000.\0001\000\040\000D\000e\000t\000a\000i\000l\000e\000d\000\040\000D\000e\000s\000c\000r\000i\000p\000t\000i\000o\000n}{section.5.31}% 348
\BOOKMARK [2][-]{subsection.5.31.2}{\376\377\0005\000.\0003\0001\000.\0002\000\040\000M\000e\000m\000b\000e\000r\000\040\000F\000u\000n\000c\000t\000i\000o\000n\000\040\000D\000o\000c\000u\000m\000e\000n\000t\000a\000t\000i\000o\000n}{section.5.31}% 349
\BOOKMARK [3][-]{subsubsection.5.31.2.1}{\376\377\0005\000.\0003\0001\000.\0002\000.\0001\000\040\000c\000r\000e\000a\000t\000e\000S\000p\000l\000i\000n\000e\000\050\000\051}{subsection.5.31.2}% 350
\BOOKMARK [2][-]{subsection.5.31.3}{\376\377\0005\000.\0003\0001\000.\0003\000\040\000M\000e\000m\000b\000e\000r\000\040\000D\000a\000t\000a\000\040\000D\000o\000c\000u\000m\000e\000n\000t\000a\000t\000i\000o\000n}{section.5.31}% 351
\BOOKMARK [3][-]{subsubsection.5.31.3.1}{\376\377\0005\000.\0003\0001\000.\0003\000.\0001\000\040\000v\000a\000l\000u\000e\000s}{subsection.5.31.3}% 352
\BOOKMARK [1][-]{section.5.32}{\376\377\0005\000.\0003\0002\000\040\000T\000i\000m\000e\000S\000p\000l\000i\000n\000e\000<\000\040\000D\000a\000t\000a\000T\000y\000p\000e\000,\000\040\000T\000i\000m\000e\000T\000y\000p\000e\000\040\000>\000\040\000C\000l\000a\000s\000s\000\040\000T\000e\000m\000p\000l\000a\000t\000e\000\040\000R\000e\000f\000e\000r\000e\000n\000c\000e}{chapter.5}% 353
\BOOKMARK [2][-]{subsection.5.32.1}{\376\377\0005\000.\0003\0002\000.\0001\000\040\000D\000e\000t\000a\000i\000l\000e\000d\000\040\000D\000e\000s\000c\000r\000i\000p\000t\000i\000o\000n}{section.5.32}% 354
\BOOKMARK [2][-]{subsection.5.32.2}{\376\377\0005\000.\0003\0002\000.\0002\000\040\000M\000e\000m\000b\000e\000r\000\040\000F\000u\000n\000c\000t\000i\000o\000n\000\040\000D\000o\000c\000u\000m\000e\000n\000t\000a\000t\000i\000o\000n}{section.5.32}% 355
\BOOKMARK [3][-]{subsubsection.5.32.2.1}{\376\377\0005\000.\0003\0002\000.\0002\000.\0001\000\040\000c\000r\000e\000a\000t\000e\000S\000p\000l\000i\000n\000e\000\050\000\051}{subsection.5.32.2}% 356
\BOOKMARK [2][-]{subsection.5.32.3}{\376\377\0005\000.\0003\0002\000.\0003\000\040\000M\000e\000m\000b\000e\000r\000\040\000D\000a\000t\000a\000\040\000D\000o\000c\000u\000m\000e\000n\000t\000a\000t\000i\000o\000n}{section.5.32}% 357
\BOOKMARK [3][-]{subsubsection.5.32.3.1}{\376\377\0005\000.\0003\0002\000.\0003\000.\0001\000\040\000v\000a\000l\000u\000e\000s}{subsection.5.32.3}% 358
\BOOKMARK [1][-]{section.5.33}{\376\377\0005\000.\0003\0003\000\040\000p\000a\000r\000t\000i\000c\000l\000e\000\137\000t\000r\000a\000c\000k\000e\000r\000:\000:\000T\000i\000m\000e\000S\000t\000e\000p\000D\000a\000t\000a\000<\000\040\000D\000T\000,\000\040\000T\000T\000\040\000>\000\040\000S\000t\000r\000u\000c\000t\000\040\000T\000e\000m\000p\000l\000a\000t\000e\000\040\000R\000e\000f\000e\000r\000e\000n\000c\000e}{chapter.5}% 359
\BOOKMARK [2][-]{subsection.5.33.1}{\376\377\0005\000.\0003\0003\000.\0001\000\040\000D\000e\000t\000a\000i\000l\000e\000d\000\040\000D\000e\000s\000c\000r\000i\000p\000t\000i\000o\000n}{section.5.33}% 360
\BOOKMARK [2][-]{subsection.5.33.2}{\376\377\0005\000.\0003\0003\000.\0002\000\040\000M\000e\000m\000b\000e\000r\000\040\000D\000a\000t\000a\000\040\000D\000o\000c\000u\000m\000e\000n\000t\000a\000t\000i\000o\000n}{section.5.33}% 361
\BOOKMARK [3][-]{subsubsection.5.33.2.1}{\376\377\0005\000.\0003\0003\000.\0002\000.\0001\000\040\000t\000i\000m\000e\000\137\000v\000a\000l\000u\000e}{subsection.5.33.2}% 362
\BOOKMARK [3][-]{subsubsection.5.33.2.2}{\376\377\0005\000.\0003\0003\000.\0002\000.\0002\000\040\000v\000a\000r\000i\000a\000b\000l\000e\000\137\000d\000a\000t\000a}{subsection.5.33.2}% 363
\BOOKMARK [1][-]{section.5.34}{\376\377\0005\000.\0003\0004\000\040\000p\000k\000d\0002\000:\000:\000T\000o\000c\000E\000n\000t\000r\000y\000\040\000S\000t\000r\000u\000c\000t\000\040\000R\000e\000f\000e\000r\000e\000n\000c\000e}{chapter.5}% 364
\BOOKMARK [2][-]{subsection.5.34.1}{\376\377\0005\000.\0003\0004\000.\0001\000\040\000D\000e\000t\000a\000i\000l\000e\000d\000\040\000D\000e\000s\000c\000r\000i\000p\000t\000i\000o\000n}{section.5.34}% 365
\BOOKMARK [2][-]{subsection.5.34.2}{\376\377\0005\000.\0003\0004\000.\0002\000\040\000M\000e\000m\000b\000e\000r\000\040\000D\000a\000t\000a\000\040\000D\000o\000c\000u\000m\000e\000n\000t\000a\000t\000i\000o\000n}{section.5.34}% 366
\BOOKMARK [3][-]{subsubsection.5.34.2.1}{\376\377\0005\000.\0003\0004\000.\0002\000.\0001\000\040\000\137\000p\000a\000d}{subsection.5.34.2}% 367
\BOOKMARK [3][-]{subsubsection.5.34.2.2}{\376\377\0005\000.\0003\0004\000.\0002\000.\0002\000\040\000c\000o\000m\000p\000\137\000s\000i\000z\000e}{subsection.5.34.2}% 368
\BOOKMARK [3][-]{subsubsection.5.34.2.3}{\376\377\0005\000.\0003\0004\000.\0002\000.\0003\000\040\000f\000i\000l\000e\000\137\000o\000f\000f\000s\000e\000t}{subsection.5.34.2}% 369
\BOOKMARK [3][-]{subsubsection.5.34.2.4}{\376\377\0005\000.\0003\0004\000.\0002\000.\0004\000\040\000n\000\137\000p\000o\000i\000n\000t\000s}{subsection.5.34.2}% 370
\BOOKMARK [3][-]{subsubsection.5.34.2.5}{\376\377\0005\000.\0003\0004\000.\0002\000.\0005\000\040\000r\000a\000w\000\137\000s\000i\000z\000e}{subsection.5.34.2}% 371
\BOOKMARK [3][-]{subsubsection.5.34.2.6}{\376\377\0005\000.\0003\0004\000.\0002\000.\0006\000\040\000s\000e\000e\000d\000\137\000i\000d}{subsection.5.34.2}% 372
\BOOKMARK [3][-]{subsubsection.5.34.2.7}{\376\377\0005\000.\0003\0004\000.\0002\000.\0007\000\040\000s\000t\000a\000r\000t\000\137\000i\000n\000d\000e\000x}{subsection.5.34.2}% 373
\BOOKMARK [3][-]{subsubsection.5.34.2.8}{\376\377\0005\000.\0003\0004\000.\0002\000.\0008\000\040\000s\000t\000r\000i\000d\000e}{subsection.5.34.2}% 374
\BOOKMARK [1][-]{section.5.35}{\376\377\0005\000.\0003\0005\000\040\000T\000r\000a\000j\000e\000c\000t\000o\000r\000y\000\040\000S\000t\000r\000u\000c\000t\000\040\000R\000e\000f\000e\000r\000e\000n\000c\000e}{chapter.5}% 375
\BOOKMARK [2][-]{subsection.5.35.1}{\376\377\0005\000.\0003\0005\000.\0001\000\040\000D\000e\000t\000a\000i\000l\000e\000d\000\040\000D\000e\000s\000c\000r\000i\000p\000t\000i\000o\000n}{section.5.35}% 376
\BOOKMARK [2][-]{subsection.5.35.2}{\376\377\0005\000.\0003\0005\000.\0002\000\040\000M\000e\000m\000b\000e\000r\000\040\000F\000u\000n\000c\000t\000i\000o\000n\000\040\000D\000o\000c\000u\000m\000e\000n\000t\000a\000t\000i\000o\000n}{section.5.35}% 377
\BOOKMARK [3][-]{subsubsection.5.35.2.1}{\376\377\0005\000.\0003\0005\000.\0002\000.\0001\000\040\000a\000p\000p\000e\000n\000d\000\050\000\051}{subsection.5.35.2}% 378
\BOOKMARK [3][-]{subsubsection.5.35.2.2}{\376\377\0005\000.\0003\0005\000.\0002\000.\0002\000\040\000f\000l\000u\000s\000h\000\137\000t\000o\000\050\000\051}{subsection.5.35.2}% 379
\BOOKMARK [2][-]{subsection.5.35.3}{\376\377\0005\000.\0003\0005\000.\0003\000\040\000M\000e\000m\000b\000e\000r\000\040\000D\000a\000t\000a\000\040\000D\000o\000c\000u\000m\000e\000n\000t\000a\000t\000i\000o\000n}{section.5.35}% 380
\BOOKMARK [3][-]{subsubsection.5.35.3.1}{\376\377\0005\000.\0003\0005\000.\0003\000.\0001\000\040\000f\000i\000r\000s\000t\000\137\000i\000d\000x}{subsection.5.35.3}% 381
\BOOKMARK [3][-]{subsubsection.5.35.3.2}{\376\377\0005\000.\0003\0005\000.\0003\000.\0002\000\040\000l\000a\000t}{subsection.5.35.3}% 382
\BOOKMARK [3][-]{subsubsection.5.35.3.3}{\376\377\0005\000.\0003\0005\000.\0003\000.\0003\000\040\000l\000o\000n}{subsection.5.35.3}% 383
\BOOKMARK [3][-]{subsubsection.5.35.3.4}{\376\377\0005\000.\0003\0005\000.\0003\000.\0004\000\040\000s\000e\000e\000d\000\137\000i\000d}{subsection.5.35.3}% 384
\BOOKMARK [3][-]{subsubsection.5.35.3.5}{\376\377\0005\000.\0003\0005\000.\0003\000.\0005\000\040\000u}{subsection.5.35.3}% 385
\BOOKMARK [3][-]{subsubsection.5.35.3.6}{\376\377\0005\000.\0003\0005\000.\0003\000.\0006\000\040\000v}{subsection.5.35.3}% 386
\BOOKMARK [1][-]{section.5.36}{\376\377\0005\000.\0003\0006\000\040\000p\000a\000r\000t\000i\000c\000l\000e\000\137\000t\000r\000a\000c\000k\000e\000r\000:\000:\000V\000a\000r\000i\000a\000b\000l\000e\000D\000e\000r\000i\000v\000a\000t\000i\000v\000e\000s\000<\000\040\000D\000a\000t\000a\000T\000y\000p\000e\000\040\000>\000\040\000S\000t\000r\000u\000c\000t\000\040\000T\000e\000m\000p\000l\000a\000t\000e\000\040\000R\000e\000f\000e\000r\000e\000n\000c\000e}{chapter.5}% 387
\BOOKMARK [2][-]{subsection.5.36.1}{\376\377\0005\000.\0003\0006\000.\0001\000\040\000D\000e\000t\000a\000i\000l\000e\000d\000\040\000D\000e\000s\000c\000r\000i\000p\000t\000i\000o\000n}{section.5.36}% 388
\BOOKMARK [2][-]{subsection.5.36.2}{\376\377\0005\000.\0003\0006\000.\0002\000\040\000M\000e\000m\000b\000e\000r\000\040\000D\000a\000t\000a\000\040\000D\000o\000c\000u\000m\000e\000n\000t\000a\000t\000i\000o\000n}{section.5.36}% 389
\BOOKMARK [3][-]{subsubsection.5.36.2.1}{\376\377\0005\000.\0003\0006\000.\0002\000.\0001\000\040\000s\000p\000a\000t\000i\000a\000l\000\137\000d\000e\000r\000i\000v\000a\000t\000i\000v\000e\000\137\000x}{subsection.5.36.2}% 390
\BOOKMARK [3][-]{subsubsection.5.36.2.2}{\376\377\0005\000.\0003\0006\000.\0002\000.\0002\000\040\000s\000p\000a\000t\000i\000a\000l\000\137\000d\000e\000r\000i\000v\000a\000t\000i\000v\000e\000\137\000y}{subsection.5.36.2}% 391
\BOOKMARK [3][-]{subsubsection.5.36.2.3}{\376\377\0005\000.\0003\0006\000.\0002\000.\0003\000\040\000t\000i\000m\000e\000\137\000d\000e\000r\000i\000v\000a\000t\000i\000v\000e}{subsection.5.36.2}% 392
\BOOKMARK [3][-]{subsubsection.5.36.2.4}{\376\377\0005\000.\0003\0006\000.\0002\000.\0004\000\040\000v\000a\000l\000u\000e}{subsection.5.36.2}% 393
\BOOKMARK [1][-]{section.5.37}{\376\377\0005\000.\0003\0007\000\040\000p\000k\000d\0002\000:\000:\000W\000r\000i\000t\000e\000r\000\040\000C\000l\000a\000s\000s\000\040\000R\000e\000f\000e\000r\000e\000n\000c\000e}{chapter.5}% 394
\BOOKMARK [2][-]{subsection.5.37.1}{\376\377\0005\000.\0003\0007\000.\0001\000\040\000D\000e\000t\000a\000i\000l\000e\000d\000\040\000D\000e\000s\000c\000r\000i\000p\000t\000i\000o\000n}{section.5.37}% 395
\BOOKMARK [2][-]{subsection.5.37.2}{\376\377\0005\000.\0003\0007\000.\0002\000\040\000C\000o\000n\000s\000t\000r\000u\000c\000t\000o\000r\000\040\000\046\000\040\000D\000e\000s\000t\000r\000u\000c\000t\000o\000r\000\040\000D\000o\000c\000u\000m\000e\000n\000t\000a\000t\000i\000o\000n}{section.5.37}% 396
\BOOKMARK [3][-]{subsubsection.5.37.2.1}{\376\377\0005\000.\0003\0007\000.\0002\000.\0001\000\040\000W\000r\000i\000t\000e\000r\000\050\000\051}{subsection.5.37.2}% 397
\BOOKMARK [3][-]{subsubsection.5.37.2.2}{\376\377\0005\000.\0003\0007\000.\0002\000.\0002\000\040\000~\000W\000r\000i\000t\000e\000r\000\050\000\051}{subsection.5.37.2}% 398
\BOOKMARK [2][-]{subsection.5.37.3}{\376\377\0005\000.\0003\0007\000.\0003\000\040\000M\000e\000m\000b\000e\000r\000\040\000F\000u\000n\000c\000t\000i\000o\000n\000\040\000D\000o\000c\000u\000m\000e\000n\000t\000a\000t\000i\000o\000n}{section.5.37}% 399
\BOOKMARK [3][-]{subsubsection.5.37.3.1}{\376\377\0005\000.\0003\0007\000.\0003\000.\0001\000\040\000a\000d\000d\000\137\000t\000r\000a\000j\000\137\000r\000a\000d\000\050\000\051}{subsection.5.37.3}% 400
\BOOKMARK [3][-]{subsubsection.5.37.3.2}{\376\377\0005\000.\0003\0007\000.\0003\000.\0002\000\040\000c\000l\000o\000s\000e\000\050\000\051}{subsection.5.37.3}% 401
\BOOKMARK [0][-]{chapter.6}{\376\377\0006\000\040\000F\000i\000l\000e\000\040\000D\000o\000c\000u\000m\000e\000n\000t\000a\000t\000i\000o\000n}{}% 402
\BOOKMARK [1][-]{section.6.1}{\376\377\0006\000.\0001\000\040\000h\000p\000c\000\137\000p\000a\000r\000t\000i\000c\000l\000e\000s\000.\000c\000p\000p}{chapter.6}% 403
\BOOKMARK [1][-]{section.6.2}{\376\377\0006\000.\0002\000\040\000h\000p\000c\000\137\000t\000r\000a\000j\000e\000c\000t\000o\000r\000i\000e\000s\000.\000c\000p\000p}{chapter.6}% 404
\BOOKMARK [1][-]{section.6.3}{\376\377\0006\000.\0003\000\040\000d\000a\000t\000a\000\137\000p\000r\000e\000p\000\137\000u\000t\000i\000l\000s\000.\000h\000p\000p}{chapter.6}% 405
\BOOKMARK [1][-]{section.6.4}{\376\377\0006\000.\0004\000\040\000i\000n\000c\000l\000u\000d\000e\000/\000p\000a\000r\000t\000i\000c\000l\000e\000\137\000t\000r\000a\000c\000k\000e\000r\000/\000d\000e\000t\000a\000i\000l\000/\000d\000a\000t\000e\000t\000i\000m\000e\000\137\000u\000t\000i\000l\000s\000.\000h\000p\000p\000\040\000F\000i\000l\000e\000\040\000R\000e\000f\000e\000r\000e\000n\000c\000e}{chapter.6}% 406
\BOOKMARK [2][-]{subsection.6.4.1}{\376\377\0006\000.\0004\000.\0001\000\040\000D\000e\000t\000a\000i\000l\000e\000d\000\040\000D\000e\000s\000c\000r\000i\000p\000t\000i\000o\000n}{section.6.4}% 407
\BOOKMARK [3][-]{subsubsection.6.4.1.1}{\376\377\0006\000.\0004\000.\0001\000.\0001\000\040\000N\000o\000t\000e\000s\000\040\000/\000\040\000a\000s\000s\000u\000m\000p\000t\000i\000o\000n\000s}{subsection.6.4.1}% 408
\BOOKMARK [1][-]{section.6.5}{\376\377\0006\000.\0005\000\040\000d\000a\000t\000e\000t\000i\000m\000e\000\137\000u\000t\000i\000l\000s\000.\000h\000p\000p}{chapter.6}% 409
\BOOKMARK [1][-]{section.6.6}{\376\377\0006\000.\0006\000\040\000i\000n\000c\000l\000u\000d\000e\000/\000p\000a\000r\000t\000i\000c\000l\000e\000\137\000t\000r\000a\000c\000k\000e\000r\000/\000d\000e\000t\000a\000i\000l\000/\000n\000c\000d\000f\000\137\000u\000t\000i\000l\000s\000.\000h\000p\000p\000\040\000F\000i\000l\000e\000\040\000R\000e\000f\000e\000r\000e\000n\000c\000e}{chapter.6}% 410
\BOOKMARK [2][-]{subsection.6.6.1}{\376\377\0006\000.\0006\000.\0001\000\040\000D\000e\000t\000a\000i\000l\000e\000d\000\040\000D\000e\000s\000c\000r\000i\000p\000t\000i\000o\000n}{section.6.6}% 411
\BOOKMARK [3][-]{subsubsection.6.6.1.1}{\376\377\0006\000.\0006\000.\0001\000.\0001\000\040\000D\000e\000s\000i\000g\000n\000\040\000g\000o\000a\000l\000s}{subsection.6.6.1}% 412
\BOOKMARK [3][-]{subsubsection.6.6.1.2}{\376\377\0006\000.\0006\000.\0001\000.\0002\000\040\000I\000m\000p\000o\000r\000t\000a\000n\000t\000\040\000u\000n\000i\000t\000\040\000p\000o\000l\000i\000c\000y\000\040\000\050\000d\000o\000\040\000N\000O\000T\000\040\040\034\000f\000i\000x\040\035\000\040\000u\000n\000i\000t\000s\000\040\000h\000e\000r\000e\000\051}{subsection.6.6.1}% 413
\BOOKMARK [3][-]{subsubsection.6.6.1.3}{\376\377\0006\000.\0006\000.\0001\000.\0003\000\040\000M\000i\000s\000s\000i\000n\000g\000-\000v\000a\000l\000u\000e\000\040\000p\000o\000l\000i\000c\000y}{subsection.6.6.1}% 414
\BOOKMARK [3][-]{subsubsection.6.6.1.4}{\376\377\0006\000.\0006\000.\0001\000.\0004\000\040\000T\000i\000m\000e\000\040\000p\000o\000l\000i\000c\000y}{subsection.6.6.1}% 415
\BOOKMARK [3][-]{subsubsection.6.6.1.5}{\376\377\0006\000.\0006\000.\0001\000.\0005\000\040\000O\000p\000t\000i\000o\000n\000a\000l\000\040\000w\000a\000r\000n\000i\000n\000g\000\040\000/\000\040\000s\000t\000r\000i\000c\000t\000\040\000m\000o\000d\000e}{subsection.6.6.1}% 416
\BOOKMARK [2][-]{subsection.6.6.2}{\376\377\0006\000.\0006\000.\0002\000\040\000M\000a\000c\000r\000o\000\040\000D\000e\000f\000i\000n\000i\000t\000i\000o\000n\000\040\000D\000o\000c\000u\000m\000e\000n\000t\000a\000t\000i\000o\000n}{section.6.6}% 417
\BOOKMARK [3][-]{subsubsection.6.6.2.1}{\376\377\0006\000.\0006\000.\0002\000.\0001\000\040\000P\000A\000R\000T\000I\000C\000L\000E\000\137\000T\000R\000A\000C\000K\000E\000R\000\137\000N\000C\000D\000F\000\137\000S\000T\000R\000I\000C\000T}{subsection.6.6.2}% 418
\BOOKMARK [3][-]{subsubsection.6.6.2.2}{\376\377\0006\000.\0006\000.\0002\000.\0002\000\040\000P\000A\000R\000T\000I\000C\000L\000E\000\137\000T\000R\000A\000C\000K\000E\000R\000\137\000N\000C\000D\000F\000\137\000W\000A\000R\000N}{subsection.6.6.2}% 419
\BOOKMARK [2][-]{subsection.6.6.3}{\376\377\0006\000.\0006\000.\0003\000\040\000F\000u\000n\000c\000t\000i\000o\000n\000\040\000D\000o\000c\000u\000m\000e\000n\000t\000a\000t\000i\000o\000n}{section.6.6}% 420
\BOOKMARK [3][-]{subsubsection.6.6.3.1}{\376\377\0006\000.\0006\000.\0003\000.\0001\000\040\000c\000h\000e\000c\000k\000F\000i\000l\000e\000H\000e\000a\000d\000e\000r\000s\000\050\000\051}{subsection.6.6.3}% 421
\BOOKMARK [3][-]{subsubsection.6.6.3.2}{\376\377\0006\000.\0006\000.\0003\000.\0002\000\040\000t\000o\000\137\000l\000o\000w\000e\000r\000\050\000\051}{subsection.6.6.3}% 422
\BOOKMARK [3][-]{subsubsection.6.6.3.3}{\376\377\0006\000.\0006\000.\0003\000.\0003\000\040\000w\000a\000r\000n\000\137\000o\000n\000c\000e\000\050\000\051}{subsection.6.6.3}% 423
\BOOKMARK [3][-]{subsubsection.6.6.3.4}{\376\377\0006\000.\0006\000.\0003\000.\0004\000\040\000w\000a\000r\000n\000\137\000o\000n\000c\000e\000\137\000p\000e\000r\000\137\000f\000i\000l\000e\000\050\000\051}{subsection.6.6.3}% 424
\BOOKMARK [1][-]{section.6.7}{\376\377\0006\000.\0007\000\040\000n\000c\000d\000f\000\137\000u\000t\000i\000l\000s\000.\000h\000p\000p}{chapter.6}% 425
\BOOKMARK [1][-]{section.6.8}{\376\377\0006\000.\0008\000\040\000f\000i\000x\000e\000d\000\137\000p\000o\000i\000n\000t\000\137\000c\000o\000r\000e\000.\000h\000p\000p}{chapter.6}% 426
\BOOKMARK [1][-]{section.6.9}{\376\377\0006\000.\0009\000\040\000f\000i\000x\000e\000d\000\137\000p\000o\000i\000n\000t\000\137\000i\000o\000\137\000c\000o\000d\000e\000c\000.\000h\000p\000p}{chapter.6}% 427
\BOOKMARK [1][-]{section.6.10}{\376\377\0006\000.\0001\0000\000\040\000f\000i\000x\000e\000d\000\137\000p\000o\000i\000n\000t\000\137\000p\000k\000d\0001\000\137\000i\000o\000.\000h\000p\000p}{chapter.6}% 428
\BOOKMARK [1][-]{section.6.11}{\376\377\0006\000.\0001\0001\000\040\000f\000i\000x\000e\000d\000\137\000p\000o\000i\000n\000t\000\137\000p\000k\000d\0002\000.\000h\000p\000p}{chapter.6}% 429
\BOOKMARK [1][-]{section.6.12}{\376\377\0006\000.\0001\0002\000\040\000p\000k\000\137\000c\000o\000n\000f\000i\000g\000.\000h\000p\000p}{chapter.6}% 430
\BOOKMARK [1][-]{section.6.13}{\376\377\0006\000.\0001\0003\000\040\000i\000n\000c\000l\000u\000d\000e\000/\000p\000a\000r\000t\000i\000c\000l\000e\000\137\000t\000r\000a\000c\000k\000e\000r\000/\000g\000e\000o\000g\000r\000a\000p\000h\000y\000\137\000u\000t\000i\000l\000s\000.\000h\000p\000p\000\040\000F\000i\000l\000e\000\040\000R\000e\000f\000e\000r\000e\000n\000c\000e}{chapter.6}% 431
\BOOKMARK [2][-]{subsection.6.13.1}{\376\377\0006\000.\0001\0003\000.\0001\000\040\000D\000e\000t\000a\000i\000l\000e\000d\000\040\000D\000e\000s\000c\000r\000i\000p\000t\000i\000o\000n}{section.6.13}% 432
\BOOKMARK [3][-]{subsubsection.6.13.1.1}{\376\377\0006\000.\0001\0003\000.\0001\000.\0001\000\040\000C\000o\000n\000v\000e\000n\000t\000i\000o\000n\000s}{subsection.6.13.1}% 433
\BOOKMARK [3][-]{subsubsection.6.13.1.2}{\376\377\0006\000.\0001\0003\000.\0001\000.\0002\000\040\000E\000r\000r\000o\000r\000\040\000p\000o\000l\000i\000c\000y\000\040\000/\000\040\000"\000d\000o\000n\000\047\000t\000\040\000r\000u\000i\000n\000\040\000t\000h\000e\000\040\000s\000i\000m\000u\000l\000a\000t\000i\000o\000n\000"}{subsection.6.13.1}% 434
\BOOKMARK [3][-]{subsubsection.6.13.1.3}{\376\377\0006\000.\0001\0003\000.\0001\000.\0003\000\040\000O\000p\000t\000i\000o\000n\000a\000l\000\040\000w\000a\000r\000n\000i\000n\000g\000\040\000c\000o\000n\000t\000r\000o\000l}{subsection.6.13.1}% 435
\BOOKMARK [2][-]{subsection.6.13.2}{\376\377\0006\000.\0001\0003\000.\0002\000\040\000M\000a\000c\000r\000o\000\040\000D\000e\000f\000i\000n\000i\000t\000i\000o\000n\000\040\000D\000o\000c\000u\000m\000e\000n\000t\000a\000t\000i\000o\000n}{section.6.13}% 436
\BOOKMARK [3][-]{subsubsection.6.13.2.1}{\376\377\0006\000.\0001\0003\000.\0002\000.\0001\000\040\000P\000A\000R\000T\000I\000C\000L\000E\000\137\000T\000R\000A\000C\000K\000E\000R\000\137\000G\000C\000D\000\137\000D\000E\000R\000I\000V\000\137\000W\000A\000R\000N}{subsection.6.13.2}% 437
\BOOKMARK [3][-]{subsubsection.6.13.2.2}{\376\377\0006\000.\0001\0003\000.\0002\000.\0002\000\040\000P\000A\000R\000T\000I\000C\000L\000E\000\137\000T\000R\000A\000C\000K\000E\000R\000\137\000G\000C\000D\000\137\000D\000E\000R\000I\000V\000\137\000W\000A\000R\000N\000\137\000A\000L\000W\000A\000Y\000S}{subsection.6.13.2}% 438
\BOOKMARK [2][-]{subsection.6.13.3}{\376\377\0006\000.\0001\0003\000.\0003\000\040\000F\000u\000n\000c\000t\000i\000o\000n\000\040\000D\000o\000c\000u\000m\000e\000n\000t\000a\000t\000i\000o\000n}{section.6.13}% 439
\BOOKMARK [3][-]{subsubsection.6.13.3.1}{\376\377\0006\000.\0001\0003\000.\0003\000.\0001\000\040\000c\000l\000a\000m\000p\000\050\000\051}{subsection.6.13.3}% 440
\BOOKMARK [3][-]{subsubsection.6.13.3.2}{\376\377\0006\000.\0001\0003\000.\0003\000.\0002\000\040\000G\000C\000D\000\050\000\051}{subsection.6.13.3}% 441
\BOOKMARK [3][-]{subsubsection.6.13.3.3}{\376\377\0006\000.\0001\0003\000.\0003\000.\0003\000\040\000G\000C\000D\000\137\000d\000e\000r\000i\000v\000\050\000\051}{subsection.6.13.3}% 442
\BOOKMARK [3][-]{subsubsection.6.13.3.4}{\376\377\0006\000.\0001\0003\000.\0003\000.\0004\000\040\000i\000n\000v\000e\000r\000s\000e\000T\000r\000a\000n\000s\000f\000o\000r\000m\000\050\000\051}{subsection.6.13.3}% 443
\BOOKMARK [1][-]{section.6.14}{\376\377\0006\000.\0001\0004\000\040\000g\000e\000o\000g\000r\000a\000p\000h\000y\000\137\000u\000t\000i\000l\000s\000.\000h\000p\000p}{chapter.6}% 444
\BOOKMARK [1][-]{section.6.15}{\376\377\0006\000.\0001\0005\000\040\000i\000n\000c\000l\000u\000d\000e\000/\000p\000a\000r\000t\000i\000c\000l\000e\000\137\000t\000r\000a\000c\000k\000e\000r\000/\000i\000n\000t\000e\000r\000p\000o\000l\000a\000t\000i\000o\000n\000\137\000u\000t\000i\000l\000s\000.\000h\000p\000p\000\040\000F\000i\000l\000e\000\040\000R\000e\000f\000e\000r\000e\000n\000c\000e}{chapter.6}% 445
\BOOKMARK [2][-]{subsection.6.15.1}{\376\377\0006\000.\0001\0005\000.\0001\000\040\000D\000e\000t\000a\000i\000l\000e\000d\000\040\000D\000e\000s\000c\000r\000i\000p\000t\000i\000o\000n}{section.6.15}% 446
\BOOKMARK [3][-]{subsubsection.6.15.1.1}{\376\377\0006\000.\0001\0005\000.\0001\000.\0001\000\040\000W\000h\000a\000t\000\040\000t\000h\000i\000s\000\040\000h\000e\000a\000d\000e\000r\000\040\000p\000r\000o\000v\000i\000d\000e\000s}{subsection.6.15.1}% 447
\BOOKMARK [3][-]{subsubsection.6.15.1.2}{\376\377\0006\000.\0001\0005\000.\0001\000.\0002\000\040\000C\000o\000o\000r\000d\000i\000n\000a\000t\000e\000\040\000c\000o\000n\000v\000e\000n\000t\000i\000o\000n\000s}{subsection.6.15.1}% 448
\BOOKMARK [3][-]{subsubsection.6.15.1.3}{\376\377\0006\000.\0001\0005\000.\0001\000.\0003\000\040\000D\000e\000p\000e\000n\000d\000e\000n\000c\000i\000e\000s}{subsection.6.15.1}% 449
\BOOKMARK [3][-]{subsubsection.6.15.1.4}{\376\377\0006\000.\0001\0005\000.\0001\000.\0004\000\040\000E\000r\000r\000o\000r\000\040\000p\000o\000l\000i\000c\000y}{subsection.6.15.1}% 450
\BOOKMARK [3][-]{subsubsection.6.15.1.5}{\376\377\0006\000.\0001\0005\000.\0001\000.\0005\000\040\000T\000h\000r\000e\000a\000d\000i\000n\000g}{subsection.6.15.1}% 451
\BOOKMARK [2][-]{subsection.6.15.2}{\376\377\0006\000.\0001\0005\000.\0002\000\040\000M\000a\000c\000r\000o\000\040\000D\000e\000f\000i\000n\000i\000t\000i\000o\000n\000\040\000D\000o\000c\000u\000m\000e\000n\000t\000a\000t\000i\000o\000n}{section.6.15}% 452
\BOOKMARK [3][-]{subsubsection.6.15.2.1}{\376\377\0006\000.\0001\0005\000.\0002\000.\0001\000\040\000P\000A\000R\000T\000I\000C\000L\000E\000\137\000T\000R\000A\000C\000K\000E\000R\000\137\000H\000A\000S\000\137\000N\000A\000N\000O\000F\000L\000A\000N\000N}{subsection.6.15.2}% 453
\BOOKMARK [2][-]{subsection.6.15.3}{\376\377\0006\000.\0001\0005\000.\0003\000\040\000T\000y\000p\000e\000d\000e\000f\000\040\000D\000o\000c\000u\000m\000e\000n\000t\000a\000t\000i\000o\000n}{section.6.15}% 454
\BOOKMARK [3][-]{subsubsection.6.15.3.1}{\376\377\0006\000.\0001\0005\000.\0003\000.\0001\000\040\000K\000D\000T\000r\000e\000e}{subsection.6.15.3}% 455
\BOOKMARK [3][-]{subsubsection.6.15.3.2}{\376\377\0006\000.\0001\0005\000.\0003\000.\0002\000\040\000p\000o\000i\000n\000t}{subsection.6.15.3}% 456
\BOOKMARK [2][-]{subsection.6.15.4}{\376\377\0006\000.\0001\0005\000.\0004\000\040\000F\000u\000n\000c\000t\000i\000o\000n\000\040\000D\000o\000c\000u\000m\000e\000n\000t\000a\000t\000i\000o\000n}{section.6.15}% 457
\BOOKMARK [3][-]{subsubsection.6.15.4.1}{\376\377\0006\000.\0001\0005\000.\0004\000.\0001\000\040\000p\000t\000\137\000w\000r\000a\000p\000\137\000l\000o\000n\000\050\000\051}{subsection.6.15.4}% 458
\BOOKMARK [2][-]{subsection.6.15.5}{\376\377\0006\000.\0001\0005\000.\0005\000\040\000V\000a\000r\000i\000a\000b\000l\000e\000\040\000D\000o\000c\000u\000m\000e\000n\000t\000a\000t\000i\000o\000n}{section.6.15}% 459
\BOOKMARK [3][-]{subsubsection.6.15.5.1}{\376\377\0006\000.\0001\0005\000.\0005\000.\0001\000\040\000d\000t\000t}{subsection.6.15.5}% 460
\BOOKMARK [3][-]{subsubsection.6.15.5.2}{\376\377\0006\000.\0001\0005\000.\0005\000.\0002\000\040\000p\000t\000\137\000p\000i}{subsection.6.15.5}% 461
\BOOKMARK [3][-]{subsubsection.6.15.5.3}{\376\377\0006\000.\0001\0005\000.\0005\000.\0003\000\040\000p\000t\000\137\000t\000w\000o\000\137\000p\000i}{subsection.6.15.5}% 462
\BOOKMARK [1][-]{section.6.16}{\376\377\0006\000.\0001\0006\000\040\000i\000n\000t\000e\000r\000p\000o\000l\000a\000t\000i\000o\000n\000\137\000u\000t\000i\000l\000s\000.\000h\000p\000p}{chapter.6}% 463
\BOOKMARK [1][-]{section.6.17}{\376\377\0006\000.\0001\0007\000\040\000s\000e\000e\000d\000\137\000l\000o\000a\000d\000e\000r\000\137\000v\0002\000.\000h\000p\000p}{chapter.6}% 464
